Archive member included to satisfy reference by file (symbol)

c:/program files (x86)/atollic/truestudio for arm 5.5.1/armtools/bin/../lib/gcc/arm-atollic-eabi/5.3.1/../../../../arm-atollic-eabi/lib/armv7e-m/fpu\libc_nano.a(lib_a-init.o)
                              src\startup_stm32f407xx.o (__libc_init_array)
c:/program files (x86)/atollic/truestudio for arm 5.5.1/armtools/bin/../lib/gcc/arm-atollic-eabi/5.3.1/../../../../arm-atollic-eabi/lib/armv7e-m/fpu\libc_nano.a(lib_a-strlen.o)
                              src\tiny_printf.o (strlen)
c:/program files (x86)/atollic/truestudio for arm 5.5.1/armtools/bin/../lib/gcc/arm-atollic-eabi/5.3.1/../../../../arm-atollic-eabi/lib/armv7e-m/fpu\libnosys.a(write.o)
                              src\tiny_printf.o (_write)
c:/program files (x86)/atollic/truestudio for arm 5.5.1/armtools/bin/../lib/gcc/arm-atollic-eabi/5.3.1/../../../../arm-atollic-eabi/lib/armv7e-m/fpu\libnosys.a(errno.o)
                              c:/program files (x86)/atollic/truestudio for arm 5.5.1/armtools/bin/../lib/gcc/arm-atollic-eabi/5.3.1/../../../../arm-atollic-eabi/lib/armv7e-m/fpu\libnosys.a(write.o) (errno)

Allocating common symbols
Common symbol       size              file

htim4               0x3c              src\main.o
errno               0x4               c:/program files (x86)/atollic/truestudio for arm 5.5.1/armtools/bin/../lib/gcc/arm-atollic-eabi/5.3.1/../../../../arm-atollic-eabi/lib/armv7e-m/fpu\libnosys.a(errno.o)
uwTick              0x4               Libraries\STM32F4xx_HAL_Driver\Src\stm32f4xx_hal.o
pFlash              0x20              Libraries\STM32F4xx_HAL_Driver\Src\stm32f4xx_hal_flash.o
sConfigTim4         0x1c              src\main.o
Y_Offset            0x2               src\main.o
Filter              0x34              Libraries\BSP\STM32F4-Discovery\stm32f4_discovery_audio.o
X_Offset            0x2               src\main.o
hAudioOutI2s        0x44              Libraries\BSP\STM32F4-Discovery\stm32f4_discovery_audio.o
aBufferTS           0xa               Libraries\BSP\Components\exc7200\exc7200.o
Buffer              0x6               src\main.o
TimHandle           0x3c              Libraries\STM32F4xx_HAL_Driver\Src\stm32f4xx_hal_timebase_tim_template.o
hAudioInI2s         0x44              Libraries\BSP\STM32F4-Discovery\stm32f4_discovery_audio.o

Discarded input sections

 .text          0x00000000        0x0 c:/program files (x86)/atollic/truestudio for arm 5.5.1/armtools/bin/../lib/gcc/arm-atollic-eabi/5.3.1/armv7e-m/fpu/crti.o
 .data          0x00000000        0x0 c:/program files (x86)/atollic/truestudio for arm 5.5.1/armtools/bin/../lib/gcc/arm-atollic-eabi/5.3.1/armv7e-m/fpu/crti.o
 .bss           0x00000000        0x0 c:/program files (x86)/atollic/truestudio for arm 5.5.1/armtools/bin/../lib/gcc/arm-atollic-eabi/5.3.1/armv7e-m/fpu/crti.o
 .data          0x00000000        0x4 c:/program files (x86)/atollic/truestudio for arm 5.5.1/armtools/bin/../lib/gcc/arm-atollic-eabi/5.3.1/armv7e-m/fpu/crtbegin.o
 .text          0x00000000        0x0 src\tiny_printf.o
 .data          0x00000000        0x0 src\tiny_printf.o
 .bss           0x00000000        0x0 src\tiny_printf.o
 .text.ts_itoa  0x00000000       0x94 src\tiny_printf.o
 .text.ts_formatstring
                0x00000000      0x130 src\tiny_printf.o
 .text.ts_formatlength
                0x00000000      0x12c src\tiny_printf.o
 .text.siprintf
                0x00000000       0x2c src\tiny_printf.o
 .text.fiprintf
                0x00000000       0x9c src\tiny_printf.o
 .text.iprintf  0x00000000       0x94 src\tiny_printf.o
 .rodata        0x00000000        0x2 src\tiny_printf.o
 .text.fputs    0x00000000       0x68 src\tiny_printf.o
 .text.puts     0x00000000       0x58 src\tiny_printf.o
 .text.fwrite   0x00000000       0x38 src\tiny_printf.o
 .debug_info    0x00000000      0xbcb src\tiny_printf.o
 .debug_abbrev  0x00000000      0x248 src\tiny_printf.o
 .debug_aranges
                0x00000000       0x60 src\tiny_printf.o
 .debug_ranges  0x00000000       0x50 src\tiny_printf.o
 .debug_line    0x00000000      0x2b9 src\tiny_printf.o
 .debug_str     0x00000000      0x602 src\tiny_printf.o
 .comment       0x00000000       0x7f src\tiny_printf.o
 .debug_frame   0x00000000      0x1bc src\tiny_printf.o
 .ARM.attributes
                0x00000000       0x39 src\tiny_printf.o
 .text          0x00000000        0x0 src\system_stm32f4xx.o
 .data          0x00000000        0x0 src\system_stm32f4xx.o
 .bss           0x00000000        0x0 src\system_stm32f4xx.o
 .data.AHBPrescTable
                0x00000000       0x10 src\system_stm32f4xx.o
 .text.SystemCoreClockUpdate
                0x00000000       0xfc src\system_stm32f4xx.o
 .text          0x00000000        0x0 src\stm32f4xx_it.o
 .data          0x00000000        0x0 src\stm32f4xx_it.o
 .bss           0x00000000        0x0 src\stm32f4xx_it.o
[...]
Memory Configuration

Name             Origin             Length             Attributes
FLASH            0x08000000         0x00100000         xr
RAM              0x20000000         0x00020000         xrw
MEMORY_B1        0x60000000         0x00000000         xr
CCMRAM           0x10000000         0x00010000         rw
*default*        0x00000000         0xffffffff

Linker script and memory map

LOAD c:/program files (x86)/atollic/truestudio for arm 5.5.1/armtools/bin/../lib/gcc/arm-atollic-eabi/5.3.1/armv7e-m/fpu/crti.o
LOAD c:/program files (x86)/atollic/truestudio for arm 5.5.1/armtools/bin/../lib/gcc/arm-atollic-eabi/5.3.1/armv7e-m/fpu/crtbegin.o
LOAD src\tiny_printf.o
LOAD src\system_stm32f4xx.o
LOAD src\stm32f4xx_it.o
LOAD src\stm32f4xx_hal_msp.o
LOAD src\startup_stm32f407xx.o
LOAD src\main.o
LOAD Libraries\STM32F4xx_HAL_Driver\Src\stm32f4xx_ll_usb.o
LOAD Libraries\STM32F4xx_HAL_Driver\Src\stm32f4xx_ll_sdmmc.o
LOAD Libraries\STM32F4xx_HAL_Driver\Src\stm32f4xx_ll_fsmc.o
LOAD Libraries\STM32F4xx_HAL_Driver\Src\stm32f4xx_ll_fmc.o
LOAD Libraries\STM32F4xx_HAL_Driver\Src\stm32f4xx_hal_wwdg.o
LOAD Libraries\STM32F4xx_HAL_Driver\Src\stm32f4xx_hal_usart.o
LOAD Libraries\STM32F4xx_HAL_Driver\Src\stm32f4xx_hal_uart.o
LOAD Libraries\STM32F4xx_HAL_Driver\Src\stm32f4xx_hal_timebase_tim_template.o
LOAD Libraries\STM32F4xx_HAL_Driver\Src\stm32f4xx_hal_tim_ex.o
LOAD Libraries\STM32F4xx_HAL_Driver\Src\stm32f4xx_hal_tim.o
LOAD Libraries\STM32F4xx_HAL_Driver\Src\stm32f4xx_hal_sram.o
LOAD Libraries\STM32F4xx_HAL_Driver\Src\stm32f4xx_hal_spi.o
LOAD Libraries\STM32F4xx_HAL_Driver\Src\stm32f4xx_hal_spdifrx.o
LOAD Libraries\STM32F4xx_HAL_Driver\Src\stm32f4xx_hal_smartcard.o
LOAD Libraries\STM32F4xx_HAL_Driver\Src\stm32f4xx_hal_sdram.o
LOAD Libraries\STM32F4xx_HAL_Driver\Src\stm32f4xx_hal_sd.o
LOAD Libraries\STM32F4xx_HAL_Driver\Src\stm32f4xx_hal_sai_ex.o
LOAD Libraries\STM32F4xx_HAL_Driver\Src\stm32f4xx_hal_sai.o
LOAD Libraries\STM32F4xx_HAL_Driver\Src\stm32f4xx_hal_rtc_ex.o
LOAD Libraries\STM32F4xx_HAL_Driver\Src\stm32f4xx_hal_rtc.o
LOAD Libraries\STM32F4xx_HAL_Driver\Src\stm32f4xx_hal_rng.o
LOAD Libraries\STM32F4xx_HAL_Driver\Src\stm32f4xx_hal_rcc_ex.o
LOAD Libraries\STM32F4xx_HAL_Driver\Src\stm32f4xx_hal_rcc.o
LOAD Libraries\STM32F4xx_HAL_Driver\Src\stm32f4xx_hal_qspi.o
LOAD Libraries\STM32F4xx_HAL_Driver\Src\stm32f4xx_hal_pwr_ex.o
LOAD Libraries\STM32F4xx_HAL_Driver\Src\stm32f4xx_hal_pwr.o
LOAD Libraries\STM32F4xx_HAL_Driver\Src\stm32f4xx_hal_pcd_ex.o
LOAD Libraries\STM32F4xx_HAL_Driver\Src\stm32f4xx_hal_pcd.o
LOAD Libraries\STM32F4xx_HAL_Driver\Src\stm32f4xx_hal_pccard.o
LOAD Libraries\STM32F4xx_HAL_Driver\Src\stm32f4xx_hal_nor.o
LOAD Libraries\STM32F4xx_HAL_Driver\Src\stm32f4xx_hal_nand.o
LOAD Libraries\STM32F4xx_HAL_Driver\Src\stm32f4xx_hal_ltdc_ex.o
LOAD Libraries\STM32F4xx_HAL_Driver\Src\stm32f4xx_hal_ltdc.o
LOAD Libraries\STM32F4xx_HAL_Driver\Src\stm32f4xx_hal_lptim.o
LOAD Libraries\STM32F4xx_HAL_Driver\Src\stm32f4xx_hal_iwdg.o
LOAD Libraries\STM32F4xx_HAL_Driver\Src\stm32f4xx_hal_irda.o
LOAD Libraries\STM32F4xx_HAL_Driver\Src\stm32f4xx_hal_i2s_ex.o
LOAD Libraries\STM32F4xx_HAL_Driver\Src\stm32f4xx_hal_i2s.o
LOAD Libraries\STM32F4xx_HAL_Driver\Src\stm32f4xx_hal_i2c_ex.o
LOAD Libraries\STM32F4xx_HAL_Driver\Src\stm32f4xx_hal_i2c.o
LOAD Libraries\STM32F4xx_HAL_Driver\Src\stm32f4xx_hal_hcd.o
LOAD Libraries\STM32F4xx_HAL_Driver\Src\stm32f4xx_hal_hash_ex.o
LOAD Libraries\STM32F4xx_HAL_Driver\Src\stm32f4xx_hal_hash.o
LOAD Libraries\STM32F4xx_HAL_Driver\Src\stm32f4xx_hal_gpio.o
LOAD Libraries\STM32F4xx_HAL_Driver\Src\stm32f4xx_hal_fmpi2c_ex.o
LOAD Libraries\STM32F4xx_HAL_Driver\Src\stm32f4xx_hal_fmpi2c.o
LOAD Libraries\STM32F4xx_HAL_Driver\Src\stm32f4xx_hal_flash_ramfunc.o
LOAD Libraries\STM32F4xx_HAL_Driver\Src\stm32f4xx_hal_flash_ex.o
LOAD Libraries\STM32F4xx_HAL_Driver\Src\stm32f4xx_hal_flash.o
LOAD Libraries\STM32F4xx_HAL_Driver\Src\stm32f4xx_hal_eth.o
LOAD Libraries\STM32F4xx_HAL_Driver\Src\stm32f4xx_hal_dsi.o
LOAD Libraries\STM32F4xx_HAL_Driver\Src\stm32f4xx_hal_dma_ex.o
LOAD Libraries\STM32F4xx_HAL_Driver\Src\stm32f4xx_hal_dma2d.o
LOAD Libraries\STM32F4xx_HAL_Driver\Src\stm32f4xx_hal_dma.o
LOAD Libraries\STM32F4xx_HAL_Driver\Src\stm32f4xx_hal_dcmi_ex.o
LOAD Libraries\STM32F4xx_HAL_Driver\Src\stm32f4xx_hal_dcmi.o
LOAD Libraries\STM32F4xx_HAL_Driver\Src\stm32f4xx_hal_dac_ex.o
LOAD Libraries\STM32F4xx_HAL_Driver\Src\stm32f4xx_hal_dac.o
LOAD Libraries\STM32F4xx_HAL_Driver\Src\stm32f4xx_hal_cryp_ex.o
LOAD Libraries\STM32F4xx_HAL_Driver\Src\stm32f4xx_hal_cryp.o
LOAD Libraries\STM32F4xx_HAL_Driver\Src\stm32f4xx_hal_crc.o
LOAD Libraries\STM32F4xx_HAL_Driver\Src\stm32f4xx_hal_cortex.o
LOAD Libraries\STM32F4xx_HAL_Driver\Src\stm32f4xx_hal_cec.o
LOAD Libraries\STM32F4xx_HAL_Driver\Src\stm32f4xx_hal_can.o
LOAD Libraries\STM32F4xx_HAL_Driver\Src\stm32f4xx_hal_adc_ex.o
LOAD Libraries\STM32F4xx_HAL_Driver\Src\stm32f4xx_hal_adc.o
LOAD Libraries\STM32F4xx_HAL_Driver\Src\stm32f4xx_hal.o
LOAD Libraries\BSP\STM32F4-Discovery\stm32f4_discovery_audio.o
LOAD Libraries\BSP\STM32F4-Discovery\stm32f4_discovery_accelerometer.o
LOAD Libraries\BSP\STM32F4-Discovery\stm32f4_discovery.o
LOAD Libraries\BSP\Components\wm8994\wm8994.o
LOAD Libraries\BSP\Components\ts3510\ts3510.o
LOAD Libraries\BSP\Components\stmpe811\stmpe811.o
LOAD Libraries\BSP\Components\stmpe1600\stmpe1600.o
LOAD Libraries\BSP\Components\st7735\st7735.o
LOAD Libraries\BSP\Components\s5k5cag\s5k5cag.o
LOAD Libraries\BSP\Components\ov2640\ov2640.o
LOAD Libraries\BSP\Components\otm8009a\otm8009a.o
LOAD Libraries\BSP\Components\mfxstm32l152\mfxstm32l152.o
LOAD Libraries\BSP\Components\lsm303dlhc\lsm303dlhc.o
LOAD Libraries\BSP\Components\lis3dsh\lis3dsh.o
LOAD Libraries\BSP\Components\lis302dl\lis302dl.o
LOAD Libraries\BSP\Components\l3gd20\l3gd20.o
LOAD Libraries\BSP\Components\ili9341\ili9341.o
LOAD Libraries\BSP\Components\ili9325\ili9325.o
LOAD Libraries\BSP\Components\ft6x06\ft6x06.o
LOAD Libraries\BSP\Components\exc7200\exc7200.o
LOAD Libraries\BSP\Components\cs43l22\cs43l22.o
START GROUP
LOAD c:/program files (x86)/atollic/truestudio for arm 5.5.1/armtools/bin/../lib/gcc/arm-atollic-eabi/5.3.1/../../../../arm-atollic-eabi/lib/armv7e-m/fpu\libc_nano.a
LOAD c:/program files (x86)/atollic/truestudio for arm 5.5.1/armtools/bin/../lib/gcc/arm-atollic-eabi/5.3.1/../../../../arm-atollic-eabi/lib/armv7e-m/fpu\libm.a
END GROUP
                0x00000080                malloc_getpagesize_P = 0x80
START GROUP
LOAD c:/program files (x86)/atollic/truestudio for arm 5.5.1/armtools/bin/../lib/gcc/arm-atollic-eabi/5.3.1/armv7e-m/fpu\libgcc.a
LOAD c:/program files (x86)/atollic/truestudio for arm 5.5.1/armtools/bin/../lib/gcc/arm-atollic-eabi/5.3.1/../../../../arm-atollic-eabi/lib/armv7e-m/fpu\libc_nano.a
END GROUP
START GROUP
LOAD c:/program files (x86)/atollic/truestudio for arm 5.5.1/armtools/bin/../lib/gcc/arm-atollic-eabi/5.3.1/armv7e-m/fpu\libgcc.a
LOAD c:/program files (x86)/atollic/truestudio for arm 5.5.1/armtools/bin/../lib/gcc/arm-atollic-eabi/5.3.1/../../../../arm-atollic-eabi/lib/armv7e-m/fpu\libc_nano.a
LOAD c:/program files (x86)/atollic/truestudio for arm 5.5.1/armtools/bin/../lib/gcc/arm-atollic-eabi/5.3.1/../../../../arm-atollic-eabi/lib/armv7e-m/fpu\libnosys.a
END GROUP
START GROUP
LOAD c:/program files (x86)/atollic/truestudio for arm 5.5.1/armtools/bin/../lib/gcc/arm-atollic-eabi/5.3.1/armv7e-m/fpu\libgcc.a
LOAD c:/program files (x86)/atollic/truestudio for arm 5.5.1/armtools/bin/../lib/gcc/arm-atollic-eabi/5.3.1/../../../../arm-atollic-eabi/lib/armv7e-m/fpu\libc_nano.a
LOAD c:/program files (x86)/atollic/truestudio for arm 5.5.1/armtools/bin/../lib/gcc/arm-atollic-eabi/5.3.1/../../../../arm-atollic-eabi/lib/armv7e-m/fpu\libnosys.a
END GROUP
LOAD c:/program files (x86)/atollic/truestudio for arm 5.5.1/armtools/bin/../lib/gcc/arm-atollic-eabi/5.3.1/armv7e-m/fpu/crtend.o
LOAD c:/program files (x86)/atollic/truestudio for arm 5.5.1/armtools/bin/../lib/gcc/arm-atollic-eabi/5.3.1/armv7e-m/fpu/crtn.o
                0x20020000                _estack = 0x20020000
                0x00000000                _Min_Heap_Size = 0x0
                0x00000400                _Min_Stack_Size = 0x400

.isr_vector     0x08000000      0x188
                0x08000000                . = ALIGN (0x4)
 *(.isr_vector)
 .isr_vector    0x08000000      0x188 src\startup_stm32f407xx.o
                0x08000000                g_pfnVectors
                0x08000188                . = ALIGN (0x4)

.text           0x08000188     0x2f60
                0x08000188                . = ALIGN (0x4)
 *(.text)
 .text          0x08000188       0x40 c:/program files (x86)/atollic/truestudio for arm 5.5.1/armtools/bin/../lib/gcc/arm-atollic-eabi/5.3.1/armv7e-m/fpu/crtbegin.o
 *(.text*)
 .text.SystemInit
                0x080001c8       0x6c src\system_stm32f4xx.o
                0x080001c8                SystemInit
 .text.NMI_Handler
                0x08000234       0x10 src\stm32f4xx_it.o
                0x08000234                NMI_Handler
 .text.HardFault_Handler
                0x08000244        0x8 src\stm32f4xx_it.o
                0x08000244                HardFault_Handler
 .text.MemManage_Handler
                0x0800024c        0x8 src\stm32f4xx_it.o
                0x0800024c                MemManage_Handler
 .text.BusFault_Handler
                0x08000254        0x8 src\stm32f4xx_it.o
                0x08000254                BusFault_Handler
 .text.UsageFault_Handler
                0x0800025c        0x8 src\stm32f4xx_it.o
                0x0800025c                UsageFault_Handler
 .text.SVC_Handler
                0x08000264       0x10 src\stm32f4xx_it.o
                0x08000264                SVC_Handler
 .text.DebugMon_Handler
                0x08000274       0x10 src\stm32f4xx_it.o
                0x08000274                DebugMon_Handler
 .text.PendSV_Handler
                0x08000284       0x10 src\stm32f4xx_it.o
                0x08000284                PendSV_Handler
 .text.SysTick_Handler
                0x08000294        0xc src\stm32f4xx_it.o
                0x08000294                SysTick_Handler
 .text.HAL_TIM_PWM_MspInit
                0x080002a0       0x74 src\stm32f4xx_hal_msp.o
                0x080002a0                HAL_TIM_PWM_MspInit
 .text.HAL_MspInit
                0x08000314       0x10 src\stm32f4xx_hal_msp.o
                0x08000314                HAL_MspInit
 .text.Reset_Handler
                0x08000324       0x50 src\startup_stm32f407xx.o
                0x08000324                Reset_Handler
 .text.Default_Handler
                0x08000374        0x2 src\startup_stm32f407xx.o
                0x08000374                RTC_Alarm_IRQHandler
                0x08000374                HASH_RNG_IRQHandler
                0x08000374                EXTI2_IRQHandler
                0x08000374                TIM8_CC_IRQHandler
                0x08000374                TIM1_CC_IRQHandler
                0x08000374                DMA2_Stream5_IRQHandler
                0x08000374                DMA1_Stream5_IRQHandler
                0x08000374                PVD_IRQHandler
                0x08000374                SDIO_IRQHandler
                0x08000374                TAMP_STAMP_IRQHandler
                0x08000374                CAN2_RX1_IRQHandler
                0x08000374                EXTI3_IRQHandler
                0x08000374                TIM8_TRG_COM_TIM14_IRQHandler
                0x08000374                TIM1_UP_TIM10_IRQHandler
                0x08000374                TIM8_UP_TIM13_IRQHandler
                0x08000374                I2C3_ER_IRQHandler
                0x08000374                EXTI0_IRQHandler
                0x08000374                I2C2_EV_IRQHandler
                0x08000374                DMA1_Stream2_IRQHandler
                0x08000374                CAN1_RX0_IRQHandler
                0x08000374                FPU_IRQHandler
                0x08000374                OTG_HS_WKUP_IRQHandler
                0x08000374                CAN2_SCE_IRQHandler
                0x08000374                DMA2_Stream2_IRQHandler
                0x08000374                SPI1_IRQHandler
                0x08000374                TIM1_BRK_TIM9_IRQHandler
                0x08000374                DCMI_IRQHandler
                0x08000374                CAN2_RX0_IRQHandler
                0x08000374                DMA2_Stream3_IRQHandler
                0x08000374                USART6_IRQHandler
                0x08000374                USART3_IRQHandler
                0x08000374                CAN1_RX1_IRQHandler
                0x08000374                UART5_IRQHandler
                0x08000374                DMA2_Stream0_IRQHandler
                0x08000374                TIM4_IRQHandler
                0x08000374                I2C1_EV_IRQHandler
                0x08000374                DMA1_Stream6_IRQHandler
                0x08000374                DMA1_Stream1_IRQHandler
                0x08000374                UART4_IRQHandler
                0x08000374                TIM3_IRQHandler
                0x08000374                RCC_IRQHandler
                0x08000374                TIM8_BRK_TIM12_IRQHandler
                0x08000374                Default_Handler
                0x08000374                EXTI15_10_IRQHandler
                0x08000374                ADC_IRQHandler
                0x08000374                DMA1_Stream7_IRQHandler
                0x08000374                TIM7_IRQHandler
                0x08000374                CAN2_TX_IRQHandler
                0x08000374                TIM5_IRQHandler
                0x08000374                DMA2_Stream7_IRQHandler
                0x08000374                I2C3_EV_IRQHandler
                0x08000374                EXTI9_5_IRQHandler
                0x08000374                RTC_WKUP_IRQHandler
                0x08000374                ETH_WKUP_IRQHandler
                0x08000374                SPI2_IRQHandler
                0x08000374                OTG_HS_EP1_IN_IRQHandler
                0x08000374                DMA1_Stream0_IRQHandler
                0x08000374                CAN1_TX_IRQHandler
                0x08000374                EXTI4_IRQHandler
                0x08000374                FSMC_IRQHandler
                0x08000374                ETH_IRQHandler
                0x08000374                OTG_HS_EP1_OUT_IRQHandler
                0x08000374                WWDG_IRQHandler
                0x08000374                TIM2_IRQHandler
                0x08000374                OTG_FS_WKUP_IRQHandler
                0x08000374                TIM1_TRG_COM_TIM11_IRQHandler
                0x08000374                OTG_HS_IRQHandler
                0x08000374                EXTI1_IRQHandler
                0x08000374                USART2_IRQHandler
                0x08000374                I2C2_ER_IRQHandler
                0x08000374                DMA2_Stream1_IRQHandler
                0x08000374                CAN1_SCE_IRQHandler
                0x08000374                FLASH_IRQHandler
                0x08000374                DMA2_Stream4_IRQHandler
                0x08000374                USART1_IRQHandler
                0x08000374                OTG_FS_IRQHandler
                0x08000374                SPI3_IRQHandler
                0x08000374                DMA1_Stream4_IRQHandler
                0x08000374                I2C1_ER_IRQHandler
                0x08000374                DMA2_Stream6_IRQHandler
                0x08000374                DMA1_Stream3_IRQHandler
 *fill*         0x08000376        0x2 
 .text.NVIC_SetPriority
                0x08000378       0x54 src\main.o
 .text.SysTick_Config
                0x080003cc       0x44 src\main.o
 .text.main     0x08000410       0x20 src\main.o
                0x08000410                main
 .text.Func1    0x08000430       0x70 src\main.o
 .text.TIM4_Config
                0x080004a0       0xd4 src\main.o
 .text.Error_Handler
                0x08000574        0xc src\main.o
 .text.SystemClock_Config
                0x08000580       0xc0 src\main.o
 .text.HAL_InitTick
                0x08000640       0xc8 Libraries\STM32F4xx_HAL_Driver\Src\stm32f4xx_hal_timebase_tim_template.o
                0x08000640                HAL_InitTick
 .text.HAL_TIM_PeriodElapsedCallback
                0x08000708       0x14 Libraries\STM32F4xx_HAL_Driver\Src\stm32f4xx_hal_timebase_tim_template.o
                0x08000708                HAL_TIM_PeriodElapsedCallback
 .text.TIM6_DAC_IRQHandler
                0x0800071c       0x14 Libraries\STM32F4xx_HAL_Driver\Src\stm32f4xx_hal_timebase_tim_template.o
                0x0800071c                TIM6_DAC_IRQHandler
 .text.HAL_TIMEx_CommutationCallback
                0x08000730       0x14 Libraries\STM32F4xx_HAL_Driver\Src\stm32f4xx_hal_tim_ex.o
                0x08000730                HAL_TIMEx_CommutationCallback
 .text.HAL_TIMEx_BreakCallback
                0x08000744       0x14 Libraries\STM32F4xx_HAL_Driver\Src\stm32f4xx_hal_tim_ex.o
                0x08000744                HAL_TIMEx_BreakCallback
 .text.HAL_TIM_Base_Init
                0x08000758       0x58 Libraries\STM32F4xx_HAL_Driver\Src\stm32f4xx_hal_tim.o
                0x08000758                HAL_TIM_Base_Init
 .text.HAL_TIM_Base_MspInit
                0x080007b0       0x14 Libraries\STM32F4xx_HAL_Driver\Src\stm32f4xx_hal_tim.o
                0x080007b0                HAL_TIM_Base_MspInit
 .text.HAL_TIM_Base_Start_IT
                0x080007c4       0x38 Libraries\STM32F4xx_HAL_Driver\Src\stm32f4xx_hal_tim.o
                0x080007c4                HAL_TIM_Base_Start_IT
 .text.HAL_TIM_PWM_Init
                0x080007fc       0x58 Libraries\STM32F4xx_HAL_Driver\Src\stm32f4xx_hal_tim.o
                0x080007fc                HAL_TIM_PWM_Init
 .text.HAL_TIM_IRQHandler
                0x08000854      0x210 Libraries\STM32F4xx_HAL_Driver\Src\stm32f4xx_hal_tim.o
                0x08000854                HAL_TIM_IRQHandler
 .text.HAL_TIM_PWM_ConfigChannel
                0x08000a64      0x18c Libraries\STM32F4xx_HAL_Driver\Src\stm32f4xx_hal_tim.o
                0x08000a64                HAL_TIM_PWM_ConfigChannel
 .text.HAL_TIM_OC_DelayElapsedCallback
                0x08000bf0       0x14 Libraries\STM32F4xx_HAL_Driver\Src\stm32f4xx_hal_tim.o
                0x08000bf0                HAL_TIM_OC_DelayElapsedCallback
 .text.HAL_TIM_IC_CaptureCallback
                0x08000c04       0x14 Libraries\STM32F4xx_HAL_Driver\Src\stm32f4xx_hal_tim.o
                0x08000c04                HAL_TIM_IC_CaptureCallback
 .text.HAL_TIM_PWM_PulseFinishedCallback
                0x08000c18       0x14 Libraries\STM32F4xx_HAL_Driver\Src\stm32f4xx_hal_tim.o
                0x08000c18                HAL_TIM_PWM_PulseFinishedCallback
 .text.HAL_TIM_TriggerCallback
                0x08000c2c       0x14 Libraries\STM32F4xx_HAL_Driver\Src\stm32f4xx_hal_tim.o
                0x08000c2c                HAL_TIM_TriggerCallback
 .text.TIM_Base_SetConfig
                0x08000c40      0x154 Libraries\STM32F4xx_HAL_Driver\Src\stm32f4xx_hal_tim.o
                0x08000c40                TIM_Base_SetConfig
 .text.TIM_OC2_SetConfig
                0x08000d94       0xf0 Libraries\STM32F4xx_HAL_Driver\Src\stm32f4xx_hal_tim.o
                0x08000d94                TIM_OC2_SetConfig
 .text.TIM_OC1_SetConfig
                0x08000e84       0xe8 Libraries\STM32F4xx_HAL_Driver\Src\stm32f4xx_hal_tim.o
 .text.TIM_OC3_SetConfig
                0x08000f6c       0xf0 Libraries\STM32F4xx_HAL_Driver\Src\stm32f4xx_hal_tim.o
 .text.TIM_OC4_SetConfig
                0x0800105c       0xc0 Libraries\STM32F4xx_HAL_Driver\Src\stm32f4xx_hal_tim.o
 .text.HAL_SPI_Init
                0x0800111c       0xc8 Libraries\STM32F4xx_HAL_Driver\Src\stm32f4xx_hal_spi.o
                0x0800111c                HAL_SPI_Init
 .text.HAL_SPI_DeInit
                0x080011e4       0x50 Libraries\STM32F4xx_HAL_Driver\Src\stm32f4xx_hal_spi.o
                0x080011e4                HAL_SPI_DeInit
 .text.HAL_SPI_MspInit
                0x08001234       0x14 Libraries\STM32F4xx_HAL_Driver\Src\stm32f4xx_hal_spi.o
                0x08001234                HAL_SPI_MspInit
 .text.HAL_SPI_MspDeInit
                0x08001248       0x14 Libraries\STM32F4xx_HAL_Driver\Src\stm32f4xx_hal_spi.o
                0x08001248                HAL_SPI_MspDeInit
 .text.HAL_SPI_TransmitReceive
                0x0800125c      0x254 Libraries\STM32F4xx_HAL_Driver\Src\stm32f4xx_hal_spi.o
                0x0800125c                HAL_SPI_TransmitReceive
 .text.HAL_SPI_GetState
                0x080014b0       0x1c Libraries\STM32F4xx_HAL_Driver\Src\stm32f4xx_hal_spi.o
                0x080014b0                HAL_SPI_GetState
 .text.SPI_WaitFlagStateUntilTimeout
                0x080014cc       0xc8 Libraries\STM32F4xx_HAL_Driver\Src\stm32f4xx_hal_spi.o
 .text.SPI_CheckFlag_BSY
                0x08001594       0x3c Libraries\STM32F4xx_HAL_Driver\Src\stm32f4xx_hal_spi.o
 .text.HAL_RCC_OscConfig
                0x080015d0      0x454 Libraries\STM32F4xx_HAL_Driver\Src\stm32f4xx_hal_rcc.o
                0x080015d0                HAL_RCC_OscConfig
 .text.HAL_RCC_ClockConfig
                0x08001a24      0x1e4 Libraries\STM32F4xx_HAL_Driver\Src\stm32f4xx_hal_rcc.o
                0x08001a24                HAL_RCC_ClockConfig
 .text.HAL_RCC_GetSysClockFreq
                0x08001c08      0x114 Libraries\STM32F4xx_HAL_Driver\Src\stm32f4xx_hal_rcc.o
                0x08001c08                HAL_RCC_GetSysClockFreq
 .text.HAL_RCC_GetHCLKFreq
                0x08001d1c       0x54 Libraries\STM32F4xx_HAL_Driver\Src\stm32f4xx_hal_rcc.o
                0x08001d1c                HAL_RCC_GetHCLKFreq
 .text.HAL_RCC_GetPCLK1Freq
                0x08001d70       0x4c Libraries\STM32F4xx_HAL_Driver\Src\stm32f4xx_hal_rcc.o
                0x08001d70                HAL_RCC_GetPCLK1Freq
 .text.HAL_RCC_GetClockConfig
                0x08001dbc       0x64 Libraries\STM32F4xx_HAL_Driver\Src\stm32f4xx_hal_rcc.o
                0x08001dbc                HAL_RCC_GetClockConfig
 .text.HAL_GPIO_Init
                0x08001e20      0x344 Libraries\STM32F4xx_HAL_Driver\Src\stm32f4xx_hal_gpio.o
                0x08001e20                HAL_GPIO_Init
 .text.HAL_GPIO_WritePin
                0x08002164       0x34 Libraries\STM32F4xx_HAL_Driver\Src\stm32f4xx_hal_gpio.o
                0x08002164                HAL_GPIO_WritePin
 .text.HAL_GPIO_TogglePin
                0x08002198       0x24 Libraries\STM32F4xx_HAL_Driver\Src\stm32f4xx_hal_gpio.o
                0x08002198                HAL_GPIO_TogglePin
 .text.NVIC_SetPriorityGrouping
                0x080021bc       0x48 Libraries\STM32F4xx_HAL_Driver\Src\stm32f4xx_hal_cortex.o
 .text.NVIC_GetPriorityGrouping
                0x08002204       0x1c Libraries\STM32F4xx_HAL_Driver\Src\stm32f4xx_hal_cortex.o
 .text.NVIC_EnableIRQ
                0x08002220       0x34 Libraries\STM32F4xx_HAL_Driver\Src\stm32f4xx_hal_cortex.o
 .text.NVIC_SetPriority
                0x08002254       0x54 Libraries\STM32F4xx_HAL_Driver\Src\stm32f4xx_hal_cortex.o
 .text.NVIC_EncodePriority
                0x080022a8       0x68 Libraries\STM32F4xx_HAL_Driver\Src\stm32f4xx_hal_cortex.o
 .text.HAL_NVIC_SetPriorityGrouping
                0x08002310       0x18 Libraries\STM32F4xx_HAL_Driver\Src\stm32f4xx_hal_cortex.o
                0x08002310                HAL_NVIC_SetPriorityGrouping
 .text.HAL_NVIC_SetPriority
                0x08002328       0x38 Libraries\STM32F4xx_HAL_Driver\Src\stm32f4xx_hal_cortex.o
                0x08002328                HAL_NVIC_SetPriority
 .text.HAL_NVIC_EnableIRQ
                0x08002360       0x1c Libraries\STM32F4xx_HAL_Driver\Src\stm32f4xx_hal_cortex.o
                0x08002360                HAL_NVIC_EnableIRQ
 .text.HAL_Init
                0x0800237c       0x38 Libraries\STM32F4xx_HAL_Driver\Src\stm32f4xx_hal.o
                0x0800237c                HAL_Init
 .text.HAL_IncTick
                0x080023b4       0x1c Libraries\STM32F4xx_HAL_Driver\Src\stm32f4xx_hal.o
                0x080023b4                HAL_IncTick
 .text.HAL_GetTick
                0x080023d0       0x18 Libraries\STM32F4xx_HAL_Driver\Src\stm32f4xx_hal.o
                0x080023d0                HAL_GetTick
 .text.HAL_Delay
                0x080023e8       0x2c Libraries\STM32F4xx_HAL_Driver\Src\stm32f4xx_hal.o
                0x080023e8                HAL_Delay
 .text.HAL_GetREVID
                0x08002414       0x18 Libraries\STM32F4xx_HAL_Driver\Src\stm32f4xx_hal.o
                0x08002414                HAL_GetREVID
 .text.BSP_ACCELERO_Init
                0x0800242c      0x118 Libraries\BSP\STM32F4-Discovery\stm32f4_discovery_accelerometer.o
                0x0800242c                BSP_ACCELERO_Init
 .text.BSP_LED_Init
                0x08002544       0xf0 Libraries\BSP\STM32F4-Discovery\stm32f4_discovery.o
                0x08002544                BSP_LED_Init
 .text.BSP_LED_On
                0x08002634       0x34 Libraries\BSP\STM32F4-Discovery\stm32f4_discovery.o
                0x08002634                BSP_LED_On
 .text.BSP_LED_Toggle
                0x08002668       0x30 Libraries\BSP\STM32F4-Discovery\stm32f4_discovery.o
                0x08002668                BSP_LED_Toggle
 .text.BSP_PB_Init
                0x08002698       0xb4 Libraries\BSP\STM32F4-Discovery\stm32f4_discovery.o
                0x08002698                BSP_PB_Init
 .text.SPIx_Init
                0x0800274c       0x74 Libraries\BSP\STM32F4-Discovery\stm32f4_discovery.o
 .text.SPIx_WriteRead
                0x080027c0       0x40 Libraries\BSP\STM32F4-Discovery\stm32f4_discovery.o
 .text.SPIx_Error
                0x08002800       0x18 Libraries\BSP\STM32F4-Discovery\stm32f4_discovery.o
 .text.SPIx_MspInit
                0x08002818       0x70 Libraries\BSP\STM32F4-Discovery\stm32f4_discovery.o
 .text.ACCELERO_IO_Init
                0x08002888       0x5c Libraries\BSP\STM32F4-Discovery\stm32f4_discovery.o
                0x08002888                ACCELERO_IO_Init
 .text.ACCELERO_IO_ITConfig
                0x080028e4       0x60 Libraries\BSP\STM32F4-Discovery\stm32f4_discovery.o
                0x080028e4                ACCELERO_IO_ITConfig
 .text.ACCELERO_IO_Write
                0x08002944       0x64 Libraries\BSP\STM32F4-Discovery\stm32f4_discovery.o
                0x08002944                ACCELERO_IO_Write
 .text.ACCELERO_IO_Read
                0x080029a8       0x74 Libraries\BSP\STM32F4-Discovery\stm32f4_discovery.o
                0x080029a8                ACCELERO_IO_Read
 .text.LIS3DSH_Init
                0x08002a1c       0x48 Libraries\BSP\Components\lis3dsh\lis3dsh.o
                0x08002a1c                LIS3DSH_Init
 .text.LIS3DSH_DeInit
                0x08002a64       0x10 Libraries\BSP\Components\lis3dsh\lis3dsh.o
                0x08002a64                LIS3DSH_DeInit
 .text.LIS3DSH_ReadID
                0x08002a74       0x24 Libraries\BSP\Components\lis3dsh\lis3dsh.o
                0x08002a74                LIS3DSH_ReadID
 .text.LIS3DSH_InterruptConfig
                0x08002a98       0x70 Libraries\BSP\Components\lis3dsh\lis3dsh.o
                0x08002a98                LIS3DSH_InterruptConfig
 .text.LIS3DSH_Click_IntConfig
                0x08002b08       0xe0 Libraries\BSP\Components\lis3dsh\lis3dsh.o
                0x08002b08                LIS3DSH_Click_IntConfig
 .text.LIS3DSH_RebootCmd
                0x08002be8       0x30 Libraries\BSP\Components\lis3dsh\lis3dsh.o
                0x08002be8                LIS3DSH_RebootCmd
 .text.LIS3DSH_ReadACC
                0x08002c18      0x1b8 Libraries\BSP\Components\lis3dsh\lis3dsh.o
                0x08002c18                LIS3DSH_ReadACC
 .text.LIS302DL_Init
                0x08002dd0       0x30 Libraries\BSP\Components\lis302dl\lis302dl.o
                0x08002dd0                LIS302DL_Init
 .text.LIS302DL_DeInit
                0x08002e00       0x10 Libraries\BSP\Components\lis302dl\lis302dl.o
                0x08002e00                LIS302DL_DeInit
 .text.LIS302DL_ReadID
                0x08002e10       0x24 Libraries\BSP\Components\lis302dl\lis302dl.o
                0x08002e10                LIS302DL_ReadID
 .text.LIS302DL_FilterConfig
                0x08002e34       0x48 Libraries\BSP\Components\lis302dl\lis302dl.o
                0x08002e34                LIS302DL_FilterConfig
 .text.LIS302DL_InterruptConfig
                0x08002e7c       0x48 Libraries\BSP\Components\lis302dl\lis302dl.o
                0x08002e7c                LIS302DL_InterruptConfig
 .text.LIS302DL_Click_IntConfig
                0x08002ec4       0xac Libraries\BSP\Components\lis302dl\lis302dl.o
                0x08002ec4                LIS302DL_Click_IntConfig
 .text.LIS302DL_Click_IntClear
                0x08002f70       0x2c Libraries\BSP\Components\lis302dl\lis302dl.o
                0x08002f70                LIS302DL_Click_IntClear
 .text.LIS302DL_RebootCmd
                0x08002f9c       0x30 Libraries\BSP\Components\lis302dl\lis302dl.o
                0x08002f9c                LIS302DL_RebootCmd
 .text.LIS302DL_ReadACC
                0x08002fcc       0xb8 Libraries\BSP\Components\lis302dl\lis302dl.o
                0x08002fcc                LIS302DL_ReadACC
 .text.__libc_init_array
                0x08003084       0x4c c:/program files (x86)/atollic/truestudio for arm 5.5.1/armtools/bin/../lib/gcc/arm-atollic-eabi/5.3.1/../../../../arm-atollic-eabi/lib/armv7e-m/fpu\libc_nano.a(lib_a-init.o)
                0x08003084                __libc_init_array
 *(.glue_7)
 .glue_7        0x080030d0        0x0 linker stubs
 *(.glue_7t)
 .glue_7t       0x080030d0        0x0 linker stubs
 *(.eh_frame)
 .eh_frame      0x080030d0        0x0 c:/program files (x86)/atollic/truestudio for arm 5.5.1/armtools/bin/../lib/gcc/arm-atollic-eabi/5.3.1/armv7e-m/fpu/crtbegin.o
 *(.init)
 .init          0x080030d0        0x4 c:/program files (x86)/atollic/truestudio for arm 5.5.1/armtools/bin/../lib/gcc/arm-atollic-eabi/5.3.1/armv7e-m/fpu/crti.o
                0x080030d0                _init
 .init          0x080030d4        0x8 c:/program files (x86)/atollic/truestudio for arm 5.5.1/armtools/bin/../lib/gcc/arm-atollic-eabi/5.3.1/armv7e-m/fpu/crtn.o
 *(.fini)
 .fini          0x080030dc        0x4 c:/program files (x86)/atollic/truestudio for arm 5.5.1/armtools/bin/../lib/gcc/arm-atollic-eabi/5.3.1/armv7e-m/fpu/crti.o
                0x080030dc                _fini
 .fini          0x080030e0        0x8 c:/program files (x86)/atollic/truestudio for arm 5.5.1/armtools/bin/../lib/gcc/arm-atollic-eabi/5.3.1/armv7e-m/fpu/crtn.o
                0x080030e8                . = ALIGN (0x4)
                0x080030e8                _etext = .

.vfp11_veneer   0x080030e8        0x0
 .vfp11_veneer  0x080030e8        0x0 linker stubs

.v4_bx          0x080030e8        0x0
 .v4_bx         0x080030e8        0x0 linker stubs

.iplt           0x080030e8        0x0
 .iplt          0x080030e8        0x0 c:/program files (x86)/atollic/truestudio for arm 5.5.1/armtools/bin/../lib/gcc/arm-atollic-eabi/5.3.1/armv7e-m/fpu/crtbegin.o

.rodata         0x080030e8       0x18
                0x080030e8                . = ALIGN (0x4)
 *(.rodata)
 *(.rodata*)
 .rodata.APBAHBPrescTable
                0x080030e8       0x10 Libraries\STM32F4xx_HAL_Driver\Src\stm32f4xx_hal_rcc.o
                0x080030e8                APBAHBPrescTable
 .rodata.GPIO_PIN
                0x080030f8        0x8 Libraries\BSP\STM32F4-Discovery\stm32f4_discovery.o
                0x080030f8                GPIO_PIN
                0x08003100                . = ALIGN (0x4)

.rel.dyn        0x08003100        0x0
 .rel.iplt      0x08003100        0x0 c:/program files (x86)/atollic/truestudio for arm 5.5.1/armtools/bin/../lib/gcc/arm-atollic-eabi/5.3.1/armv7e-m/fpu/crtbegin.o

.ARM.extab
 *(.ARM.extab* .gnu.linkonce.armextab.*)

.ARM            0x08003100        0x0
                0x08003100                __exidx_start = .
 *(.ARM.exidx*)
                0x08003100                __exidx_end = .

.preinit_array  0x08003100        0x0
                0x08003100                PROVIDE (__preinit_array_start, .)
 *(.preinit_array*)
                0x08003100                PROVIDE (__preinit_array_end, .)

.init_array     0x08003100        0x4
                0x08003100                PROVIDE (__init_array_start, .)
 *(SORT(.init_array.*))
 *(.init_array*)
 .init_array    0x08003100        0x4 c:/program files (x86)/atollic/truestudio for arm 5.5.1/armtools/bin/../lib/gcc/arm-atollic-eabi/5.3.1/armv7e-m/fpu/crtbegin.o
                0x08003104                PROVIDE (__init_array_end, .)

.fini_array     0x08003104        0x4
                [!provide]                PROVIDE (__fini_array_start, .)
 *(SORT(.fini_array.*))
 *(.fini_array*)
 .fini_array    0x08003104        0x4 c:/program files (x86)/atollic/truestudio for arm 5.5.1/armtools/bin/../lib/gcc/arm-atollic-eabi/5.3.1/armv7e-m/fpu/crtbegin.o
                [!provide]                PROVIDE (__fini_array_end, .)
                0x08003108                _sidata = LOADADDR (.data)

.data           0x20000000       0x84 load address 0x08003108
                0x20000000                . = ALIGN (0x4)
                0x20000000                _sdata = .
 *(.data)
 *(.data*)
 .data.SystemCoreClock
                0x20000000        0x4 src\system_stm32f4xx.o
                0x20000000                SystemCoreClock
 .data.GPIO_PORT
                0x20000004       0x10 Libraries\BSP\STM32F4-Discovery\stm32f4_discovery.o
                0x20000004                GPIO_PORT
 .data.BUTTON_PORT
                0x20000014        0x4 Libraries\BSP\STM32F4-Discovery\stm32f4_discovery.o
                0x20000014                BUTTON_PORT
 .data.SpixTimeout
                0x20000018        0x4 Libraries\BSP\STM32F4-Discovery\stm32f4_discovery.o
                0x20000018                SpixTimeout
 .data.Lis3dshDrv
                0x2000001c       0x34 Libraries\BSP\Components\lis3dsh\lis3dsh.o
                0x2000001c                Lis3dshDrv
 .data.Lis302dlDrv
                0x20000050       0x34 Libraries\BSP\Components\lis302dl\lis302dl.o
                0x20000050                Lis302dlDrv
                0x20000084                . = ALIGN (0x4)
                0x20000084                _edata = .
                0x0800318c                _siccmram = LOADADDR (.ccmram)

.igot.plt       0x20000084        0x0 load address 0x0800318c
 .igot.plt      0x20000084        0x0 c:/program files (x86)/atollic/truestudio for arm 5.5.1/armtools/bin/../lib/gcc/arm-atollic-eabi/5.3.1/armv7e-m/fpu/crtbegin.o

.ccmram         0x10000000        0x0 load address 0x0800318c
                0x10000000                . = ALIGN (0x4)
                0x10000000                _sccmram = .
 *(.ccmram)
 *(.ccmram*)
                0x10000000                . = ALIGN (0x4)
                0x10000000                _eccmram = .
                0x10000000                . = ALIGN (0x4)

.bss            0x20000084      0x120
                0x20000084                _sbss = .
                0x20000084                __bss_start__ = _sbss
 *(.bss)
 .bss           0x20000084       0x1c c:/program files (x86)/atollic/truestudio for arm 5.5.1/armtools/bin/../lib/gcc/arm-atollic-eabi/5.3.1/armv7e-m/fpu/crtbegin.o
 *(.bss*)
 .bss.PrescalerValue
                0x200000a0        0x2 src\main.o
                0x200000a0                PrescalerValue
 *fill*         0x200000a2        0x2 
 .bss.AcceleroDrv
                0x200000a4        0x4 Libraries\BSP\STM32F4-Discovery\stm32f4_discovery_accelerometer.o
 .bss.SpiHandle
                0x200000a8       0x58 Libraries\BSP\STM32F4-Discovery\stm32f4_discovery.o
 *(COMMON)
 COMMON         0x20000100       0x62 src\main.o
                0x20000100                htim4
                0x2000013c                sConfigTim4
                0x20000158                Y_Offset
                0x2000015a                X_Offset
                0x2000015c                Buffer
 *fill*         0x20000162        0x2 
 COMMON         0x20000164       0x3c Libraries\STM32F4xx_HAL_Driver\Src\stm32f4xx_hal_timebase_tim_template.o
                0x20000164                TimHandle
 COMMON         0x200001a0        0x4 Libraries\STM32F4xx_HAL_Driver\Src\stm32f4xx_hal.o
                0x200001a0                uwTick
                0x200001a4                . = ALIGN (0x4)
                0x200001a4                _ebss = .
                0x200001a4                __bss_end__ = _ebss

._user_heap_stack
                0x200001a4      0x400
                0x200001a4                . = ALIGN (0x4)
                [!provide]                PROVIDE (end, .)
                [!provide]                PROVIDE (_end, .)
                0x200001a4                . = (. + _Min_Heap_Size)
                0x200005a4                . = (. + _Min_Stack_Size)
 *fill*         0x200001a4      0x400 
                0x200005a4                . = ALIGN (0x4)

.memory_b1_text
 *(.mb1text)
 *(.mb1text*)
 *(.mb1rodata)
 *(.mb1rodata*)

/DISCARD/
 libc.a(*)
 libm.a(*)
 libgcc.a(*)

.ARM.attributes
                0x00000000       0x30
 *(.ARM.attributes)
 .ARM.attributes
                0x00000000       0x22 c:/program files (x86)/atollic/truestudio for arm 5.5.1/armtools/bin/../lib/gcc/arm-atollic-eabi/5.3.1/armv7e-m/fpu/crti.o
 .ARM.attributes
                0x00000022       0x34 c:/program files (x86)/atollic/truestudio for arm 5.5.1/armtools/bin/../lib/gcc/arm-atollic-eabi/5.3.1/armv7e-m/fpu/crtbegin.o
 .ARM.attributes
                0x00000056       0x39 src\system_stm32f4xx.o
 .ARM.attributes
                0x0000008f       0x39 src\stm32f4xx_it.o
 .ARM.attributes
                0x000000c8       0x39 src\stm32f4xx_hal_msp.o
 .ARM.attributes
                0x00000101       0x21 src\startup_stm32f407xx.o
 .ARM.attributes
                0x00000122       0x39 src\main.o
 .ARM.attributes
                0x0000015b       0x39 Libraries\STM32F4xx_HAL_Driver\Src\stm32f4xx_hal_timebase_tim_template.o
 .ARM.attributes
                0x00000194       0x39 Libraries\STM32F4xx_HAL_Driver\Src\stm32f4xx_hal_tim_ex.o
 .ARM.attributes
                0x000001cd       0x39 Libraries\STM32F4xx_HAL_Driver\Src\stm32f4xx_hal_tim.o
 .ARM.attributes
                0x00000206       0x39 Libraries\STM32F4xx_HAL_Driver\Src\stm32f4xx_hal_spi.o
 .ARM.attributes
                0x0000023f       0x39 Libraries\STM32F4xx_HAL_Driver\Src\stm32f4xx_hal_rcc.o
 .ARM.attributes
                0x00000278       0x39 Libraries\STM32F4xx_HAL_Driver\Src\stm32f4xx_hal_gpio.o
 .ARM.attributes
                0x000002b1       0x39 Libraries\STM32F4xx_HAL_Driver\Src\stm32f4xx_hal_cortex.o
 .ARM.attributes
                0x000002ea       0x39 Libraries\STM32F4xx_HAL_Driver\Src\stm32f4xx_hal.o
 .ARM.attributes
                0x00000323       0x39 Libraries\BSP\STM32F4-Discovery\stm32f4_discovery_accelerometer.o
 .ARM.attributes
                0x0000035c       0x39 Libraries\BSP\STM32F4-Discovery\stm32f4_discovery.o
 .ARM.attributes
                0x00000395       0x39 Libraries\BSP\Components\lis3dsh\lis3dsh.o
 .ARM.attributes
                0x000003ce       0x39 Libraries\BSP\Components\lis302dl\lis302dl.o
 .ARM.attributes
                0x00000407       0x34 c:/program files (x86)/atollic/truestudio for arm 5.5.1/armtools/bin/../lib/gcc/arm-atollic-eabi/5.3.1/../../../../arm-atollic-eabi/lib/armv7e-m/fpu\libc_nano.a(lib_a-init.o)
 .ARM.attributes
                0x0000043b       0x22 c:/program files (x86)/atollic/truestudio for arm 5.5.1/armtools/bin/../lib/gcc/arm-atollic-eabi/5.3.1/armv7e-m/fpu/crtn.o
OUTPUT(Template2.elf elf32-littlearm)

.debug_info     0x00000000     0xba84
 .debug_info    0x00000000      0x4c8 src\system_stm32f4xx.o
 .debug_info    0x000004c8      0x141 src\stm32f4xx_it.o
 .debug_info    0x00000609      0x8f7 src\stm32f4xx_hal_msp.o
 .debug_info    0x00000f00       0x6c src\startup_stm32f407xx.o
 .debug_info    0x00000f6c     0x1194 src\main.o
 .debug_info    0x00002100      0xac0 Libraries\STM32F4xx_HAL_Driver\Src\stm32f4xx_hal_timebase_tim_template.o
 .debug_info    0x00002bc0      0xf5a Libraries\STM32F4xx_HAL_Driver\Src\stm32f4xx_hal_tim_ex.o
 .debug_info    0x00003b1a     0x2194 Libraries\STM32F4xx_HAL_Driver\Src\stm32f4xx_hal_tim.o
 .debug_info    0x00005cae     0x1175 Libraries\STM32F4xx_HAL_Driver\Src\stm32f4xx_hal_spi.o
 .debug_info    0x00006e23      0xe32 Libraries\STM32F4xx_HAL_Driver\Src\stm32f4xx_hal_rcc.o
 .debug_info    0x00007c55      0x71b Libraries\STM32F4xx_HAL_Driver\Src\stm32f4xx_hal_gpio.o
 .debug_info    0x00008370      0xcfe Libraries\STM32F4xx_HAL_Driver\Src\stm32f4xx_hal_cortex.o
 .debug_info    0x0000906e      0x8e3 Libraries\STM32F4xx_HAL_Driver\Src\stm32f4xx_hal.o
 .debug_info    0x00009951      0x418 Libraries\BSP\STM32F4-Discovery\stm32f4_discovery_accelerometer.o
 .debug_info    0x00009d69     0x13e9 Libraries\BSP\STM32F4-Discovery\stm32f4_discovery.o
 .debug_info    0x0000b152      0x471 Libraries\BSP\Components\lis3dsh\lis3dsh.o
 .debug_info    0x0000b5c3      0x4c1 Libraries\BSP\Components\lis302dl\lis302dl.o

.debug_abbrev   0x00000000     0x1ce4
 .debug_abbrev  0x00000000      0x101 src\system_stm32f4xx.o
 .debug_abbrev  0x00000101       0x7f src\stm32f4xx_it.o
 .debug_abbrev  0x00000180      0x198 src\stm32f4xx_hal_msp.o
 .debug_abbrev  0x00000318       0x12 src\startup_stm32f407xx.o
 .debug_abbrev  0x0000032a      0x283 src\main.o
 .debug_abbrev  0x000005ad      0x1b2 Libraries\STM32F4xx_HAL_Driver\Src\stm32f4xx_hal_timebase_tim_template.o
 .debug_abbrev  0x0000075f      0x1ff Libraries\STM32F4xx_HAL_Driver\Src\stm32f4xx_hal_tim_ex.o
 .debug_abbrev  0x0000095e      0x208 Libraries\STM32F4xx_HAL_Driver\Src\stm32f4xx_hal_tim.o
 .debug_abbrev  0x00000b66      0x1f9 Libraries\STM32F4xx_HAL_Driver\Src\stm32f4xx_hal_spi.o
 .debug_abbrev  0x00000d5f      0x296 Libraries\STM32F4xx_HAL_Driver\Src\stm32f4xx_hal_rcc.o
 .debug_abbrev  0x00000ff5      0x1ac Libraries\STM32F4xx_HAL_Driver\Src\stm32f4xx_hal_gpio.o
 .debug_abbrev  0x000011a1      0x2c9 Libraries\STM32F4xx_HAL_Driver\Src\stm32f4xx_hal_cortex.o
 .debug_abbrev  0x0000146a      0x20c Libraries\STM32F4xx_HAL_Driver\Src\stm32f4xx_hal.o
 .debug_abbrev  0x00001676      0x132 Libraries\BSP\STM32F4-Discovery\stm32f4_discovery_accelerometer.o
 .debug_abbrev  0x000017a8      0x264 Libraries\BSP\STM32F4-Discovery\stm32f4_discovery.o
 .debug_abbrev  0x00001a0c      0x16c Libraries\BSP\Components\lis3dsh\lis3dsh.o
 .debug_abbrev  0x00001b78      0x16c Libraries\BSP\Components\lis302dl\lis302dl.o

.debug_aranges  0x00000000      0xc60
 .debug_aranges
                0x00000000       0x28 src\system_stm32f4xx.o
 .debug_aranges
                0x00000028       0x60 src\stm32f4xx_it.o
 .debug_aranges
                0x00000088       0x38 src\stm32f4xx_hal_msp.o
 .debug_aranges
                0x000000c0       0x28 src\startup_stm32f407xx.o
 .debug_aranges
                0x000000e8       0x58 src\main.o
 .debug_aranges
                0x00000140       0x40 Libraries\STM32F4xx_HAL_Driver\Src\stm32f4xx_hal_timebase_tim_template.o
 .debug_aranges
                0x00000180      0x140 Libraries\STM32F4xx_HAL_Driver\Src\stm32f4xx_hal_tim_ex.o
 .debug_aranges
                0x000002c0      0x368 Libraries\STM32F4xx_HAL_Driver\Src\stm32f4xx_hal_tim.o
 .debug_aranges
                0x00000628      0x190 Libraries\STM32F4xx_HAL_Driver\Src\stm32f4xx_hal_spi.o
 .debug_aranges
                0x000007b8       0x88 Libraries\STM32F4xx_HAL_Driver\Src\stm32f4xx_hal_rcc.o
 .debug_aranges
                0x00000840       0x58 Libraries\STM32F4xx_HAL_Driver\Src\stm32f4xx_hal_gpio.o
 .debug_aranges
                0x00000898      0x108 Libraries\STM32F4xx_HAL_Driver\Src\stm32f4xx_hal_cortex.o
 .debug_aranges
                0x000009a0       0xc0 Libraries\STM32F4xx_HAL_Driver\Src\stm32f4xx_hal.o
 .debug_aranges
                0x00000a60       0x48 Libraries\BSP\STM32F4-Discovery\stm32f4_discovery_accelerometer.o
 .debug_aranges
                0x00000aa8       0xd8 Libraries\BSP\STM32F4-Discovery\stm32f4_discovery.o
 .debug_aranges
                0x00000b80       0x68 Libraries\BSP\Components\lis3dsh\lis3dsh.o
 .debug_aranges
                0x00000be8       0x78 Libraries\BSP\Components\lis302dl\lis302dl.o

.debug_ranges   0x00000000      0xb58
 .debug_ranges  0x00000000       0x18 src\system_stm32f4xx.o
 .debug_ranges  0x00000018       0x50 src\stm32f4xx_it.o
 .debug_ranges  0x00000068       0x28 src\stm32f4xx_hal_msp.o
 .debug_ranges  0x00000090       0x20 src\startup_stm32f407xx.o
 .debug_ranges  0x000000b0       0x48 src\main.o
 .debug_ranges  0x000000f8       0x30 Libraries\STM32F4xx_HAL_Driver\Src\stm32f4xx_hal_timebase_tim_template.o
 .debug_ranges  0x00000128      0x130 Libraries\STM32F4xx_HAL_Driver\Src\stm32f4xx_hal_tim_ex.o
 .debug_ranges  0x00000258      0x358 Libraries\STM32F4xx_HAL_Driver\Src\stm32f4xx_hal_tim.o
 .debug_ranges  0x000005b0      0x180 Libraries\STM32F4xx_HAL_Driver\Src\stm32f4xx_hal_spi.o
 .debug_ranges  0x00000730       0x78 Libraries\STM32F4xx_HAL_Driver\Src\stm32f4xx_hal_rcc.o
 .debug_ranges  0x000007a8       0x48 Libraries\STM32F4xx_HAL_Driver\Src\stm32f4xx_hal_gpio.o
 .debug_ranges  0x000007f0       0xf8 Libraries\STM32F4xx_HAL_Driver\Src\stm32f4xx_hal_cortex.o
 .debug_ranges  0x000008e8       0xb0 Libraries\STM32F4xx_HAL_Driver\Src\stm32f4xx_hal.o
 .debug_ranges  0x00000998       0x38 Libraries\BSP\STM32F4-Discovery\stm32f4_discovery_accelerometer.o
 .debug_ranges  0x000009d0       0xc8 Libraries\BSP\STM32F4-Discovery\stm32f4_discovery.o
 .debug_ranges  0x00000a98       0x58 Libraries\BSP\Components\lis3dsh\lis3dsh.o
 .debug_ranges  0x00000af0       0x68 Libraries\BSP\Components\lis302dl\lis302dl.o

.debug_line     0x00000000     0x52f2
 .debug_line    0x00000000      0x1be src\system_stm32f4xx.o
 .debug_line    0x000001be      0x1ea src\stm32f4xx_it.o
 .debug_line    0x000003a8      0x272 src\stm32f4xx_hal_msp.o
 .debug_line    0x0000061a       0x7b src\startup_stm32f407xx.o
 .debug_line    0x00000695      0x429 src\main.o
 .debug_line    0x00000abe      0x2c4 Libraries\STM32F4xx_HAL_Driver\Src\stm32f4xx_hal_timebase_tim_template.o
 .debug_line    0x00000d82      0x811 Libraries\STM32F4xx_HAL_Driver\Src\stm32f4xx_hal_tim_ex.o
 .debug_line    0x00001593     0x1426 Libraries\STM32F4xx_HAL_Driver\Src\stm32f4xx_hal_tim.o
 .debug_line    0x000029b9      0x962 Libraries\STM32F4xx_HAL_Driver\Src\stm32f4xx_hal_spi.o
 .debug_line    0x0000331b      0x5c8 Libraries\STM32F4xx_HAL_Driver\Src\stm32f4xx_hal_rcc.o
 .debug_line    0x000038e3      0x3f9 Libraries\STM32F4xx_HAL_Driver\Src\stm32f4xx_hal_gpio.o
 .debug_line    0x00003cdc      0x51b Libraries\STM32F4xx_HAL_Driver\Src\stm32f4xx_hal_cortex.o
 .debug_line    0x000041f7      0x3cd Libraries\STM32F4xx_HAL_Driver\Src\stm32f4xx_hal.o
 .debug_line    0x000045c4      0x31f Libraries\BSP\STM32F4-Discovery\stm32f4_discovery_accelerometer.o
 .debug_line    0x000048e3      0x4c0 Libraries\BSP\STM32F4-Discovery\stm32f4_discovery.o
 .debug_line    0x00004da3      0x297 Libraries\BSP\Components\lis3dsh\lis3dsh.o
 .debug_line    0x0000503a      0x2b8 Libraries\BSP\Components\lis302dl\lis302dl.o

.debug_str      0x00000000     0x3d01
 .debug_str     0x00000000      0x31b src\system_stm32f4xx.o
                                0x37b (size before relaxing)
 .debug_str     0x0000031b       0xb2 src\stm32f4xx_it.o
                                0x248 (size before relaxing)
 .debug_str     0x000003cd      0x50c src\stm32f4xx_hal_msp.o
                                0x81c (size before relaxing)
 .debug_str     0x000008d9      0x85c src\main.o
                               0x104e (size before relaxing)
 .debug_str     0x00001135      0x113 Libraries\STM32F4xx_HAL_Driver\Src\stm32f4xx_hal_timebase_tim_template.o
                                0xdae (size before relaxing)
 .debug_str     0x00001248      0x598 Libraries\STM32F4xx_HAL_Driver\Src\stm32f4xx_hal_tim_ex.o
                                0xc7e (size before relaxing)
 .debug_str     0x000017e0      0xc04 Libraries\STM32F4xx_HAL_Driver\Src\stm32f4xx_hal_tim.o
                               0x13cb (size before relaxing)
 .debug_str     0x000023e4      0x5f8 Libraries\STM32F4xx_HAL_Driver\Src\stm32f4xx_hal_spi.o
                                0xaf8 (size before relaxing)
 .debug_str     0x000029dc      0x1c6 Libraries\STM32F4xx_HAL_Driver\Src\stm32f4xx_hal_rcc.o
                                0x6c6 (size before relaxing)
 .debug_str     0x00002ba2      0x176 Libraries\STM32F4xx_HAL_Driver\Src\stm32f4xx_hal_gpio.o
                                0x50c (size before relaxing)
 .debug_str     0x00002d18      0x312 Libraries\STM32F4xx_HAL_Driver\Src\stm32f4xx_hal_cortex.o
                                0xbfe (size before relaxing)
 .debug_str     0x0000302a      0x1b3 Libraries\STM32F4xx_HAL_Driver\Src\stm32f4xx_hal.o
                                0xa73 (size before relaxing)
 .debug_str     0x000031dd      0x2a6 Libraries\BSP\STM32F4-Discovery\stm32f4_discovery_accelerometer.o
                                0x4ad (size before relaxing)
 .debug_str     0x00003483      0x48d Libraries\BSP\STM32F4-Discovery\stm32f4_discovery.o
                               0x1219 (size before relaxing)
 .debug_str     0x00003910      0x22d Libraries\BSP\Components\lis3dsh\lis3dsh.o
                                0x48d (size before relaxing)
 .debug_str     0x00003b3d      0x1c4 Libraries\BSP\Components\lis302dl\lis302dl.o
                                0x464 (size before relaxing)

.comment        0x00000000       0x7e
 .comment       0x00000000       0x7e src\system_stm32f4xx.o
                                 0x7f (size before relaxing)
 .comment       0x0000007e       0x7f src\stm32f4xx_it.o
 .comment       0x0000007e       0x7f src\stm32f4xx_hal_msp.o
 .comment       0x0000007e       0x7f src\main.o
 .comment       0x0000007e       0x7f Libraries\STM32F4xx_HAL_Driver\Src\stm32f4xx_hal_timebase_tim_template.o
 .comment       0x0000007e       0x7f Libraries\STM32F4xx_HAL_Driver\Src\stm32f4xx_hal_tim_ex.o
 .comment       0x0000007e       0x7f Libraries\STM32F4xx_HAL_Driver\Src\stm32f4xx_hal_tim.o
 .comment       0x0000007e       0x7f Libraries\STM32F4xx_HAL_Driver\Src\stm32f4xx_hal_spi.o
 .comment       0x0000007e       0x7f Libraries\STM32F4xx_HAL_Driver\Src\stm32f4xx_hal_rcc.o
 .comment       0x0000007e       0x7f Libraries\STM32F4xx_HAL_Driver\Src\stm32f4xx_hal_gpio.o
 .comment       0x0000007e       0x7f Libraries\STM32F4xx_HAL_Driver\Src\stm32f4xx_hal_cortex.o
 .comment       0x0000007e       0x7f Libraries\STM32F4xx_HAL_Driver\Src\stm32f4xx_hal.o
 .comment       0x0000007e       0x7f Libraries\BSP\STM32F4-Discovery\stm32f4_discovery_accelerometer.o
 .comment       0x0000007e       0x7f Libraries\BSP\STM32F4-Discovery\stm32f4_discovery.o
 .comment       0x0000007e       0x7f Libraries\BSP\Components\lis3dsh\lis3dsh.o
 .comment       0x0000007e       0x7f Libraries\BSP\Components\lis302dl\lis302dl.o

.debug_frame    0x00000000     0x31c8
 .debug_frame   0x00000000       0x58 src\system_stm32f4xx.o
 .debug_frame   0x00000058      0x10c src\stm32f4xx_it.o
 .debug_frame   0x00000164       0x9c src\stm32f4xx_hal_msp.o
 .debug_frame   0x00000200      0x120 src\main.o
 .debug_frame   0x00000320       0xb4 Libraries\STM32F4xx_HAL_Driver\Src\stm32f4xx_hal_timebase_tim_template.o
 .debug_frame   0x000003d4      0x574 Libraries\STM32F4xx_HAL_Driver\Src\stm32f4xx_hal_tim_ex.o
 .debug_frame   0x00000948      0xfb4 Libraries\STM32F4xx_HAL_Driver\Src\stm32f4xx_hal_tim.o
 .debug_frame   0x000018fc      0x6f4 Libraries\STM32F4xx_HAL_Driver\Src\stm32f4xx_hal_spi.o
 .debug_frame   0x00001ff0      0x200 Libraries\STM32F4xx_HAL_Driver\Src\stm32f4xx_hal_rcc.o
 .debug_frame   0x000021f0      0x14c Libraries\STM32F4xx_HAL_Driver\Src\stm32f4xx_hal_gpio.o
 .debug_frame   0x0000233c      0x450 Libraries\STM32F4xx_HAL_Driver\Src\stm32f4xx_hal_cortex.o
 .debug_frame   0x0000278c      0x2c0 Libraries\STM32F4xx_HAL_Driver\Src\stm32f4xx_hal.o
 .debug_frame   0x00002a4c       0xd0 Libraries\BSP\STM32F4-Discovery\stm32f4_discovery_accelerometer.o
 .debug_frame   0x00002b1c      0x350 Libraries\BSP\STM32F4-Discovery\stm32f4_discovery.o
 .debug_frame   0x00002e6c      0x174 Libraries\BSP\Components\lis3dsh\lis3dsh.o
 .debug_frame   0x00002fe0      0x1bc Libraries\BSP\Components\lis302dl\lis302dl.o
 .debug_frame   0x0000319c       0x2c c:/program files (x86)/atollic/truestudio for arm 5.5.1/armtools/bin/../lib/gcc/arm-atollic-eabi/5.3.1/../../../../arm-atollic-eabi/lib/armv7e-m/fpu\libc_nano.a(lib_a-init.o)

.stabstr        0x00000000       0x3f
 .stabstr       0x00000000       0x3f c:/program files (x86)/atollic/truestudio for arm 5.5.1/armtools/bin/../lib/gcc/arm-atollic-eabi/5.3.1/../../../../arm-atollic-eabi/lib/armv7e-m/fpu\libnosys.a(write.o)

Cross Reference Table

Symbol                                            File
ACCELERO_IO_ITConfig                              Libraries\BSP\STM32F4-Discovery\stm32f4_discovery.o
                                                  Libraries\BSP\Components\lis302dl\lis302dl.o
                                                  Libraries\BSP\Components\lis3dsh\lis3dsh.o
ACCELERO_IO_Init                                  Libraries\BSP\STM32F4-Discovery\stm32f4_discovery.o
                                                  Libraries\BSP\Components\lis302dl\lis302dl.o
                                                  Libraries\BSP\Components\lis3dsh\lis3dsh.o
ACCELERO_IO_Read                                  Libraries\BSP\STM32F4-Discovery\stm32f4_discovery.o
                                                  Libraries\BSP\Components\lis302dl\lis302dl.o
                                                  Libraries\BSP\Components\lis3dsh\lis3dsh.o
ACCELERO_IO_Write                                 Libraries\BSP\STM32F4-Discovery\stm32f4_discovery.o
                                                  Libraries\BSP\Components\lis302dl\lis302dl.o
                                                  Libraries\BSP\Components\lis3dsh\lis3dsh.o
ADC_IRQHandler                                    src\startup_stm32f407xx.o
AHBPrescTable                                     src\system_stm32f4xx.o
APBAHBPrescTable                                  Libraries\STM32F4xx_HAL_Driver\Src\stm32f4xx_hal_rcc.o
AUDIO_IO_DeInit                                   Libraries\BSP\STM32F4-Discovery\stm32f4_discovery.o
                                                  Libraries\BSP\Components\cs43l22\cs43l22.o
                                                  Libraries\BSP\Components\wm8994\wm8994.o
AUDIO_IO_Delay                                    Libraries\BSP\Components\wm8994\wm8994.o
AUDIO_IO_Init                                     Libraries\BSP\STM32F4-Discovery\stm32f4_discovery.o
                                                  Libraries\BSP\Components\cs43l22\cs43l22.o
                                                  Libraries\BSP\Components\wm8994\wm8994.o
AUDIO_IO_Read                                     Libraries\BSP\STM32F4-Discovery\stm32f4_discovery.o
                                                  Libraries\BSP\Components\cs43l22\cs43l22.o
                                                  Libraries\BSP\Components\wm8994\wm8994.o
AUDIO_IO_Write                                    Libraries\BSP\STM32F4-Discovery\stm32f4_discovery.o
                                                  Libraries\BSP\Components\cs43l22\cs43l22.o
                                                  Libraries\BSP\Components\wm8994\wm8994.o
AudioInVolume                                     Libraries\BSP\STM32F4-Discovery\stm32f4_discovery_audio.o
BSP_ACCELERO_Click_ITClear                        Libraries\BSP\STM32F4-Discovery\stm32f4_discovery_accelerometer.o
BSP_ACCELERO_Click_ITConfig                       Libraries\BSP\STM32F4-Discovery\stm32f4_discovery_accelerometer.o
BSP_ACCELERO_GetXYZ                               Libraries\BSP\STM32F4-Discovery\stm32f4_discovery_accelerometer.o
                                                  src\main.o
BSP_ACCELERO_Init                                 Libraries\BSP\STM32F4-Discovery\stm32f4_discovery_accelerometer.o
                                                  src\main.o
BSP_ACCELERO_ReadID                               Libraries\BSP\STM32F4-Discovery\stm32f4_discovery_accelerometer.o
BSP_ACCELERO_Reset                                Libraries\BSP\STM32F4-Discovery\stm32f4_discovery_accelerometer.o
BSP_AUDIO_IN_Error_Callback                       Libraries\BSP\STM32F4-Discovery\stm32f4_discovery_audio.o
BSP_AUDIO_IN_HalfTransfer_CallBack                Libraries\BSP\STM32F4-Discovery\stm32f4_discovery_audio.o
BSP_AUDIO_IN_Init                                 Libraries\BSP\STM32F4-Discovery\stm32f4_discovery_audio.o
BSP_AUDIO_IN_PDMToPCM                             Libraries\BSP\STM32F4-Discovery\stm32f4_discovery_audio.o
BSP_AUDIO_IN_Pause                                Libraries\BSP\STM32F4-Discovery\stm32f4_discovery_audio.o
BSP_AUDIO_IN_Record                               Libraries\BSP\STM32F4-Discovery\stm32f4_discovery_audio.o
BSP_AUDIO_IN_Resume                               Libraries\BSP\STM32F4-Discovery\stm32f4_discovery_audio.o
BSP_AUDIO_IN_SetVolume                            Libraries\BSP\STM32F4-Discovery\stm32f4_discovery_audio.o
BSP_AUDIO_IN_Stop                                 Libraries\BSP\STM32F4-Discovery\stm32f4_discovery_audio.o
BSP_AUDIO_IN_TransferComplete_CallBack            Libraries\BSP\STM32F4-Discovery\stm32f4_discovery_audio.o
BSP_AUDIO_OUT_ChangeBuffer                        Libraries\BSP\STM32F4-Discovery\stm32f4_discovery_audio.o
BSP_AUDIO_OUT_Error_CallBack                      Libraries\BSP\STM32F4-Discovery\stm32f4_discovery_audio.o
BSP_AUDIO_OUT_HalfTransfer_CallBack               Libraries\BSP\STM32F4-Discovery\stm32f4_discovery_audio.o
BSP_AUDIO_OUT_Init                                Libraries\BSP\STM32F4-Discovery\stm32f4_discovery_audio.o
BSP_AUDIO_OUT_Pause                               Libraries\BSP\STM32F4-Discovery\stm32f4_discovery_audio.o
BSP_AUDIO_OUT_Play                                Libraries\BSP\STM32F4-Discovery\stm32f4_discovery_audio.o
BSP_AUDIO_OUT_Resume                              Libraries\BSP\STM32F4-Discovery\stm32f4_discovery_audio.o
BSP_AUDIO_OUT_SetFrequency                        Libraries\BSP\STM32F4-Discovery\stm32f4_discovery_audio.o
BSP_AUDIO_OUT_SetMute                             Libraries\BSP\STM32F4-Discovery\stm32f4_discovery_audio.o
BSP_AUDIO_OUT_SetOutputMode                       Libraries\BSP\STM32F4-Discovery\stm32f4_discovery_audio.o
BSP_AUDIO_OUT_SetVolume                           Libraries\BSP\STM32F4-Discovery\stm32f4_discovery_audio.o
BSP_AUDIO_OUT_Stop                                Libraries\BSP\STM32F4-Discovery\stm32f4_discovery_audio.o
BSP_AUDIO_OUT_TransferComplete_CallBack           Libraries\BSP\STM32F4-Discovery\stm32f4_discovery_audio.o
BSP_GetVersion                                    Libraries\BSP\STM32F4-Discovery\stm32f4_discovery.o
BSP_LED_Init                                      Libraries\BSP\STM32F4-Discovery\stm32f4_discovery.o
                                                  src\main.o
BSP_LED_Off                                       Libraries\BSP\STM32F4-Discovery\stm32f4_discovery.o
BSP_LED_On                                        Libraries\BSP\STM32F4-Discovery\stm32f4_discovery.o
                                                  src\main.o
BSP_LED_Toggle                                    Libraries\BSP\STM32F4-Discovery\stm32f4_discovery.o
                                                  src\main.o
BSP_PB_GetState                                   Libraries\BSP\STM32F4-Discovery\stm32f4_discovery.o
BSP_PB_Init                                       Libraries\BSP\STM32F4-Discovery\stm32f4_discovery.o
                                                  src\main.o
BUTTON_IRQn                                       Libraries\BSP\STM32F4-Discovery\stm32f4_discovery.o
BUTTON_PIN                                        Libraries\BSP\STM32F4-Discovery\stm32f4_discovery.o
BUTTON_PORT                                       Libraries\BSP\STM32F4-Discovery\stm32f4_discovery.o
Buffer                                            src\main.o
BusFault_Handler                                  src\stm32f4xx_it.o
CAMERA_Delay                                      Libraries\BSP\Components\ov2640\ov2640.o
                                                  Libraries\BSP\Components\s5k5cag\s5k5cag.o
CAMERA_IO_Init                                    Libraries\BSP\Components\ov2640\ov2640.o
                                                  Libraries\BSP\Components\s5k5cag\s5k5cag.o
CAMERA_IO_Read                                    Libraries\BSP\Components\ov2640\ov2640.o
                                                  Libraries\BSP\Components\s5k5cag\s5k5cag.o
CAMERA_IO_Write                                   Libraries\BSP\Components\ov2640\ov2640.o
                                                  Libraries\BSP\Components\s5k5cag\s5k5cag.o
CAN1_RX0_IRQHandler                               src\startup_stm32f407xx.o
CAN1_RX1_IRQHandler                               src\startup_stm32f407xx.o
CAN1_SCE_IRQHandler                               src\startup_stm32f407xx.o
CAN1_TX_IRQHandler                                src\startup_stm32f407xx.o
CAN2_RX0_IRQHandler                               src\startup_stm32f407xx.o
CAN2_RX1_IRQHandler                               src\startup_stm32f407xx.o
CAN2_SCE_IRQHandler                               src\startup_stm32f407xx.o
CAN2_TX_IRQHandler                                src\startup_stm32f407xx.o
COMPASSACCELERO_IO_ITConfig                       Libraries\BSP\Components\lsm303dlhc\lsm303dlhc.o
COMPASSACCELERO_IO_Init                           Libraries\BSP\Components\lsm303dlhc\lsm303dlhc.o
COMPASSACCELERO_IO_Read                           Libraries\BSP\Components\lsm303dlhc\lsm303dlhc.o
COMPASSACCELERO_IO_Write                          Libraries\BSP\Components\lsm303dlhc\lsm303dlhc.o
Counter                                           src\main.o
DAC_DMAConvCpltCh2                                Libraries\STM32F4xx_HAL_Driver\Src\stm32f4xx_hal_dac_ex.o
                                                  Libraries\STM32F4xx_HAL_Driver\Src\stm32f4xx_hal_dac.o
DAC_DMAErrorCh2                                   Libraries\STM32F4xx_HAL_Driver\Src\stm32f4xx_hal_dac_ex.o
                                                  Libraries\STM32F4xx_HAL_Driver\Src\stm32f4xx_hal_dac.o
DAC_DMAHalfConvCpltCh2                            Libraries\STM32F4xx_HAL_Driver\Src\stm32f4xx_hal_dac_ex.o
                                                  Libraries\STM32F4xx_HAL_Driver\Src\stm32f4xx_hal_dac.o
DCMI_IRQHandler                                   src\startup_stm32f407xx.o
DMA1_Stream0_IRQHandler                           src\startup_stm32f407xx.o
DMA1_Stream1_IRQHandler                           src\startup_stm32f407xx.o
DMA1_Stream2_IRQHandler                           src\startup_stm32f407xx.o
DMA1_Stream3_IRQHandler                           src\startup_stm32f407xx.o
DMA1_Stream4_IRQHandler                           src\startup_stm32f407xx.o
DMA1_Stream5_IRQHandler                           src\startup_stm32f407xx.o
DMA1_Stream6_IRQHandler                           src\startup_stm32f407xx.o
DMA1_Stream7_IRQHandler                           src\startup_stm32f407xx.o
DMA2_Stream0_IRQHandler                           src\startup_stm32f407xx.o
DMA2_Stream1_IRQHandler                           src\startup_stm32f407xx.o
DMA2_Stream2_IRQHandler                           src\startup_stm32f407xx.o
DMA2_Stream3_IRQHandler                           src\startup_stm32f407xx.o
DMA2_Stream4_IRQHandler                           src\startup_stm32f407xx.o
DMA2_Stream5_IRQHandler                           src\startup_stm32f407xx.o
DMA2_Stream6_IRQHandler                           src\startup_stm32f407xx.o
DMA2_Stream7_IRQHandler                           src\startup_stm32f407xx.o
DSI_IO_WriteCmd                                   Libraries\BSP\Components\otm8009a\otm8009a.o
DebugMon_Handler                                  src\stm32f4xx_it.o
Default_Handler                                   src\startup_stm32f407xx.o
ETH_IRQHandler                                    src\startup_stm32f407xx.o
ETH_WKUP_IRQHandler                               src\startup_stm32f407xx.o
EXTI0_IRQHandler                                  src\startup_stm32f407xx.o
EXTI15_10_IRQHandler                              src\startup_stm32f407xx.o
EXTI1_IRQHandler                                  src\startup_stm32f407xx.o
EXTI2_IRQHandler                                  src\startup_stm32f407xx.o
EXTI3_IRQHandler                                  src\startup_stm32f407xx.o
EXTI4_IRQHandler                                  src\startup_stm32f407xx.o
EXTI9_5_IRQHandler                                src\startup_stm32f407xx.o
FLASH_Erase_Sector                                Libraries\STM32F4xx_HAL_Driver\Src\stm32f4xx_hal_flash_ex.o
                                                  Libraries\STM32F4xx_HAL_Driver\Src\stm32f4xx_hal_flash.o
FLASH_FlushCaches                                 Libraries\STM32F4xx_HAL_Driver\Src\stm32f4xx_hal_flash_ex.o
                                                  Libraries\STM32F4xx_HAL_Driver\Src\stm32f4xx_hal_flash.o
FLASH_IRQHandler                                  src\startup_stm32f407xx.o
FLASH_WaitForLastOperation                        Libraries\STM32F4xx_HAL_Driver\Src\stm32f4xx_hal_flash.o
                                                  Libraries\STM32F4xx_HAL_Driver\Src\stm32f4xx_hal_flash_ex.o
FPU_IRQHandler                                    src\startup_stm32f407xx.o
FSMC_IRQHandler                                   src\startup_stm32f407xx.o
Filter                                            Libraries\BSP\STM32F4-Discovery\stm32f4_discovery_audio.o
GPIO_PIN                                          Libraries\BSP\STM32F4-Discovery\stm32f4_discovery.o
GPIO_PORT                                         Libraries\BSP\STM32F4-Discovery\stm32f4_discovery.o
GYRO_IO_Init                                      Libraries\BSP\Components\l3gd20\l3gd20.o
GYRO_IO_Read                                      Libraries\BSP\Components\l3gd20\l3gd20.o
GYRO_IO_Write                                     Libraries\BSP\Components\l3gd20\l3gd20.o
HAL_ADCEx_InjectedConfigChannel                   Libraries\STM32F4xx_HAL_Driver\Src\stm32f4xx_hal_adc_ex.o
HAL_ADCEx_InjectedConvCpltCallback                Libraries\STM32F4xx_HAL_Driver\Src\stm32f4xx_hal_adc_ex.o
                                                  Libraries\STM32F4xx_HAL_Driver\Src\stm32f4xx_hal_adc.o
HAL_ADCEx_InjectedGetValue                        Libraries\STM32F4xx_HAL_Driver\Src\stm32f4xx_hal_adc_ex.o
HAL_ADCEx_InjectedPollForConversion               Libraries\STM32F4xx_HAL_Driver\Src\stm32f4xx_hal_adc_ex.o
HAL_ADCEx_InjectedStart                           Libraries\STM32F4xx_HAL_Driver\Src\stm32f4xx_hal_adc_ex.o
HAL_ADCEx_InjectedStart_IT                        Libraries\STM32F4xx_HAL_Driver\Src\stm32f4xx_hal_adc_ex.o
HAL_ADCEx_InjectedStop                            Libraries\STM32F4xx_HAL_Driver\Src\stm32f4xx_hal_adc_ex.o
HAL_ADCEx_InjectedStop_IT                         Libraries\STM32F4xx_HAL_Driver\Src\stm32f4xx_hal_adc_ex.o
HAL_ADCEx_MultiModeConfigChannel                  Libraries\STM32F4xx_HAL_Driver\Src\stm32f4xx_hal_adc_ex.o
HAL_ADCEx_MultiModeGetValue                       Libraries\STM32F4xx_HAL_Driver\Src\stm32f4xx_hal_adc_ex.o
HAL_ADCEx_MultiModeStart_DMA                      Libraries\STM32F4xx_HAL_Driver\Src\stm32f4xx_hal_adc_ex.o
HAL_ADCEx_MultiModeStop_DMA                       Libraries\STM32F4xx_HAL_Driver\Src\stm32f4xx_hal_adc_ex.o
HAL_ADC_AnalogWDGConfig                           Libraries\STM32F4xx_HAL_Driver\Src\stm32f4xx_hal_adc.o
HAL_ADC_ConfigChannel                             Libraries\STM32F4xx_HAL_Driver\Src\stm32f4xx_hal_adc.o
HAL_ADC_ConvCpltCallback                          Libraries\STM32F4xx_HAL_Driver\Src\stm32f4xx_hal_adc.o
                                                  Libraries\STM32F4xx_HAL_Driver\Src\stm32f4xx_hal_adc_ex.o
HAL_ADC_ConvHalfCpltCallback                      Libraries\STM32F4xx_HAL_Driver\Src\stm32f4xx_hal_adc.o
                                                  Libraries\STM32F4xx_HAL_Driver\Src\stm32f4xx_hal_adc_ex.o
HAL_ADC_DeInit                                    Libraries\STM32F4xx_HAL_Driver\Src\stm32f4xx_hal_adc.o
HAL_ADC_ErrorCallback                             Libraries\STM32F4xx_HAL_Driver\Src\stm32f4xx_hal_adc.o
                                                  Libraries\STM32F4xx_HAL_Driver\Src\stm32f4xx_hal_adc_ex.o
HAL_ADC_GetError                                  Libraries\STM32F4xx_HAL_Driver\Src\stm32f4xx_hal_adc.o
HAL_ADC_GetState                                  Libraries\STM32F4xx_HAL_Driver\Src\stm32f4xx_hal_adc.o
HAL_ADC_GetValue                                  Libraries\STM32F4xx_HAL_Driver\Src\stm32f4xx_hal_adc.o
HAL_ADC_IRQHandler                                Libraries\STM32F4xx_HAL_Driver\Src\stm32f4xx_hal_adc.o
HAL_ADC_Init                                      Libraries\STM32F4xx_HAL_Driver\Src\stm32f4xx_hal_adc.o
HAL_ADC_LevelOutOfWindowCallback                  Libraries\STM32F4xx_HAL_Driver\Src\stm32f4xx_hal_adc.o
HAL_ADC_MspDeInit                                 Libraries\STM32F4xx_HAL_Driver\Src\stm32f4xx_hal_adc.o
HAL_ADC_MspInit                                   Libraries\STM32F4xx_HAL_Driver\Src\stm32f4xx_hal_adc.o
HAL_ADC_PollForConversion                         Libraries\STM32F4xx_HAL_Driver\Src\stm32f4xx_hal_adc.o
HAL_ADC_PollForEvent                              Libraries\STM32F4xx_HAL_Driver\Src\stm32f4xx_hal_adc.o
HAL_ADC_Start                                     Libraries\STM32F4xx_HAL_Driver\Src\stm32f4xx_hal_adc.o
HAL_ADC_Start_DMA                                 Libraries\STM32F4xx_HAL_Driver\Src\stm32f4xx_hal_adc.o
HAL_ADC_Start_IT                                  Libraries\STM32F4xx_HAL_Driver\Src\stm32f4xx_hal_adc.o
HAL_ADC_Stop                                      Libraries\STM32F4xx_HAL_Driver\Src\stm32f4xx_hal_adc.o
HAL_ADC_Stop_DMA                                  Libraries\STM32F4xx_HAL_Driver\Src\stm32f4xx_hal_adc.o
HAL_ADC_Stop_IT                                   Libraries\STM32F4xx_HAL_Driver\Src\stm32f4xx_hal_adc.o
HAL_DACEx_ConvCpltCallbackCh2                     Libraries\STM32F4xx_HAL_Driver\Src\stm32f4xx_hal_dac_ex.o
HAL_DACEx_ConvHalfCpltCallbackCh2                 Libraries\STM32F4xx_HAL_Driver\Src\stm32f4xx_hal_dac_ex.o
HAL_DACEx_DMAUnderrunCallbackCh2                  Libraries\STM32F4xx_HAL_Driver\Src\stm32f4xx_hal_dac_ex.o
                                                  Libraries\STM32F4xx_HAL_Driver\Src\stm32f4xx_hal_dac.o
HAL_DACEx_DualGetValue                            Libraries\STM32F4xx_HAL_Driver\Src\stm32f4xx_hal_dac_ex.o
HAL_DACEx_DualSetValue                            Libraries\STM32F4xx_HAL_Driver\Src\stm32f4xx_hal_dac_ex.o
HAL_DACEx_ErrorCallbackCh2                        Libraries\STM32F4xx_HAL_Driver\Src\stm32f4xx_hal_dac_ex.o
HAL_DACEx_NoiseWaveGenerate                       Libraries\STM32F4xx_HAL_Driver\Src\stm32f4xx_hal_dac_ex.o
HAL_DACEx_TriangleWaveGenerate                    Libraries\STM32F4xx_HAL_Driver\Src\stm32f4xx_hal_dac_ex.o
HAL_DAC_ConfigChannel                             Libraries\STM32F4xx_HAL_Driver\Src\stm32f4xx_hal_dac.o
HAL_DAC_ConvCpltCallbackCh1                       Libraries\STM32F4xx_HAL_Driver\Src\stm32f4xx_hal_dac.o
HAL_DAC_ConvHalfCpltCallbackCh1                   Libraries\STM32F4xx_HAL_Driver\Src\stm32f4xx_hal_dac.o
HAL_DAC_DMAUnderrunCallbackCh1                    Libraries\STM32F4xx_HAL_Driver\Src\stm32f4xx_hal_dac.o
HAL_DAC_DeInit                                    Libraries\STM32F4xx_HAL_Driver\Src\stm32f4xx_hal_dac.o
HAL_DAC_ErrorCallbackCh1                          Libraries\STM32F4xx_HAL_Driver\Src\stm32f4xx_hal_dac.o
HAL_DAC_GetError                                  Libraries\STM32F4xx_HAL_Driver\Src\stm32f4xx_hal_dac.o
HAL_DAC_GetState                                  Libraries\STM32F4xx_HAL_Driver\Src\stm32f4xx_hal_dac.o
HAL_DAC_GetValue                                  Libraries\STM32F4xx_HAL_Driver\Src\stm32f4xx_hal_dac.o
HAL_DAC_IRQHandler                                Libraries\STM32F4xx_HAL_Driver\Src\stm32f4xx_hal_dac.o
HAL_DAC_Init                                      Libraries\STM32F4xx_HAL_Driver\Src\stm32f4xx_hal_dac.o
HAL_DAC_MspDeInit                                 Libraries\STM32F4xx_HAL_Driver\Src\stm32f4xx_hal_dac.o
HAL_DAC_MspInit                                   Libraries\STM32F4xx_HAL_Driver\Src\stm32f4xx_hal_dac.o
HAL_DAC_SetValue                                  Libraries\STM32F4xx_HAL_Driver\Src\stm32f4xx_hal_dac.o
HAL_DAC_Start                                     Libraries\STM32F4xx_HAL_Driver\Src\stm32f4xx_hal_dac.o
HAL_DAC_Start_DMA                                 Libraries\STM32F4xx_HAL_Driver\Src\stm32f4xx_hal_dac.o
HAL_DAC_Stop                                      Libraries\STM32F4xx_HAL_Driver\Src\stm32f4xx_hal_dac.o
HAL_DAC_Stop_DMA                                  Libraries\STM32F4xx_HAL_Driver\Src\stm32f4xx_hal_dac.o
HAL_DBGMCU_DisableDBGSleepMode                    Libraries\STM32F4xx_HAL_Driver\Src\stm32f4xx_hal.o
HAL_DBGMCU_DisableDBGStandbyMode                  Libraries\STM32F4xx_HAL_Driver\Src\stm32f4xx_hal.o
HAL_DBGMCU_DisableDBGStopMode                     Libraries\STM32F4xx_HAL_Driver\Src\stm32f4xx_hal.o
HAL_DBGMCU_EnableDBGSleepMode                     Libraries\STM32F4xx_HAL_Driver\Src\stm32f4xx_hal.o
HAL_DBGMCU_EnableDBGStandbyMode                   Libraries\STM32F4xx_HAL_Driver\Src\stm32f4xx_hal.o
HAL_DBGMCU_EnableDBGStopMode                      Libraries\STM32F4xx_HAL_Driver\Src\stm32f4xx_hal.o
HAL_DMAEx_ChangeMemory                            Libraries\STM32F4xx_HAL_Driver\Src\stm32f4xx_hal_dma_ex.o
HAL_DMAEx_MultiBufferStart                        Libraries\STM32F4xx_HAL_Driver\Src\stm32f4xx_hal_dma_ex.o
HAL_DMAEx_MultiBufferStart_IT                     Libraries\STM32F4xx_HAL_Driver\Src\stm32f4xx_hal_dma_ex.o
HAL_DMA_Abort                                     Libraries\STM32F4xx_HAL_Driver\Src\stm32f4xx_hal_dma.o
                                                  Libraries\STM32F4xx_HAL_Driver\Src\stm32f4xx_hal_adc.o
                                                  Libraries\STM32F4xx_HAL_Driver\Src\stm32f4xx_hal_adc_ex.o
                                                  Libraries\STM32F4xx_HAL_Driver\Src\stm32f4xx_hal_dac.o
                                                  Libraries\STM32F4xx_HAL_Driver\Src\stm32f4xx_hal_i2s.o
                                                  Libraries\STM32F4xx_HAL_Driver\Src\stm32f4xx_hal_i2s_ex.o
                                                  Libraries\STM32F4xx_HAL_Driver\Src\stm32f4xx_hal_spi.o
                                                  Libraries\STM32F4xx_HAL_Driver\Src\stm32f4xx_hal_tim.o
                                                  Libraries\STM32F4xx_HAL_Driver\Src\stm32f4xx_hal_uart.o
HAL_DMA_DeInit                                    Libraries\STM32F4xx_HAL_Driver\Src\stm32f4xx_hal_dma.o
                                                  Libraries\BSP\STM32F4-Discovery\stm32f4_discovery_audio.o
HAL_DMA_GetError                                  Libraries\STM32F4xx_HAL_Driver\Src\stm32f4xx_hal_dma.o
HAL_DMA_GetState                                  Libraries\STM32F4xx_HAL_Driver\Src\stm32f4xx_hal_dma.o
HAL_DMA_IRQHandler                                Libraries\STM32F4xx_HAL_Driver\Src\stm32f4xx_hal_dma.o
HAL_DMA_Init                                      Libraries\STM32F4xx_HAL_Driver\Src\stm32f4xx_hal_dma.o
                                                  Libraries\BSP\STM32F4-Discovery\stm32f4_discovery_audio.o
HAL_DMA_PollForTransfer                           Libraries\STM32F4xx_HAL_Driver\Src\stm32f4xx_hal_dma.o
HAL_DMA_Start                                     Libraries\STM32F4xx_HAL_Driver\Src\stm32f4xx_hal_dma.o
HAL_DMA_Start_IT                                  Libraries\STM32F4xx_HAL_Driver\Src\stm32f4xx_hal_dma.o
                                                  Libraries\STM32F4xx_HAL_Driver\Src\stm32f4xx_hal_adc.o
                                                  Libraries\STM32F4xx_HAL_Driver\Src\stm32f4xx_hal_adc_ex.o
                                                  Libraries\STM32F4xx_HAL_Driver\Src\stm32f4xx_hal_dac.o
                                                  Libraries\STM32F4xx_HAL_Driver\Src\stm32f4xx_hal_i2c.o
                                                  Libraries\STM32F4xx_HAL_Driver\Src\stm32f4xx_hal_i2s.o
                                                  Libraries\STM32F4xx_HAL_Driver\Src\stm32f4xx_hal_i2s_ex.o
                                                  Libraries\STM32F4xx_HAL_Driver\Src\stm32f4xx_hal_spi.o
                                                  Libraries\STM32F4xx_HAL_Driver\Src\stm32f4xx_hal_tim.o
                                                  Libraries\STM32F4xx_HAL_Driver\Src\stm32f4xx_hal_tim_ex.o
                                                  Libraries\STM32F4xx_HAL_Driver\Src\stm32f4xx_hal_uart.o
HAL_DeInit                                        Libraries\STM32F4xx_HAL_Driver\Src\stm32f4xx_hal.o
HAL_Delay                                         Libraries\STM32F4xx_HAL_Driver\Src\stm32f4xx_hal.o
                                                  Libraries\BSP\STM32F4-Discovery\stm32f4_discovery.o
                                                  Libraries\BSP\STM32F4-Discovery\stm32f4_discovery_audio.o
                                                  Libraries\STM32F4xx_HAL_Driver\Src\stm32f4xx_ll_usb.o
                                                  src\main.o
HAL_DisableCompensationCell                       Libraries\STM32F4xx_HAL_Driver\Src\stm32f4xx_hal.o
HAL_EnableCompensationCell                        Libraries\STM32F4xx_HAL_Driver\Src\stm32f4xx_hal.o
HAL_FLASHEx_Erase                                 Libraries\STM32F4xx_HAL_Driver\Src\stm32f4xx_hal_flash_ex.o
HAL_FLASHEx_Erase_IT                              Libraries\STM32F4xx_HAL_Driver\Src\stm32f4xx_hal_flash_ex.o
HAL_FLASHEx_OBGetConfig                           Libraries\STM32F4xx_HAL_Driver\Src\stm32f4xx_hal_flash_ex.o
HAL_FLASHEx_OBProgram                             Libraries\STM32F4xx_HAL_Driver\Src\stm32f4xx_hal_flash_ex.o
HAL_FLASH_EndOfOperationCallback                  Libraries\STM32F4xx_HAL_Driver\Src\stm32f4xx_hal_flash.o
HAL_FLASH_GetError                                Libraries\STM32F4xx_HAL_Driver\Src\stm32f4xx_hal_flash.o
HAL_FLASH_IRQHandler                              Libraries\STM32F4xx_HAL_Driver\Src\stm32f4xx_hal_flash.o
HAL_FLASH_Lock                                    Libraries\STM32F4xx_HAL_Driver\Src\stm32f4xx_hal_flash.o
HAL_FLASH_OB_Launch                               Libraries\STM32F4xx_HAL_Driver\Src\stm32f4xx_hal_flash.o
HAL_FLASH_OB_Lock                                 Libraries\STM32F4xx_HAL_Driver\Src\stm32f4xx_hal_flash.o
HAL_FLASH_OB_Unlock                               Libraries\STM32F4xx_HAL_Driver\Src\stm32f4xx_hal_flash.o
HAL_FLASH_OperationErrorCallback                  Libraries\STM32F4xx_HAL_Driver\Src\stm32f4xx_hal_flash.o
HAL_FLASH_Program                                 Libraries\STM32F4xx_HAL_Driver\Src\stm32f4xx_hal_flash.o
HAL_FLASH_Program_IT                              Libraries\STM32F4xx_HAL_Driver\Src\stm32f4xx_hal_flash.o
HAL_FLASH_Unlock                                  Libraries\STM32F4xx_HAL_Driver\Src\stm32f4xx_hal_flash.o
HAL_GPIO_DeInit                                   Libraries\STM32F4xx_HAL_Driver\Src\stm32f4xx_hal_gpio.o
HAL_GPIO_EXTI_Callback                            Libraries\STM32F4xx_HAL_Driver\Src\stm32f4xx_hal_gpio.o
HAL_GPIO_EXTI_IRQHandler                          Libraries\STM32F4xx_HAL_Driver\Src\stm32f4xx_hal_gpio.o
HAL_GPIO_Init                                     Libraries\STM32F4xx_HAL_Driver\Src\stm32f4xx_hal_gpio.o
                                                  Libraries\BSP\STM32F4-Discovery\stm32f4_discovery.o
                                                  Libraries\BSP\STM32F4-Discovery\stm32f4_discovery_audio.o
                                                  Libraries\STM32F4xx_HAL_Driver\Src\stm32f4xx_hal_rcc.o
                                                  src\stm32f4xx_hal_msp.o
HAL_GPIO_LockPin                                  Libraries\STM32F4xx_HAL_Driver\Src\stm32f4xx_hal_gpio.o
HAL_GPIO_ReadPin                                  Libraries\STM32F4xx_HAL_Driver\Src\stm32f4xx_hal_gpio.o
                                                  Libraries\BSP\STM32F4-Discovery\stm32f4_discovery.o
HAL_GPIO_TogglePin                                Libraries\STM32F4xx_HAL_Driver\Src\stm32f4xx_hal_gpio.o
                                                  Libraries\BSP\STM32F4-Discovery\stm32f4_discovery.o
HAL_GPIO_WritePin                                 Libraries\STM32F4xx_HAL_Driver\Src\stm32f4xx_hal_gpio.o
                                                  Libraries\BSP\STM32F4-Discovery\stm32f4_discovery.o
                                                  Libraries\BSP\STM32F4-Discovery\stm32f4_discovery_audio.o
HAL_GetDEVID                                      Libraries\STM32F4xx_HAL_Driver\Src\stm32f4xx_hal.o
HAL_GetHalVersion                                 Libraries\STM32F4xx_HAL_Driver\Src\stm32f4xx_hal.o
HAL_GetREVID                                      Libraries\STM32F4xx_HAL_Driver\Src\stm32f4xx_hal.o
                                                  src\main.o
HAL_GetTick                                       Libraries\STM32F4xx_HAL_Driver\Src\stm32f4xx_hal.o
                                                  Libraries\STM32F4xx_HAL_Driver\Src\stm32f4xx_hal_adc.o
                                                  Libraries\STM32F4xx_HAL_Driver\Src\stm32f4xx_hal_adc_ex.o
                                                  Libraries\STM32F4xx_HAL_Driver\Src\stm32f4xx_hal_dma.o
                                                  Libraries\STM32F4xx_HAL_Driver\Src\stm32f4xx_hal_flash.o
                                                  Libraries\STM32F4xx_HAL_Driver\Src\stm32f4xx_hal_i2c.o
                                                  Libraries\STM32F4xx_HAL_Driver\Src\stm32f4xx_hal_i2s.o
                                                  Libraries\STM32F4xx_HAL_Driver\Src\stm32f4xx_hal_i2s_ex.o
                                                  Libraries\STM32F4xx_HAL_Driver\Src\stm32f4xx_hal_iwdg.o
                                                  Libraries\STM32F4xx_HAL_Driver\Src\stm32f4xx_hal_pwr_ex.o
                                                  Libraries\STM32F4xx_HAL_Driver\Src\stm32f4xx_hal_rcc.o
                                                  Libraries\STM32F4xx_HAL_Driver\Src\stm32f4xx_hal_rcc_ex.o
                                                  Libraries\STM32F4xx_HAL_Driver\Src\stm32f4xx_hal_spi.o
                                                  Libraries\STM32F4xx_HAL_Driver\Src\stm32f4xx_hal_uart.o
HAL_HalfDuplex_EnableReceiver                     Libraries\STM32F4xx_HAL_Driver\Src\stm32f4xx_hal_uart.o
HAL_HalfDuplex_EnableTransmitter                  Libraries\STM32F4xx_HAL_Driver\Src\stm32f4xx_hal_uart.o
HAL_HalfDuplex_Init                               Libraries\STM32F4xx_HAL_Driver\Src\stm32f4xx_hal_uart.o
HAL_I2C_AddrCallback                              Libraries\STM32F4xx_HAL_Driver\Src\stm32f4xx_hal_i2c.o
HAL_I2C_DeInit                                    Libraries\STM32F4xx_HAL_Driver\Src\stm32f4xx_hal_i2c.o
                                                  Libraries\BSP\STM32F4-Discovery\stm32f4_discovery.o
HAL_I2C_DisableListen_IT                          Libraries\STM32F4xx_HAL_Driver\Src\stm32f4xx_hal_i2c.o
HAL_I2C_ER_IRQHandler                             Libraries\STM32F4xx_HAL_Driver\Src\stm32f4xx_hal_i2c.o
HAL_I2C_EV_IRQHandler                             Libraries\STM32F4xx_HAL_Driver\Src\stm32f4xx_hal_i2c.o
HAL_I2C_EnableListen_IT                           Libraries\STM32F4xx_HAL_Driver\Src\stm32f4xx_hal_i2c.o
HAL_I2C_ErrorCallback                             Libraries\STM32F4xx_HAL_Driver\Src\stm32f4xx_hal_i2c.o
HAL_I2C_GetError                                  Libraries\STM32F4xx_HAL_Driver\Src\stm32f4xx_hal_i2c.o
HAL_I2C_GetMode                                   Libraries\STM32F4xx_HAL_Driver\Src\stm32f4xx_hal_i2c.o
HAL_I2C_GetState                                  Libraries\STM32F4xx_HAL_Driver\Src\stm32f4xx_hal_i2c.o
                                                  Libraries\BSP\STM32F4-Discovery\stm32f4_discovery.o
HAL_I2C_Init                                      Libraries\STM32F4xx_HAL_Driver\Src\stm32f4xx_hal_i2c.o
                                                  Libraries\BSP\STM32F4-Discovery\stm32f4_discovery.o
HAL_I2C_IsDeviceReady                             Libraries\STM32F4xx_HAL_Driver\Src\stm32f4xx_hal_i2c.o
HAL_I2C_ListenCpltCallback                        Libraries\STM32F4xx_HAL_Driver\Src\stm32f4xx_hal_i2c.o
HAL_I2C_MasterRxCpltCallback                      Libraries\STM32F4xx_HAL_Driver\Src\stm32f4xx_hal_i2c.o
HAL_I2C_MasterTxCpltCallback                      Libraries\STM32F4xx_HAL_Driver\Src\stm32f4xx_hal_i2c.o
HAL_I2C_Master_Abort_IT                           Libraries\STM32F4xx_HAL_Driver\Src\stm32f4xx_hal_i2c.o
HAL_I2C_Master_Receive                            Libraries\STM32F4xx_HAL_Driver\Src\stm32f4xx_hal_i2c.o
HAL_I2C_Master_Receive_DMA                        Libraries\STM32F4xx_HAL_Driver\Src\stm32f4xx_hal_i2c.o
HAL_I2C_Master_Receive_IT                         Libraries\STM32F4xx_HAL_Driver\Src\stm32f4xx_hal_i2c.o
HAL_I2C_Master_Sequential_Receive_IT              Libraries\STM32F4xx_HAL_Driver\Src\stm32f4xx_hal_i2c.o
HAL_I2C_Master_Sequential_Transmit_IT             Libraries\STM32F4xx_HAL_Driver\Src\stm32f4xx_hal_i2c.o
HAL_I2C_Master_Transmit                           Libraries\STM32F4xx_HAL_Driver\Src\stm32f4xx_hal_i2c.o
HAL_I2C_Master_Transmit_DMA                       Libraries\STM32F4xx_HAL_Driver\Src\stm32f4xx_hal_i2c.o
HAL_I2C_Master_Transmit_IT                        Libraries\STM32F4xx_HAL_Driver\Src\stm32f4xx_hal_i2c.o
HAL_I2C_MemRxCpltCallback                         Libraries\STM32F4xx_HAL_Driver\Src\stm32f4xx_hal_i2c.o
HAL_I2C_MemTxCpltCallback                         Libraries\STM32F4xx_HAL_Driver\Src\stm32f4xx_hal_i2c.o
HAL_I2C_Mem_Read                                  Libraries\STM32F4xx_HAL_Driver\Src\stm32f4xx_hal_i2c.o
                                                  Libraries\BSP\STM32F4-Discovery\stm32f4_discovery.o
HAL_I2C_Mem_Read_DMA                              Libraries\STM32F4xx_HAL_Driver\Src\stm32f4xx_hal_i2c.o
HAL_I2C_Mem_Read_IT                               Libraries\STM32F4xx_HAL_Driver\Src\stm32f4xx_hal_i2c.o
HAL_I2C_Mem_Write                                 Libraries\STM32F4xx_HAL_Driver\Src\stm32f4xx_hal_i2c.o
                                                  Libraries\BSP\STM32F4-Discovery\stm32f4_discovery.o
HAL_I2C_Mem_Write_DMA                             Libraries\STM32F4xx_HAL_Driver\Src\stm32f4xx_hal_i2c.o
HAL_I2C_Mem_Write_IT                              Libraries\STM32F4xx_HAL_Driver\Src\stm32f4xx_hal_i2c.o
HAL_I2C_MspDeInit                                 Libraries\STM32F4xx_HAL_Driver\Src\stm32f4xx_hal_i2c.o
HAL_I2C_MspInit                                   Libraries\STM32F4xx_HAL_Driver\Src\stm32f4xx_hal_i2c.o
HAL_I2C_SlaveRxCpltCallback                       Libraries\STM32F4xx_HAL_Driver\Src\stm32f4xx_hal_i2c.o
HAL_I2C_SlaveTxCpltCallback                       Libraries\STM32F4xx_HAL_Driver\Src\stm32f4xx_hal_i2c.o
HAL_I2C_Slave_Receive                             Libraries\STM32F4xx_HAL_Driver\Src\stm32f4xx_hal_i2c.o
HAL_I2C_Slave_Receive_DMA                         Libraries\STM32F4xx_HAL_Driver\Src\stm32f4xx_hal_i2c.o
HAL_I2C_Slave_Receive_IT                          Libraries\STM32F4xx_HAL_Driver\Src\stm32f4xx_hal_i2c.o
HAL_I2C_Slave_Sequential_Receive_IT               Libraries\STM32F4xx_HAL_Driver\Src\stm32f4xx_hal_i2c.o
HAL_I2C_Slave_Sequential_Transmit_IT              Libraries\STM32F4xx_HAL_Driver\Src\stm32f4xx_hal_i2c.o
HAL_I2C_Slave_Transmit                            Libraries\STM32F4xx_HAL_Driver\Src\stm32f4xx_hal_i2c.o
HAL_I2C_Slave_Transmit_DMA                        Libraries\STM32F4xx_HAL_Driver\Src\stm32f4xx_hal_i2c.o
HAL_I2C_Slave_Transmit_IT                         Libraries\STM32F4xx_HAL_Driver\Src\stm32f4xx_hal_i2c.o
HAL_I2SEx_TransmitReceive                         Libraries\STM32F4xx_HAL_Driver\Src\stm32f4xx_hal_i2s_ex.o
HAL_I2SEx_TransmitReceive_DMA                     Libraries\STM32F4xx_HAL_Driver\Src\stm32f4xx_hal_i2s_ex.o
HAL_I2SEx_TransmitReceive_IT                      Libraries\STM32F4xx_HAL_Driver\Src\stm32f4xx_hal_i2s_ex.o
HAL_I2S_DMAPause                                  Libraries\STM32F4xx_HAL_Driver\Src\stm32f4xx_hal_i2s_ex.o
                                                  Libraries\BSP\STM32F4-Discovery\stm32f4_discovery_audio.o
HAL_I2S_DMAResume                                 Libraries\STM32F4xx_HAL_Driver\Src\stm32f4xx_hal_i2s_ex.o
                                                  Libraries\BSP\STM32F4-Discovery\stm32f4_discovery_audio.o
HAL_I2S_DMAStop                                   Libraries\STM32F4xx_HAL_Driver\Src\stm32f4xx_hal_i2s_ex.o
                                                  Libraries\BSP\STM32F4-Discovery\stm32f4_discovery_audio.o
HAL_I2S_DeInit                                    Libraries\STM32F4xx_HAL_Driver\Src\stm32f4xx_hal_i2s.o
HAL_I2S_ErrorCallback                             Libraries\BSP\STM32F4-Discovery\stm32f4_discovery_audio.o
                                                  Libraries\STM32F4xx_HAL_Driver\Src\stm32f4xx_hal_i2s.o
                                                  Libraries\STM32F4xx_HAL_Driver\Src\stm32f4xx_hal_i2s_ex.o
HAL_I2S_GetError                                  Libraries\STM32F4xx_HAL_Driver\Src\stm32f4xx_hal_i2s.o
HAL_I2S_GetState                                  Libraries\STM32F4xx_HAL_Driver\Src\stm32f4xx_hal_i2s.o
                                                  Libraries\BSP\STM32F4-Discovery\stm32f4_discovery_audio.o
HAL_I2S_IRQHandler                                Libraries\STM32F4xx_HAL_Driver\Src\stm32f4xx_hal_i2s_ex.o
HAL_I2S_Init                                      Libraries\STM32F4xx_HAL_Driver\Src\stm32f4xx_hal_i2s_ex.o
                                                  Libraries\BSP\STM32F4-Discovery\stm32f4_discovery_audio.o
HAL_I2S_MspDeInit                                 Libraries\STM32F4xx_HAL_Driver\Src\stm32f4xx_hal_i2s.o
HAL_I2S_MspInit                                   Libraries\STM32F4xx_HAL_Driver\Src\stm32f4xx_hal_i2s.o
                                                  Libraries\STM32F4xx_HAL_Driver\Src\stm32f4xx_hal_i2s_ex.o
HAL_I2S_Receive                                   Libraries\STM32F4xx_HAL_Driver\Src\stm32f4xx_hal_i2s.o
HAL_I2S_Receive_DMA                               Libraries\STM32F4xx_HAL_Driver\Src\stm32f4xx_hal_i2s.o
                                                  Libraries\BSP\STM32F4-Discovery\stm32f4_discovery_audio.o
HAL_I2S_Receive_IT                                Libraries\STM32F4xx_HAL_Driver\Src\stm32f4xx_hal_i2s.o
HAL_I2S_RxCpltCallback                            Libraries\BSP\STM32F4-Discovery\stm32f4_discovery_audio.o
                                                  Libraries\STM32F4xx_HAL_Driver\Src\stm32f4xx_hal_i2s.o
                                                  Libraries\STM32F4xx_HAL_Driver\Src\stm32f4xx_hal_i2s_ex.o
HAL_I2S_RxHalfCpltCallback                        Libraries\BSP\STM32F4-Discovery\stm32f4_discovery_audio.o
                                                  Libraries\STM32F4xx_HAL_Driver\Src\stm32f4xx_hal_i2s.o
HAL_I2S_Transmit                                  Libraries\STM32F4xx_HAL_Driver\Src\stm32f4xx_hal_i2s.o
HAL_I2S_Transmit_DMA                              Libraries\STM32F4xx_HAL_Driver\Src\stm32f4xx_hal_i2s.o
                                                  Libraries\BSP\STM32F4-Discovery\stm32f4_discovery_audio.o
HAL_I2S_Transmit_IT                               Libraries\STM32F4xx_HAL_Driver\Src\stm32f4xx_hal_i2s.o
HAL_I2S_TxCpltCallback                            Libraries\BSP\STM32F4-Discovery\stm32f4_discovery_audio.o
                                                  Libraries\STM32F4xx_HAL_Driver\Src\stm32f4xx_hal_i2s.o
                                                  Libraries\STM32F4xx_HAL_Driver\Src\stm32f4xx_hal_i2s_ex.o
HAL_I2S_TxHalfCpltCallback                        Libraries\BSP\STM32F4-Discovery\stm32f4_discovery_audio.o
                                                  Libraries\STM32F4xx_HAL_Driver\Src\stm32f4xx_hal_i2s.o
HAL_IWDG_GetState                                 Libraries\STM32F4xx_HAL_Driver\Src\stm32f4xx_hal_iwdg.o
HAL_IWDG_Init                                     Libraries\STM32F4xx_HAL_Driver\Src\stm32f4xx_hal_iwdg.o
HAL_IWDG_MspInit                                  Libraries\STM32F4xx_HAL_Driver\Src\stm32f4xx_hal_iwdg.o