Archive member included to satisfy reference by file (symbol)

c:/program files (x86)/atollic/truestudio for arm 5.5.1/armtools/bin/../lib/gcc/arm-atollic-eabi/5.3.1/../../../../arm-atollic-eabi/lib/armv7e-m/fpu\libc_nano.a(lib_a-init.o)
                              src\startup_stm32f407xx.o (__libc_init_array)
c:/program files (x86)/atollic/truestudio for arm 5.5.1/armtools/bin/../lib/gcc/arm-atollic-eabi/5.3.1/../../../../arm-atollic-eabi/lib/armv7e-m/fpu\libc_nano.a(lib_a-memset.o)
                              Libraries\STM32F4xx_HAL_Driver\Src\stm32f4xx_hal_sd.o (memset)
c:/program files (x86)/atollic/truestudio for arm 5.5.1/armtools/bin/../lib/gcc/arm-atollic-eabi/5.3.1/../../../../arm-atollic-eabi/lib/armv7e-m/fpu\libc_nano.a(lib_a-strlen.o)
                              src\tiny_printf.o (strlen)
c:/program files (x86)/atollic/truestudio for arm 5.5.1/armtools/bin/../lib/gcc/arm-atollic-eabi/5.3.1/../../../../arm-atollic-eabi/lib/armv7e-m/fpu\libnosys.a(write.o)
                              src\tiny_printf.o (_write)
c:/program files (x86)/atollic/truestudio for arm 5.5.1/armtools/bin/../lib/gcc/arm-atollic-eabi/5.3.1/../../../../arm-atollic-eabi/lib/armv7e-m/fpu\libnosys.a(errno.o)
                              c:/program files (x86)/atollic/truestudio for arm 5.5.1/armtools/bin/../lib/gcc/arm-atollic-eabi/5.3.1/../../../../arm-atollic-eabi/lib/armv7e-m/fpu\libnosys.a(write.o) (errno)

Allocating common symbols
Common symbol       size              file

errno               0x4               c:/program files (x86)/atollic/truestudio for arm 5.5.1/armtools/bin/../lib/gcc/arm-atollic-eabi/5.3.1/../../../../arm-atollic-eabi/lib/armv7e-m/fpu\libnosys.a(errno.o)
uwTick              0x4               Libraries\STM32F4xx_HAL_Driver\Src\stm32f4xx_hal.o
pFlash              0x20              Libraries\STM32F4xx_HAL_Driver\Src\stm32f4xx_hal_flash.o
Filter              0x34              Libraries\BSP\STM32F4-Discovery\stm32f4_discovery_audio.o
hAudioOutI2s        0x44              Libraries\BSP\STM32F4-Discovery\stm32f4_discovery_audio.o
aBufferTS           0xa               Libraries\BSP\Components\exc7200\exc7200.o
TimHandle           0x3c              Libraries\STM32F4xx_HAL_Driver\Src\stm32f4xx_hal_timebase_tim_template.o
hAudioInI2s         0x44              Libraries\BSP\STM32F4-Discovery\stm32f4_discovery_audio.o

Discarded input sections

 .text          0x00000000        0x0 c:/program files (x86)/atollic/truestudio for arm 5.5.1/armtools/bin/../lib/gcc/arm-atollic-eabi/5.3.1/armv7e-m/fpu/crti.o
 .data          0x00000000        0x0 c:/program files (x86)/atollic/truestudio for arm 5.5.1/armtools/bin/../lib/gcc/arm-atollic-eabi/5.3.1/armv7e-m/fpu/crti.o
 .bss           0x00000000        0x0 c:/program files (x86)/atollic/truestudio for arm 5.5.1/armtools/bin/../lib/gcc/arm-atollic-eabi/5.3.1/armv7e-m/fpu/crti.o
 .data          0x00000000        0x4 c:/program files (x86)/atollic/truestudio for arm 5.5.1/armtools/bin/../lib/gcc/arm-atollic-eabi/5.3.1/armv7e-m/fpu/crtbegin.o
 .text          0x00000000        0x0 src\tiny_printf.o
 .data          0x00000000        0x0 src\tiny_printf.o
 .bss           0x00000000        0x0 src\tiny_printf.o
 .text.ts_itoa  0x00000000       0x94 src\tiny_printf.o
 .text.ts_formatstring
                0x00000000      0x130 src\tiny_printf.o
 .text.ts_formatlength
                0x00000000      0x12c src\tiny_printf.o
 .text.siprintf
                0x00000000       0x2c src\tiny_printf.o
 .text.fiprintf
                0x00000000       0x9c src\tiny_printf.o
 .text.iprintf  0x00000000       0x94 src\tiny_printf.o
 .rodata        0x00000000        0x2 src\tiny_printf.o
 .text.fputs    0x00000000       0x68 src\tiny_printf.o
 .text.puts     0x00000000       0x58 src\tiny_printf.o
 .text.fwrite   0x00000000       0x38 src\tiny_printf.o
 .debug_info    0x00000000      0xbcb src\tiny_printf.o
 .debug_abbrev  0x00000000      0x248 src\tiny_printf.o
 .debug_aranges
                0x00000000       0x60 src\tiny_printf.o
 .debug_ranges  0x00000000       0x50 src\tiny_printf.o
 .debug_line    0x00000000      0x2b9 src\tiny_printf.o
 .debug_str     0x00000000      0x60f src\tiny_printf.o
 .comment       0x00000000       0x7f src\tiny_printf.o
 .debug_frame   0x00000000      0x1bc src\tiny_printf.o
 .ARM.attributes
                0x00000000       0x39 src\tiny_printf.o
 .text          0x00000000        0x0 src\system_stm32f4xx.o
 .data          0x00000000        0x0 src\system_stm32f4xx.o
 .bss           0x00000000        0x0 src\system_stm32f4xx.o
 .data.AHBPrescTable
                0x00000000       0x10 src\system_stm32f4xx.o
 .text.SystemCoreClockUpdate
                0x00000000       0xfc src\system_stm32f4xx.o
 .text          0x00000000        0x0 src\stm32f4xx_it.o
 .data          0x00000000        0x0 src\stm32f4xx_it.o
 .bss           0x00000000        0x0 src\stm32f4xx_it.o
[...]
Memory Configuration

Name             Origin             Length             Attributes
FLASH            0x08000000         0x00100000         xr
RAM              0x20000000         0x00020000         xrw
MEMORY_B1        0x60000000         0x00000000         xr
CCMRAM           0x10000000         0x00010000         rw
*default*        0x00000000         0xffffffff

Linker script and memory map

LOAD c:/program files (x86)/atollic/truestudio for arm 5.5.1/armtools/bin/../lib/gcc/arm-atollic-eabi/5.3.1/armv7e-m/fpu/crti.o
LOAD c:/program files (x86)/atollic/truestudio for arm 5.5.1/armtools/bin/../lib/gcc/arm-atollic-eabi/5.3.1/armv7e-m/fpu/crtbegin.o
LOAD src\tiny_printf.o
LOAD src\system_stm32f4xx.o
LOAD src\stm32f4xx_it.o
LOAD src\stm32f4xx_hal_msp.o
LOAD src\startup_stm32f407xx.o
LOAD src\main.o
LOAD Libraries\STM32F4xx_HAL_Driver\Src\stm32f4xx_ll_usb.o
LOAD Libraries\STM32F4xx_HAL_Driver\Src\stm32f4xx_ll_sdmmc.o
LOAD Libraries\STM32F4xx_HAL_Driver\Src\stm32f4xx_ll_fsmc.o
LOAD Libraries\STM32F4xx_HAL_Driver\Src\stm32f4xx_ll_fmc.o
LOAD Libraries\STM32F4xx_HAL_Driver\Src\stm32f4xx_hal_wwdg.o
LOAD Libraries\STM32F4xx_HAL_Driver\Src\stm32f4xx_hal_usart.o
LOAD Libraries\STM32F4xx_HAL_Driver\Src\stm32f4xx_hal_uart.o
LOAD Libraries\STM32F4xx_HAL_Driver\Src\stm32f4xx_hal_timebase_tim_template.o
LOAD Libraries\STM32F4xx_HAL_Driver\Src\stm32f4xx_hal_tim_ex.o
LOAD Libraries\STM32F4xx_HAL_Driver\Src\stm32f4xx_hal_tim.o
LOAD Libraries\STM32F4xx_HAL_Driver\Src\stm32f4xx_hal_sram.o
LOAD Libraries\STM32F4xx_HAL_Driver\Src\stm32f4xx_hal_spi.o
LOAD Libraries\STM32F4xx_HAL_Driver\Src\stm32f4xx_hal_spdifrx.o
LOAD Libraries\STM32F4xx_HAL_Driver\Src\stm32f4xx_hal_smartcard.o
LOAD Libraries\STM32F4xx_HAL_Driver\Src\stm32f4xx_hal_sdram.o
LOAD Libraries\STM32F4xx_HAL_Driver\Src\stm32f4xx_hal_sd.o
LOAD Libraries\STM32F4xx_HAL_Driver\Src\stm32f4xx_hal_sai_ex.o
LOAD Libraries\STM32F4xx_HAL_Driver\Src\stm32f4xx_hal_sai.o
LOAD Libraries\STM32F4xx_HAL_Driver\Src\stm32f4xx_hal_rtc_ex.o
LOAD Libraries\STM32F4xx_HAL_Driver\Src\stm32f4xx_hal_rtc.o
LOAD Libraries\STM32F4xx_HAL_Driver\Src\stm32f4xx_hal_rng.o
LOAD Libraries\STM32F4xx_HAL_Driver\Src\stm32f4xx_hal_rcc_ex.o
LOAD Libraries\STM32F4xx_HAL_Driver\Src\stm32f4xx_hal_rcc.o
LOAD Libraries\STM32F4xx_HAL_Driver\Src\stm32f4xx_hal_qspi.o
LOAD Libraries\STM32F4xx_HAL_Driver\Src\stm32f4xx_hal_pwr_ex.o
LOAD Libraries\STM32F4xx_HAL_Driver\Src\stm32f4xx_hal_pwr.o
LOAD Libraries\STM32F4xx_HAL_Driver\Src\stm32f4xx_hal_pcd_ex.o
LOAD Libraries\STM32F4xx_HAL_Driver\Src\stm32f4xx_hal_pcd.o
LOAD Libraries\STM32F4xx_HAL_Driver\Src\stm32f4xx_hal_pccard.o
LOAD Libraries\STM32F4xx_HAL_Driver\Src\stm32f4xx_hal_nor.o
LOAD Libraries\STM32F4xx_HAL_Driver\Src\stm32f4xx_hal_nand.o
LOAD Libraries\STM32F4xx_HAL_Driver\Src\stm32f4xx_hal_ltdc_ex.o
LOAD Libraries\STM32F4xx_HAL_Driver\Src\stm32f4xx_hal_ltdc.o
LOAD Libraries\STM32F4xx_HAL_Driver\Src\stm32f4xx_hal_lptim.o
LOAD Libraries\STM32F4xx_HAL_Driver\Src\stm32f4xx_hal_iwdg.o
LOAD Libraries\STM32F4xx_HAL_Driver\Src\stm32f4xx_hal_irda.o
LOAD Libraries\STM32F4xx_HAL_Driver\Src\stm32f4xx_hal_i2s_ex.o
LOAD Libraries\STM32F4xx_HAL_Driver\Src\stm32f4xx_hal_i2s.o
LOAD Libraries\STM32F4xx_HAL_Driver\Src\stm32f4xx_hal_i2c_ex.o
LOAD Libraries\STM32F4xx_HAL_Driver\Src\stm32f4xx_hal_i2c.o
LOAD Libraries\STM32F4xx_HAL_Driver\Src\stm32f4xx_hal_hcd.o
LOAD Libraries\STM32F4xx_HAL_Driver\Src\stm32f4xx_hal_hash_ex.o
LOAD Libraries\STM32F4xx_HAL_Driver\Src\stm32f4xx_hal_hash.o
LOAD Libraries\STM32F4xx_HAL_Driver\Src\stm32f4xx_hal_gpio.o
LOAD Libraries\STM32F4xx_HAL_Driver\Src\stm32f4xx_hal_fmpi2c_ex.o
LOAD Libraries\STM32F4xx_HAL_Driver\Src\stm32f4xx_hal_fmpi2c.o
LOAD Libraries\STM32F4xx_HAL_Driver\Src\stm32f4xx_hal_flash_ramfunc.o
LOAD Libraries\STM32F4xx_HAL_Driver\Src\stm32f4xx_hal_flash_ex.o
LOAD Libraries\STM32F4xx_HAL_Driver\Src\stm32f4xx_hal_flash.o
LOAD Libraries\STM32F4xx_HAL_Driver\Src\stm32f4xx_hal_eth.o
LOAD Libraries\STM32F4xx_HAL_Driver\Src\stm32f4xx_hal_dsi.o
LOAD Libraries\STM32F4xx_HAL_Driver\Src\stm32f4xx_hal_dma_ex.o
LOAD Libraries\STM32F4xx_HAL_Driver\Src\stm32f4xx_hal_dma2d.o
LOAD Libraries\STM32F4xx_HAL_Driver\Src\stm32f4xx_hal_dma.o
LOAD Libraries\STM32F4xx_HAL_Driver\Src\stm32f4xx_hal_dcmi_ex.o
LOAD Libraries\STM32F4xx_HAL_Driver\Src\stm32f4xx_hal_dcmi.o
LOAD Libraries\STM32F4xx_HAL_Driver\Src\stm32f4xx_hal_dac_ex.o
LOAD Libraries\STM32F4xx_HAL_Driver\Src\stm32f4xx_hal_dac.o
LOAD Libraries\STM32F4xx_HAL_Driver\Src\stm32f4xx_hal_cryp_ex.o
LOAD Libraries\STM32F4xx_HAL_Driver\Src\stm32f4xx_hal_cryp.o
LOAD Libraries\STM32F4xx_HAL_Driver\Src\stm32f4xx_hal_crc.o
LOAD Libraries\STM32F4xx_HAL_Driver\Src\stm32f4xx_hal_cortex.o
LOAD Libraries\STM32F4xx_HAL_Driver\Src\stm32f4xx_hal_cec.o
LOAD Libraries\STM32F4xx_HAL_Driver\Src\stm32f4xx_hal_can.o
LOAD Libraries\STM32F4xx_HAL_Driver\Src\stm32f4xx_hal_adc_ex.o
LOAD Libraries\STM32F4xx_HAL_Driver\Src\stm32f4xx_hal_adc.o
LOAD Libraries\STM32F4xx_HAL_Driver\Src\stm32f4xx_hal.o
LOAD Libraries\BSP\STM32F4-Discovery\stm32f4_discovery_audio.o
LOAD Libraries\BSP\STM32F4-Discovery\stm32f4_discovery_accelerometer.o
LOAD Libraries\BSP\STM32F4-Discovery\stm32f4_discovery.o
LOAD Libraries\BSP\Components\wm8994\wm8994.o
LOAD Libraries\BSP\Components\ts3510\ts3510.o
LOAD Libraries\BSP\Components\stmpe811\stmpe811.o
LOAD Libraries\BSP\Components\stmpe1600\stmpe1600.o
LOAD Libraries\BSP\Components\st7735\st7735.o
LOAD Libraries\BSP\Components\s5k5cag\s5k5cag.o
LOAD Libraries\BSP\Components\ov2640\ov2640.o
LOAD Libraries\BSP\Components\otm8009a\otm8009a.o
LOAD Libraries\BSP\Components\mfxstm32l152\mfxstm32l152.o
LOAD Libraries\BSP\Components\lsm303dlhc\lsm303dlhc.o
LOAD Libraries\BSP\Components\lis3dsh\lis3dsh.o
LOAD Libraries\BSP\Components\lis302dl\lis302dl.o
LOAD Libraries\BSP\Components\l3gd20\l3gd20.o
LOAD Libraries\BSP\Components\ili9341\ili9341.o
LOAD Libraries\BSP\Components\ili9325\ili9325.o
LOAD Libraries\BSP\Components\ft6x06\ft6x06.o
LOAD Libraries\BSP\Components\exc7200\exc7200.o
LOAD Libraries\BSP\Components\cs43l22\cs43l22.o
START GROUP
LOAD c:/program files (x86)/atollic/truestudio for arm 5.5.1/armtools/bin/../lib/gcc/arm-atollic-eabi/5.3.1/../../../../arm-atollic-eabi/lib/armv7e-m/fpu\libc_nano.a
LOAD c:/program files (x86)/atollic/truestudio for arm 5.5.1/armtools/bin/../lib/gcc/arm-atollic-eabi/5.3.1/../../../../arm-atollic-eabi/lib/armv7e-m/fpu\libm.a
END GROUP
                0x00000080                malloc_getpagesize_P = 0x80
START GROUP
LOAD c:/program files (x86)/atollic/truestudio for arm 5.5.1/armtools/bin/../lib/gcc/arm-atollic-eabi/5.3.1/armv7e-m/fpu\libgcc.a
LOAD c:/program files (x86)/atollic/truestudio for arm 5.5.1/armtools/bin/../lib/gcc/arm-atollic-eabi/5.3.1/../../../../arm-atollic-eabi/lib/armv7e-m/fpu\libc_nano.a
END GROUP
START GROUP
LOAD c:/program files (x86)/atollic/truestudio for arm 5.5.1/armtools/bin/../lib/gcc/arm-atollic-eabi/5.3.1/armv7e-m/fpu\libgcc.a
LOAD c:/program files (x86)/atollic/truestudio for arm 5.5.1/armtools/bin/../lib/gcc/arm-atollic-eabi/5.3.1/../../../../arm-atollic-eabi/lib/armv7e-m/fpu\libc_nano.a
LOAD c:/program files (x86)/atollic/truestudio for arm 5.5.1/armtools/bin/../lib/gcc/arm-atollic-eabi/5.3.1/../../../../arm-atollic-eabi/lib/armv7e-m/fpu\libnosys.a
END GROUP
START GROUP
LOAD c:/program files (x86)/atollic/truestudio for arm 5.5.1/armtools/bin/../lib/gcc/arm-atollic-eabi/5.3.1/armv7e-m/fpu\libgcc.a
LOAD c:/program files (x86)/atollic/truestudio for arm 5.5.1/armtools/bin/../lib/gcc/arm-atollic-eabi/5.3.1/../../../../arm-atollic-eabi/lib/armv7e-m/fpu\libc_nano.a
LOAD c:/program files (x86)/atollic/truestudio for arm 5.5.1/armtools/bin/../lib/gcc/arm-atollic-eabi/5.3.1/../../../../arm-atollic-eabi/lib/armv7e-m/fpu\libnosys.a
END GROUP
LOAD c:/program files (x86)/atollic/truestudio for arm 5.5.1/armtools/bin/../lib/gcc/arm-atollic-eabi/5.3.1/armv7e-m/fpu/crtend.o
LOAD c:/program files (x86)/atollic/truestudio for arm 5.5.1/armtools/bin/../lib/gcc/arm-atollic-eabi/5.3.1/armv7e-m/fpu/crtn.o
                0x20020000                _estack = 0x20020000
                0x00000000                _Min_Heap_Size = 0x0
                0x00000400                _Min_Stack_Size = 0x400

.isr_vector     0x08000000      0x188
                0x08000000                . = ALIGN (0x4)
 *(.isr_vector)
 .isr_vector    0x08000000      0x188 src\startup_stm32f407xx.o
                0x08000000                g_pfnVectors
                0x08000188                . = ALIGN (0x4)

.text           0x08000188     0x12d0
                0x08000188                . = ALIGN (0x4)
 *(.text)
 .text          0x08000188       0x40 c:/program files (x86)/atollic/truestudio for arm 5.5.1/armtools/bin/../lib/gcc/arm-atollic-eabi/5.3.1/armv7e-m/fpu/crtbegin.o
 *(.text*)
 .text.SystemInit
                0x080001c8       0x6c src\system_stm32f4xx.o
                0x080001c8                SystemInit
 .text.NMI_Handler
                0x08000234       0x10 src\stm32f4xx_it.o
                0x08000234                NMI_Handler
 .text.HardFault_Handler
                0x08000244        0x8 src\stm32f4xx_it.o
                0x08000244                HardFault_Handler
 .text.MemManage_Handler
                0x0800024c        0x8 src\stm32f4xx_it.o
                0x0800024c                MemManage_Handler
 .text.BusFault_Handler
                0x08000254        0x8 src\stm32f4xx_it.o
                0x08000254                BusFault_Handler
 .text.UsageFault_Handler
                0x0800025c        0x8 src\stm32f4xx_it.o
                0x0800025c                UsageFault_Handler
 .text.SVC_Handler
                0x08000264       0x10 src\stm32f4xx_it.o
                0x08000264                SVC_Handler
 .text.DebugMon_Handler
                0x08000274       0x10 src\stm32f4xx_it.o
                0x08000274                DebugMon_Handler
 .text.PendSV_Handler
                0x08000284       0x10 src\stm32f4xx_it.o
                0x08000284                PendSV_Handler
 .text.SysTick_Handler
                0x08000294        0xc src\stm32f4xx_it.o
                0x08000294                SysTick_Handler
 .text.HAL_MspInit
                0x080002a0       0x10 src\stm32f4xx_hal_msp.o
                0x080002a0                HAL_MspInit
 .text.Reset_Handler
                0x080002b0       0x50 src\startup_stm32f407xx.o
                0x080002b0                Reset_Handler
 .text.Default_Handler
                0x08000300        0x2 src\startup_stm32f407xx.o
                0x08000300                RTC_Alarm_IRQHandler
                0x08000300                HASH_RNG_IRQHandler
                0x08000300                EXTI2_IRQHandler
                0x08000300                TIM8_CC_IRQHandler
                0x08000300                TIM1_CC_IRQHandler
                0x08000300                DMA2_Stream5_IRQHandler
                0x08000300                DMA1_Stream5_IRQHandler
                0x08000300                PVD_IRQHandler
                0x08000300                SDIO_IRQHandler
                0x08000300                TAMP_STAMP_IRQHandler
                0x08000300                CAN2_RX1_IRQHandler
                0x08000300                EXTI3_IRQHandler
                0x08000300                TIM8_TRG_COM_TIM14_IRQHandler
                0x08000300                TIM1_UP_TIM10_IRQHandler
                0x08000300                TIM8_UP_TIM13_IRQHandler
                0x08000300                I2C3_ER_IRQHandler
                0x08000300                EXTI0_IRQHandler
                0x08000300                I2C2_EV_IRQHandler
                0x08000300                DMA1_Stream2_IRQHandler
                0x08000300                CAN1_RX0_IRQHandler
                0x08000300                FPU_IRQHandler
                0x08000300                OTG_HS_WKUP_IRQHandler
                0x08000300                CAN2_SCE_IRQHandler
                0x08000300                DMA2_Stream2_IRQHandler
                0x08000300                SPI1_IRQHandler
                0x08000300                TIM1_BRK_TIM9_IRQHandler
                0x08000300                DCMI_IRQHandler
                0x08000300                CAN2_RX0_IRQHandler
                0x08000300                DMA2_Stream3_IRQHandler
                0x08000300                USART6_IRQHandler
                0x08000300                USART3_IRQHandler
                0x08000300                CAN1_RX1_IRQHandler
                0x08000300                UART5_IRQHandler
                0x08000300                DMA2_Stream0_IRQHandler
                0x08000300                TIM4_IRQHandler
                0x08000300                I2C1_EV_IRQHandler
                0x08000300                DMA1_Stream6_IRQHandler
                0x08000300                DMA1_Stream1_IRQHandler
                0x08000300                UART4_IRQHandler
                0x08000300                TIM3_IRQHandler
                0x08000300                RCC_IRQHandler
                0x08000300                TIM8_BRK_TIM12_IRQHandler
                0x08000300                Default_Handler
                0x08000300                EXTI15_10_IRQHandler
                0x08000300                ADC_IRQHandler
                0x08000300                DMA1_Stream7_IRQHandler
                0x08000300                TIM7_IRQHandler
                0x08000300                CAN2_TX_IRQHandler
                0x08000300                TIM5_IRQHandler
                0x08000300                DMA2_Stream7_IRQHandler
                0x08000300                I2C3_EV_IRQHandler
                0x08000300                EXTI9_5_IRQHandler
                0x08000300                RTC_WKUP_IRQHandler
                0x08000300                ETH_WKUP_IRQHandler
                0x08000300                SPI2_IRQHandler
                0x08000300                OTG_HS_EP1_IN_IRQHandler
                0x08000300                DMA1_Stream0_IRQHandler
                0x08000300                CAN1_TX_IRQHandler
                0x08000300                EXTI4_IRQHandler
                0x08000300                FSMC_IRQHandler
                0x08000300                ETH_IRQHandler
                0x08000300                OTG_HS_EP1_OUT_IRQHandler
                0x08000300                WWDG_IRQHandler
                0x08000300                TIM2_IRQHandler
                0x08000300                OTG_FS_WKUP_IRQHandler
                0x08000300                TIM1_TRG_COM_TIM11_IRQHandler
                0x08000300                OTG_HS_IRQHandler
                0x08000300                EXTI1_IRQHandler
                0x08000300                USART2_IRQHandler
                0x08000300                I2C2_ER_IRQHandler
                0x08000300                DMA2_Stream1_IRQHandler
                0x08000300                CAN1_SCE_IRQHandler
                0x08000300                FLASH_IRQHandler
                0x08000300                DMA2_Stream4_IRQHandler
                0x08000300                USART1_IRQHandler
                0x08000300                OTG_FS_IRQHandler
                0x08000300                SPI3_IRQHandler
                0x08000300                DMA1_Stream4_IRQHandler
                0x08000300                I2C1_ER_IRQHandler
                0x08000300                DMA2_Stream6_IRQHandler
                0x08000300                DMA1_Stream3_IRQHandler
 *fill*         0x08000302        0x2 
 .text.main     0x08000304       0x10 src\main.o
                0x08000304                main
 .text.SystemClock_Config
                0x08000314       0xd4 src\main.o
 .text.Error_Handler
                0x080003e8        0x8 src\main.o
 .text.HAL_InitTick
                0x080003f0       0xc8 Libraries\STM32F4xx_HAL_Driver\Src\stm32f4xx_hal_timebase_tim_template.o
                0x080003f0                HAL_InitTick
 .text.HAL_TIM_PeriodElapsedCallback
                0x080004b8       0x14 Libraries\STM32F4xx_HAL_Driver\Src\stm32f4xx_hal_timebase_tim_template.o
                0x080004b8                HAL_TIM_PeriodElapsedCallback
 .text.TIM6_DAC_IRQHandler
                0x080004cc       0x14 Libraries\STM32F4xx_HAL_Driver\Src\stm32f4xx_hal_timebase_tim_template.o
                0x080004cc                TIM6_DAC_IRQHandler
 .text.HAL_TIMEx_CommutationCallback
                0x080004e0       0x14 Libraries\STM32F4xx_HAL_Driver\Src\stm32f4xx_hal_tim_ex.o
                0x080004e0                HAL_TIMEx_CommutationCallback
 .text.HAL_TIMEx_BreakCallback
                0x080004f4       0x14 Libraries\STM32F4xx_HAL_Driver\Src\stm32f4xx_hal_tim_ex.o
                0x080004f4                HAL_TIMEx_BreakCallback
 .text.HAL_TIM_Base_Init
                0x08000508       0x58 Libraries\STM32F4xx_HAL_Driver\Src\stm32f4xx_hal_tim.o
                0x08000508                HAL_TIM_Base_Init
 .text.HAL_TIM_Base_MspInit
                0x08000560       0x14 Libraries\STM32F4xx_HAL_Driver\Src\stm32f4xx_hal_tim.o
                0x08000560                HAL_TIM_Base_MspInit
 .text.HAL_TIM_Base_Start_IT
                0x08000574       0x38 Libraries\STM32F4xx_HAL_Driver\Src\stm32f4xx_hal_tim.o
                0x08000574                HAL_TIM_Base_Start_IT
 .text.HAL_TIM_IRQHandler
                0x080005ac      0x210 Libraries\STM32F4xx_HAL_Driver\Src\stm32f4xx_hal_tim.o
                0x080005ac                HAL_TIM_IRQHandler
 .text.HAL_TIM_OC_DelayElapsedCallback
                0x080007bc       0x14 Libraries\STM32F4xx_HAL_Driver\Src\stm32f4xx_hal_tim.o
                0x080007bc                HAL_TIM_OC_DelayElapsedCallback
 .text.HAL_TIM_IC_CaptureCallback
                0x080007d0       0x14 Libraries\STM32F4xx_HAL_Driver\Src\stm32f4xx_hal_tim.o
                0x080007d0                HAL_TIM_IC_CaptureCallback
 .text.HAL_TIM_PWM_PulseFinishedCallback
                0x080007e4       0x14 Libraries\STM32F4xx_HAL_Driver\Src\stm32f4xx_hal_tim.o
                0x080007e4                HAL_TIM_PWM_PulseFinishedCallback
 .text.HAL_TIM_TriggerCallback
                0x080007f8       0x14 Libraries\STM32F4xx_HAL_Driver\Src\stm32f4xx_hal_tim.o
                0x080007f8                HAL_TIM_TriggerCallback
 .text.TIM_Base_SetConfig
                0x0800080c      0x154 Libraries\STM32F4xx_HAL_Driver\Src\stm32f4xx_hal_tim.o
                0x0800080c                TIM_Base_SetConfig
 .text.HAL_RCC_OscConfig
                0x08000960      0x454 Libraries\STM32F4xx_HAL_Driver\Src\stm32f4xx_hal_rcc.o
                0x08000960                HAL_RCC_OscConfig
 .text.HAL_RCC_ClockConfig
                0x08000db4      0x1e4 Libraries\STM32F4xx_HAL_Driver\Src\stm32f4xx_hal_rcc.o
                0x08000db4                HAL_RCC_ClockConfig
 .text.HAL_RCC_GetSysClockFreq
                0x08000f98      0x114 Libraries\STM32F4xx_HAL_Driver\Src\stm32f4xx_hal_rcc.o
                0x08000f98                HAL_RCC_GetSysClockFreq
 .text.HAL_RCC_GetHCLKFreq
                0x080010ac       0x54 Libraries\STM32F4xx_HAL_Driver\Src\stm32f4xx_hal_rcc.o
                0x080010ac                HAL_RCC_GetHCLKFreq
 .text.HAL_RCC_GetPCLK1Freq
                0x08001100       0x4c Libraries\STM32F4xx_HAL_Driver\Src\stm32f4xx_hal_rcc.o
                0x08001100                HAL_RCC_GetPCLK1Freq
 .text.HAL_RCC_GetClockConfig
                0x0800114c       0x64 Libraries\STM32F4xx_HAL_Driver\Src\stm32f4xx_hal_rcc.o
                0x0800114c                HAL_RCC_GetClockConfig
 .text.NVIC_SetPriorityGrouping
                0x080011b0       0x48 Libraries\STM32F4xx_HAL_Driver\Src\stm32f4xx_hal_cortex.o
 .text.NVIC_GetPriorityGrouping
                0x080011f8       0x1c Libraries\STM32F4xx_HAL_Driver\Src\stm32f4xx_hal_cortex.o
 .text.NVIC_EnableIRQ
                0x08001214       0x34 Libraries\STM32F4xx_HAL_Driver\Src\stm32f4xx_hal_cortex.o
 .text.NVIC_SetPriority
                0x08001248       0x54 Libraries\STM32F4xx_HAL_Driver\Src\stm32f4xx_hal_cortex.o
 .text.NVIC_EncodePriority
                0x0800129c       0x68 Libraries\STM32F4xx_HAL_Driver\Src\stm32f4xx_hal_cortex.o
 .text.HAL_NVIC_SetPriorityGrouping
                0x08001304       0x18 Libraries\STM32F4xx_HAL_Driver\Src\stm32f4xx_hal_cortex.o
                0x08001304                HAL_NVIC_SetPriorityGrouping
 .text.HAL_NVIC_SetPriority
                0x0800131c       0x38 Libraries\STM32F4xx_HAL_Driver\Src\stm32f4xx_hal_cortex.o
                0x0800131c                HAL_NVIC_SetPriority
 .text.HAL_NVIC_EnableIRQ
                0x08001354       0x1c Libraries\STM32F4xx_HAL_Driver\Src\stm32f4xx_hal_cortex.o
                0x08001354                HAL_NVIC_EnableIRQ
 .text.HAL_Init
                0x08001370       0x38 Libraries\STM32F4xx_HAL_Driver\Src\stm32f4xx_hal.o
                0x08001370                HAL_Init
 .text.HAL_IncTick
                0x080013a8       0x1c Libraries\STM32F4xx_HAL_Driver\Src\stm32f4xx_hal.o
                0x080013a8                HAL_IncTick
 .text.HAL_GetTick
                0x080013c4       0x18 Libraries\STM32F4xx_HAL_Driver\Src\stm32f4xx_hal.o
                0x080013c4                HAL_GetTick
 .text.HAL_GetREVID
                0x080013dc       0x18 Libraries\STM32F4xx_HAL_Driver\Src\stm32f4xx_hal.o
                0x080013dc                HAL_GetREVID
 .text.__libc_init_array
                0x080013f4       0x4c c:/program files (x86)/atollic/truestudio for arm 5.5.1/armtools/bin/../lib/gcc/arm-atollic-eabi/5.3.1/../../../../arm-atollic-eabi/lib/armv7e-m/fpu\libc_nano.a(lib_a-init.o)
                0x080013f4                __libc_init_array
 *(.glue_7)
 .glue_7        0x08001440        0x0 linker stubs
 *(.glue_7t)
 .glue_7t       0x08001440        0x0 linker stubs
 *(.eh_frame)
 .eh_frame      0x08001440        0x0 c:/program files (x86)/atollic/truestudio for arm 5.5.1/armtools/bin/../lib/gcc/arm-atollic-eabi/5.3.1/armv7e-m/fpu/crtbegin.o
 *(.init)
 .init          0x08001440        0x4 c:/program files (x86)/atollic/truestudio for arm 5.5.1/armtools/bin/../lib/gcc/arm-atollic-eabi/5.3.1/armv7e-m/fpu/crti.o
                0x08001440                _init
 .init          0x08001444        0x8 c:/program files (x86)/atollic/truestudio for arm 5.5.1/armtools/bin/../lib/gcc/arm-atollic-eabi/5.3.1/armv7e-m/fpu/crtn.o
 *(.fini)
 .fini          0x0800144c        0x4 c:/program files (x86)/atollic/truestudio for arm 5.5.1/armtools/bin/../lib/gcc/arm-atollic-eabi/5.3.1/armv7e-m/fpu/crti.o
                0x0800144c                _fini
 .fini          0x08001450        0x8 c:/program files (x86)/atollic/truestudio for arm 5.5.1/armtools/bin/../lib/gcc/arm-atollic-eabi/5.3.1/armv7e-m/fpu/crtn.o
                0x08001458                . = ALIGN (0x4)
                0x08001458                _etext = .

.vfp11_veneer   0x08001458        0x0
 .vfp11_veneer  0x08001458        0x0 linker stubs

.v4_bx          0x08001458        0x0
 .v4_bx         0x08001458        0x0 linker stubs

.iplt           0x08001458        0x0
 .iplt          0x08001458        0x0 c:/program files (x86)/atollic/truestudio for arm 5.5.1/armtools/bin/../lib/gcc/arm-atollic-eabi/5.3.1/armv7e-m/fpu/crtbegin.o

.rodata         0x08001458       0x10
                0x08001458                . = ALIGN (0x4)
 *(.rodata)
 *(.rodata*)
 .rodata.APBAHBPrescTable
                0x08001458       0x10 Libraries\STM32F4xx_HAL_Driver\Src\stm32f4xx_hal_rcc.o
                0x08001458                APBAHBPrescTable
                0x08001468                . = ALIGN (0x4)

.rel.dyn        0x08001468        0x0
 .rel.iplt      0x08001468        0x0 c:/program files (x86)/atollic/truestudio for arm 5.5.1/armtools/bin/../lib/gcc/arm-atollic-eabi/5.3.1/armv7e-m/fpu/crtbegin.o

.ARM.extab
 *(.ARM.extab* .gnu.linkonce.armextab.*)

.ARM            0x08001468        0x0
                0x08001468                __exidx_start = .
 *(.ARM.exidx*)
                0x08001468                __exidx_end = .

.preinit_array  0x08001468        0x0
                0x08001468                PROVIDE (__preinit_array_start, .)
 *(.preinit_array*)
                0x08001468                PROVIDE (__preinit_array_end, .)

.init_array     0x08001468        0x4
                0x08001468                PROVIDE (__init_array_start, .)
 *(SORT(.init_array.*))
 *(.init_array*)
 .init_array    0x08001468        0x4 c:/program files (x86)/atollic/truestudio for arm 5.5.1/armtools/bin/../lib/gcc/arm-atollic-eabi/5.3.1/armv7e-m/fpu/crtbegin.o
                0x0800146c                PROVIDE (__init_array_end, .)

.fini_array     0x0800146c        0x4
                [!provide]                PROVIDE (__fini_array_start, .)
 *(SORT(.fini_array.*))
 *(.fini_array*)
 .fini_array    0x0800146c        0x4 c:/program files (x86)/atollic/truestudio for arm 5.5.1/armtools/bin/../lib/gcc/arm-atollic-eabi/5.3.1/armv7e-m/fpu/crtbegin.o
                [!provide]                PROVIDE (__fini_array_end, .)
                0x08001470                _sidata = LOADADDR (.data)

.data           0x20000000        0x4 load address 0x08001470
                0x20000000                . = ALIGN (0x4)
                0x20000000                _sdata = .
 *(.data)
 *(.data*)
 .data.SystemCoreClock
                0x20000000        0x4 src\system_stm32f4xx.o
                0x20000000                SystemCoreClock
                0x20000004                . = ALIGN (0x4)
                0x20000004                _edata = .
                0x08001474                _siccmram = LOADADDR (.ccmram)

.igot.plt       0x20000004        0x0 load address 0x08001474
 .igot.plt      0x20000004        0x0 c:/program files (x86)/atollic/truestudio for arm 5.5.1/armtools/bin/../lib/gcc/arm-atollic-eabi/5.3.1/armv7e-m/fpu/crtbegin.o

.ccmram         0x10000000        0x0 load address 0x08001474
                0x10000000                . = ALIGN (0x4)
                0x10000000                _sccmram = .
 *(.ccmram)
 *(.ccmram*)
                0x10000000                . = ALIGN (0x4)
                0x10000000                _eccmram = .
                0x10000000                . = ALIGN (0x4)

.bss            0x20000004       0x5c
                0x20000004                _sbss = .
                0x20000004                __bss_start__ = _sbss
 *(.bss)
 .bss           0x20000004       0x1c c:/program files (x86)/atollic/truestudio for arm 5.5.1/armtools/bin/../lib/gcc/arm-atollic-eabi/5.3.1/armv7e-m/fpu/crtbegin.o
 *(.bss*)
 *(COMMON)
 COMMON         0x20000020       0x3c Libraries\STM32F4xx_HAL_Driver\Src\stm32f4xx_hal_timebase_tim_template.o
                0x20000020                TimHandle
 COMMON         0x2000005c        0x4 Libraries\STM32F4xx_HAL_Driver\Src\stm32f4xx_hal.o
                0x2000005c                uwTick
                0x20000060                . = ALIGN (0x4)
                0x20000060                _ebss = .
                0x20000060                __bss_end__ = _ebss

._user_heap_stack
                0x20000060      0x400
                0x20000060                . = ALIGN (0x4)
                [!provide]                PROVIDE (end, .)
                [!provide]                PROVIDE (_end, .)
                0x20000060                . = (. + _Min_Heap_Size)
                0x20000460                . = (. + _Min_Stack_Size)
 *fill*         0x20000060      0x400 
                0x20000460                . = ALIGN (0x4)

.memory_b1_text
 *(.mb1text)
 *(.mb1text*)
 *(.mb1rodata)
 *(.mb1rodata*)

/DISCARD/
 libc.a(*)
 libm.a(*)
 libgcc.a(*)

.ARM.attributes
                0x00000000       0x30
 *(.ARM.attributes)
 .ARM.attributes
                0x00000000       0x22 c:/program files (x86)/atollic/truestudio for arm 5.5.1/armtools/bin/../lib/gcc/arm-atollic-eabi/5.3.1/armv7e-m/fpu/crti.o
 .ARM.attributes
                0x00000022       0x34 c:/program files (x86)/atollic/truestudio for arm 5.5.1/armtools/bin/../lib/gcc/arm-atollic-eabi/5.3.1/armv7e-m/fpu/crtbegin.o
 .ARM.attributes
                0x00000056       0x39 src\system_stm32f4xx.o
 .ARM.attributes
                0x0000008f       0x39 src\stm32f4xx_it.o
 .ARM.attributes
                0x000000c8       0x39 src\stm32f4xx_hal_msp.o
 .ARM.attributes
                0x00000101       0x21 src\startup_stm32f407xx.o
 .ARM.attributes
                0x00000122       0x39 src\main.o
 .ARM.attributes
                0x0000015b       0x39 Libraries\STM32F4xx_HAL_Driver\Src\stm32f4xx_hal_timebase_tim_template.o
 .ARM.attributes
                0x00000194       0x39 Libraries\STM32F4xx_HAL_Driver\Src\stm32f4xx_hal_tim_ex.o
 .ARM.attributes
                0x000001cd       0x39 Libraries\STM32F4xx_HAL_Driver\Src\stm32f4xx_hal_tim.o
 .ARM.attributes
                0x00000206       0x39 Libraries\STM32F4xx_HAL_Driver\Src\stm32f4xx_hal_rcc.o
 .ARM.attributes
                0x0000023f       0x39 Libraries\STM32F4xx_HAL_Driver\Src\stm32f4xx_hal_cortex.o
 .ARM.attributes
                0x00000278       0x39 Libraries\STM32F4xx_HAL_Driver\Src\stm32f4xx_hal.o
 .ARM.attributes
                0x000002b1       0x34 c:/program files (x86)/atollic/truestudio for arm 5.5.1/armtools/bin/../lib/gcc/arm-atollic-eabi/5.3.1/../../../../arm-atollic-eabi/lib/armv7e-m/fpu\libc_nano.a(lib_a-init.o)
 .ARM.attributes
                0x000002e5       0x22 c:/program files (x86)/atollic/truestudio for arm 5.5.1/armtools/bin/../lib/gcc/arm-atollic-eabi/5.3.1/armv7e-m/fpu/crtn.o
OUTPUT(Template2.elf elf32-littlearm)

.debug_info     0x00000000     0x6bf7
 .debug_info    0x00000000      0x4c8 src\system_stm32f4xx.o
 .debug_info    0x000004c8      0x141 src\stm32f4xx_it.o
 .debug_info    0x00000609       0xca src\stm32f4xx_hal_msp.o
 .debug_info    0x000006d3       0x79 src\startup_stm32f407xx.o
 .debug_info    0x0000074c      0x4ea src\main.o
 .debug_info    0x00000c36      0xac0 Libraries\STM32F4xx_HAL_Driver\Src\stm32f4xx_hal_timebase_tim_template.o
 .debug_info    0x000016f6      0xf5a Libraries\STM32F4xx_HAL_Driver\Src\stm32f4xx_hal_tim_ex.o
 .debug_info    0x00002650     0x2194 Libraries\STM32F4xx_HAL_Driver\Src\stm32f4xx_hal_tim.o
 .debug_info    0x000047e4      0xe32 Libraries\STM32F4xx_HAL_Driver\Src\stm32f4xx_hal_rcc.o
 .debug_info    0x00005616      0xcfe Libraries\STM32F4xx_HAL_Driver\Src\stm32f4xx_hal_cortex.o
 .debug_info    0x00006314      0x8e3 Libraries\STM32F4xx_HAL_Driver\Src\stm32f4xx_hal.o

.debug_abbrev   0x00000000     0x1064
 .debug_abbrev  0x00000000      0x101 src\system_stm32f4xx.o
 .debug_abbrev  0x00000101       0x7f src\stm32f4xx_it.o
 .debug_abbrev  0x00000180       0x67 src\stm32f4xx_hal_msp.o
 .debug_abbrev  0x000001e7       0x12 src\startup_stm32f407xx.o
 .debug_abbrev  0x000001f9      0x147 src\main.o
 .debug_abbrev  0x00000340      0x1b2 Libraries\STM32F4xx_HAL_Driver\Src\stm32f4xx_hal_timebase_tim_template.o
 .debug_abbrev  0x000004f2      0x1ff Libraries\STM32F4xx_HAL_Driver\Src\stm32f4xx_hal_tim_ex.o
 .debug_abbrev  0x000006f1      0x208 Libraries\STM32F4xx_HAL_Driver\Src\stm32f4xx_hal_tim.o
 .debug_abbrev  0x000008f9      0x296 Libraries\STM32F4xx_HAL_Driver\Src\stm32f4xx_hal_rcc.o
 .debug_abbrev  0x00000b8f      0x2c9 Libraries\STM32F4xx_HAL_Driver\Src\stm32f4xx_hal_cortex.o
 .debug_abbrev  0x00000e58      0x20c Libraries\STM32F4xx_HAL_Driver\Src\stm32f4xx_hal.o

.debug_aranges  0x00000000      0x840
 .debug_aranges
                0x00000000       0x28 src\system_stm32f4xx.o
 .debug_aranges
                0x00000028       0x60 src\stm32f4xx_it.o
 .debug_aranges
                0x00000088       0x28 src\stm32f4xx_hal_msp.o
 .debug_aranges
                0x000000b0       0x28 src\startup_stm32f407xx.o
 .debug_aranges
                0x000000d8       0x30 src\main.o
 .debug_aranges
                0x00000108       0x40 Libraries\STM32F4xx_HAL_Driver\Src\stm32f4xx_hal_timebase_tim_template.o
 .debug_aranges
                0x00000148      0x140 Libraries\STM32F4xx_HAL_Driver\Src\stm32f4xx_hal_tim_ex.o
 .debug_aranges
                0x00000288      0x368 Libraries\STM32F4xx_HAL_Driver\Src\stm32f4xx_hal_tim.o
 .debug_aranges
                0x000005f0       0x88 Libraries\STM32F4xx_HAL_Driver\Src\stm32f4xx_hal_rcc.o
 .debug_aranges
                0x00000678      0x108 Libraries\STM32F4xx_HAL_Driver\Src\stm32f4xx_hal_cortex.o
 .debug_aranges
                0x00000780       0xc0 Libraries\STM32F4xx_HAL_Driver\Src\stm32f4xx_hal.o

.debug_ranges   0x00000000      0x798
 .debug_ranges  0x00000000       0x18 src\system_stm32f4xx.o
 .debug_ranges  0x00000018       0x50 src\stm32f4xx_it.o
 .debug_ranges  0x00000068       0x18 src\stm32f4xx_hal_msp.o
 .debug_ranges  0x00000080       0x20 src\startup_stm32f407xx.o
 .debug_ranges  0x000000a0       0x20 src\main.o
 .debug_ranges  0x000000c0       0x30 Libraries\STM32F4xx_HAL_Driver\Src\stm32f4xx_hal_timebase_tim_template.o
 .debug_ranges  0x000000f0      0x130 Libraries\STM32F4xx_HAL_Driver\Src\stm32f4xx_hal_tim_ex.o
 .debug_ranges  0x00000220      0x358 Libraries\STM32F4xx_HAL_Driver\Src\stm32f4xx_hal_tim.o
 .debug_ranges  0x00000578       0x78 Libraries\STM32F4xx_HAL_Driver\Src\stm32f4xx_hal_rcc.o
 .debug_ranges  0x000005f0       0xf8 Libraries\STM32F4xx_HAL_Driver\Src\stm32f4xx_hal_cortex.o
 .debug_ranges  0x000006e8       0xb0 Libraries\STM32F4xx_HAL_Driver\Src\stm32f4xx_hal.o

.debug_line     0x00000000     0x365c
 .debug_line    0x00000000      0x1cb src\system_stm32f4xx.o
 .debug_line    0x000001cb      0x1ea src\stm32f4xx_it.o
 .debug_line    0x000003b5      0x167 src\stm32f4xx_hal_msp.o
 .debug_line    0x0000051c       0x7b src\startup_stm32f407xx.o
 .debug_line    0x00000597      0x271 src\main.o
 .debug_line    0x00000808      0x2de Libraries\STM32F4xx_HAL_Driver\Src\stm32f4xx_hal_timebase_tim_template.o
 .debug_line    0x00000ae6      0x82b Libraries\STM32F4xx_HAL_Driver\Src\stm32f4xx_hal_tim_ex.o
 .debug_line    0x00001311     0x1440 Libraries\STM32F4xx_HAL_Driver\Src\stm32f4xx_hal_tim.o
 .debug_line    0x00002751      0x5ef Libraries\STM32F4xx_HAL_Driver\Src\stm32f4xx_hal_rcc.o
 .debug_line    0x00002d40      0x535 Libraries\STM32F4xx_HAL_Driver\Src\stm32f4xx_hal_cortex.o
 .debug_line    0x00003275      0x3e7 Libraries\STM32F4xx_HAL_Driver\Src\stm32f4xx_hal.o

.debug_str      0x00000000     0x29a3
 .debug_str     0x00000000      0x328 src\system_stm32f4xx.o
                                0x388 (size before relaxing)
 .debug_str     0x00000328       0xb2 src\stm32f4xx_it.o
                                0x255 (size before relaxing)
 .debug_str     0x000003da       0x35 src\stm32f4xx_hal_msp.o
                                0x1e4 (size before relaxing)
 .debug_str     0x0000040f      0x19e src\main.o
                                0x474 (size before relaxing)
 .debug_str     0x000005ad      0xa3c Libraries\STM32F4xx_HAL_Driver\Src\stm32f4xx_hal_timebase_tim_template.o
                                0xdbb (size before relaxing)
 .debug_str     0x00000fe9      0x5fe Libraries\STM32F4xx_HAL_Driver\Src\stm32f4xx_hal_tim_ex.o
                                0xc8b (size before relaxing)
 .debug_str     0x000015e7      0xc38 Libraries\STM32F4xx_HAL_Driver\Src\stm32f4xx_hal_tim.o
                               0x13d8 (size before relaxing)
 .debug_str     0x0000221f      0x228 Libraries\STM32F4xx_HAL_Driver\Src\stm32f4xx_hal_rcc.o
                                0x6d3 (size before relaxing)
 .debug_str     0x00002447      0x3a9 Libraries\STM32F4xx_HAL_Driver\Src\stm32f4xx_hal_cortex.o
                                0xc0b (size before relaxing)
 .debug_str     0x000027f0      0x1b3 Libraries\STM32F4xx_HAL_Driver\Src\stm32f4xx_hal.o
                                0xa80 (size before relaxing)

.comment        0x00000000       0x7e
 .comment       0x00000000       0x7e src\system_stm32f4xx.o
                                 0x7f (size before relaxing)
 .comment       0x0000007e       0x7f src\stm32f4xx_it.o
 .comment       0x0000007e       0x7f src\stm32f4xx_hal_msp.o
 .comment       0x0000007e       0x7f src\main.o
 .comment       0x0000007e       0x7f Libraries\STM32F4xx_HAL_Driver\Src\stm32f4xx_hal_timebase_tim_template.o
 .comment       0x0000007e       0x7f Libraries\STM32F4xx_HAL_Driver\Src\stm32f4xx_hal_tim_ex.o
 .comment       0x0000007e       0x7f Libraries\STM32F4xx_HAL_Driver\Src\stm32f4xx_hal_tim.o
 .comment       0x0000007e       0x7f Libraries\STM32F4xx_HAL_Driver\Src\stm32f4xx_hal_rcc.o
 .comment       0x0000007e       0x7f Libraries\STM32F4xx_HAL_Driver\Src\stm32f4xx_hal_cortex.o
 .comment       0x0000007e       0x7f Libraries\STM32F4xx_HAL_Driver\Src\stm32f4xx_hal.o

.debug_frame    0x00000000     0x2134
 .debug_frame   0x00000000       0x58 src\system_stm32f4xx.o
 .debug_frame   0x00000058      0x10c src\stm32f4xx_it.o
 .debug_frame   0x00000164       0x50 src\stm32f4xx_hal_msp.o
 .debug_frame   0x000001b4       0x68 src\main.o
 .debug_frame   0x0000021c       0xb4 Libraries\STM32F4xx_HAL_Driver\Src\stm32f4xx_hal_timebase_tim_template.o
 .debug_frame   0x000002d0      0x574 Libraries\STM32F4xx_HAL_Driver\Src\stm32f4xx_hal_tim_ex.o
 .debug_frame   0x00000844      0xfb4 Libraries\STM32F4xx_HAL_Driver\Src\stm32f4xx_hal_tim.o
 .debug_frame   0x000017f8      0x200 Libraries\STM32F4xx_HAL_Driver\Src\stm32f4xx_hal_rcc.o
 .debug_frame   0x000019f8      0x450 Libraries\STM32F4xx_HAL_Driver\Src\stm32f4xx_hal_cortex.o
 .debug_frame   0x00001e48      0x2c0 Libraries\STM32F4xx_HAL_Driver\Src\stm32f4xx_hal.o
 .debug_frame   0x00002108       0x2c c:/program files (x86)/atollic/truestudio for arm 5.5.1/armtools/bin/../lib/gcc/arm-atollic-eabi/5.3.1/../../../../arm-atollic-eabi/lib/armv7e-m/fpu\libc_nano.a(lib_a-init.o)

.stabstr        0x00000000       0x3f
 .stabstr       0x00000000       0x3f c:/program files (x86)/atollic/truestudio for arm 5.5.1/armtools/bin/../lib/gcc/arm-atollic-eabi/5.3.1/../../../../arm-atollic-eabi/lib/armv7e-m/fpu\libnosys.a(write.o)

Cross Reference Table

Symbol                                            File
ACCELERO_IO_ITConfig                              Libraries\BSP\STM32F4-Discovery\stm32f4_discovery.o
                                                  Libraries\BSP\Components\lis302dl\lis302dl.o
                                                  Libraries\BSP\Components\lis3dsh\lis3dsh.o
ACCELERO_IO_Init                                  Libraries\BSP\STM32F4-Discovery\stm32f4_discovery.o
                                                  Libraries\BSP\Components\lis302dl\lis302dl.o
                                                  Libraries\BSP\Components\lis3dsh\lis3dsh.o
ACCELERO_IO_Read                                  Libraries\BSP\STM32F4-Discovery\stm32f4_discovery.o
                                                  Libraries\BSP\Components\lis302dl\lis302dl.o
                                                  Libraries\BSP\Components\lis3dsh\lis3dsh.o
ACCELERO_IO_Write                                 Libraries\BSP\STM32F4-Discovery\stm32f4_discovery.o
                                                  Libraries\BSP\Components\lis302dl\lis302dl.o
                                                  Libraries\BSP\Components\lis3dsh\lis3dsh.o
ADC_IRQHandler                                    src\startup_stm32f407xx.o
AHBPrescTable                                     src\system_stm32f4xx.o
APBAHBPrescTable                                  Libraries\STM32F4xx_HAL_Driver\Src\stm32f4xx_hal_rcc.o
AUDIO_IO_DeInit                                   Libraries\BSP\STM32F4-Discovery\stm32f4_discovery.o
                                                  Libraries\BSP\Components\cs43l22\cs43l22.o
                                                  Libraries\BSP\Components\wm8994\wm8994.o
AUDIO_IO_Delay                                    Libraries\BSP\Components\wm8994\wm8994.o
AUDIO_IO_Init                                     Libraries\BSP\STM32F4-Discovery\stm32f4_discovery.o
                                                  Libraries\BSP\Components\cs43l22\cs43l22.o
                                                  Libraries\BSP\Components\wm8994\wm8994.o
AUDIO_IO_Read                                     Libraries\BSP\STM32F4-Discovery\stm32f4_discovery.o
                                                  Libraries\BSP\Components\cs43l22\cs43l22.o
                                                  Libraries\BSP\Components\wm8994\wm8994.o
AUDIO_IO_Write                                    Libraries\BSP\STM32F4-Discovery\stm32f4_discovery.o
                                                  Libraries\BSP\Components\cs43l22\cs43l22.o
                                                  Libraries\BSP\Components\wm8994\wm8994.o
AudioInVolume                                     Libraries\BSP\STM32F4-Discovery\stm32f4_discovery_audio.o
BSP_ACCELERO_Click_ITClear                        Libraries\BSP\STM32F4-Discovery\stm32f4_discovery_accelerometer.o
BSP_ACCELERO_Click_ITConfig                       Libraries\BSP\STM32F4-Discovery\stm32f4_discovery_accelerometer.o
BSP_ACCELERO_GetXYZ                               Libraries\BSP\STM32F4-Discovery\stm32f4_discovery_accelerometer.o
BSP_ACCELERO_Init                                 Libraries\BSP\STM32F4-Discovery\stm32f4_discovery_accelerometer.o
BSP_ACCELERO_ReadID                               Libraries\BSP\STM32F4-Discovery\stm32f4_discovery_accelerometer.o
BSP_ACCELERO_Reset                                Libraries\BSP\STM32F4-Discovery\stm32f4_discovery_accelerometer.o
BSP_AUDIO_IN_Error_Callback                       Libraries\BSP\STM32F4-Discovery\stm32f4_discovery_audio.o
BSP_AUDIO_IN_HalfTransfer_CallBack                Libraries\BSP\STM32F4-Discovery\stm32f4_discovery_audio.o
BSP_AUDIO_IN_Init                                 Libraries\BSP\STM32F4-Discovery\stm32f4_discovery_audio.o
BSP_AUDIO_IN_PDMToPCM                             Libraries\BSP\STM32F4-Discovery\stm32f4_discovery_audio.o
BSP_AUDIO_IN_Pause                                Libraries\BSP\STM32F4-Discovery\stm32f4_discovery_audio.o
BSP_AUDIO_IN_Record                               Libraries\BSP\STM32F4-Discovery\stm32f4_discovery_audio.o
BSP_AUDIO_IN_Resume                               Libraries\BSP\STM32F4-Discovery\stm32f4_discovery_audio.o
BSP_AUDIO_IN_SetVolume                            Libraries\BSP\STM32F4-Discovery\stm32f4_discovery_audio.o
BSP_AUDIO_IN_Stop                                 Libraries\BSP\STM32F4-Discovery\stm32f4_discovery_audio.o
BSP_AUDIO_IN_TransferComplete_CallBack            Libraries\BSP\STM32F4-Discovery\stm32f4_discovery_audio.o
BSP_AUDIO_OUT_ChangeBuffer                        Libraries\BSP\STM32F4-Discovery\stm32f4_discovery_audio.o
BSP_AUDIO_OUT_Error_CallBack                      Libraries\BSP\STM32F4-Discovery\stm32f4_discovery_audio.o
BSP_AUDIO_OUT_HalfTransfer_CallBack               Libraries\BSP\STM32F4-Discovery\stm32f4_discovery_audio.o
BSP_AUDIO_OUT_Init                                Libraries\BSP\STM32F4-Discovery\stm32f4_discovery_audio.o
BSP_AUDIO_OUT_Pause                               Libraries\BSP\STM32F4-Discovery\stm32f4_discovery_audio.o
BSP_AUDIO_OUT_Play                                Libraries\BSP\STM32F4-Discovery\stm32f4_discovery_audio.o
BSP_AUDIO_OUT_Resume                              Libraries\BSP\STM32F4-Discovery\stm32f4_discovery_audio.o
BSP_AUDIO_OUT_SetFrequency                        Libraries\BSP\STM32F4-Discovery\stm32f4_discovery_audio.o
BSP_AUDIO_OUT_SetMute                             Libraries\BSP\STM32F4-Discovery\stm32f4_discovery_audio.o
BSP_AUDIO_OUT_SetOutputMode                       Libraries\BSP\STM32F4-Discovery\stm32f4_discovery_audio.o
BSP_AUDIO_OUT_SetVolume                           Libraries\BSP\STM32F4-Discovery\stm32f4_discovery_audio.o
BSP_AUDIO_OUT_Stop                                Libraries\BSP\STM32F4-Discovery\stm32f4_discovery_audio.o
BSP_AUDIO_OUT_TransferComplete_CallBack           Libraries\BSP\STM32F4-Discovery\stm32f4_discovery_audio.o
BSP_GetVersion                                    Libraries\BSP\STM32F4-Discovery\stm32f4_discovery.o
BSP_LED_Init                                      Libraries\BSP\STM32F4-Discovery\stm32f4_discovery.o
BSP_LED_Off                                       Libraries\BSP\STM32F4-Discovery\stm32f4_discovery.o
BSP_LED_On                                        Libraries\BSP\STM32F4-Discovery\stm32f4_discovery.o
BSP_LED_Toggle                                    Libraries\BSP\STM32F4-Discovery\stm32f4_discovery.o
BSP_PB_GetState                                   Libraries\BSP\STM32F4-Discovery\stm32f4_discovery.o
BSP_PB_Init                                       Libraries\BSP\STM32F4-Discovery\stm32f4_discovery.o
BUTTON_IRQn                                       Libraries\BSP\STM32F4-Discovery\stm32f4_discovery.o
BUTTON_PIN                                        Libraries\BSP\STM32F4-Discovery\stm32f4_discovery.o
BUTTON_PORT                                       Libraries\BSP\STM32F4-Discovery\stm32f4_discovery.o
BusFault_Handler                                  src\stm32f4xx_it.o
CAMERA_Delay                                      Libraries\BSP\Components\ov2640\ov2640.o
                                                  Libraries\BSP\Components\s5k5cag\s5k5cag.o
CAMERA_IO_Init                                    Libraries\BSP\Components\ov2640\ov2640.o
                                                  Libraries\BSP\Components\s5k5cag\s5k5cag.o
CAMERA_IO_Read                                    Libraries\BSP\Components\ov2640\ov2640.o
                                                  Libraries\BSP\Components\s5k5cag\s5k5cag.o
CAMERA_IO_Write                                   Libraries\BSP\Components\ov2640\ov2640.o
                                                  Libraries\BSP\Components\s5k5cag\s5k5cag.o
CAN1_RX0_IRQHandler                               src\startup_stm32f407xx.o
CAN1_RX1_IRQHandler                               src\startup_stm32f407xx.o
CAN1_SCE_IRQHandler                               src\startup_stm32f407xx.o
CAN1_TX_IRQHandler                                src\startup_stm32f407xx.o
CAN2_RX0_IRQHandler                               src\startup_stm32f407xx.o
CAN2_RX1_IRQHandler                               src\startup_stm32f407xx.o
CAN2_SCE_IRQHandler                               src\startup_stm32f407xx.o
CAN2_TX_IRQHandler                                src\startup_stm32f407xx.o
COMPASSACCELERO_IO_ITConfig                       Libraries\BSP\Components\lsm303dlhc\lsm303dlhc.o
COMPASSACCELERO_IO_Init                           Libraries\BSP\Components\lsm303dlhc\lsm303dlhc.o
COMPASSACCELERO_IO_Read                           Libraries\BSP\Components\lsm303dlhc\lsm303dlhc.o
COMPASSACCELERO_IO_Write                          Libraries\BSP\Components\lsm303dlhc\lsm303dlhc.o
DAC_DMAConvCpltCh2                                Libraries\STM32F4xx_HAL_Driver\Src\stm32f4xx_hal_dac_ex.o
                                                  Libraries\STM32F4xx_HAL_Driver\Src\stm32f4xx_hal_dac.o
DAC_DMAErrorCh2                                   Libraries\STM32F4xx_HAL_Driver\Src\stm32f4xx_hal_dac_ex.o
                                                  Libraries\STM32F4xx_HAL_Driver\Src\stm32f4xx_hal_dac.o
DAC_DMAHalfConvCpltCh2                            Libraries\STM32F4xx_HAL_Driver\Src\stm32f4xx_hal_dac_ex.o
                                                  Libraries\STM32F4xx_HAL_Driver\Src\stm32f4xx_hal_dac.o
DCMI_IRQHandler                                   src\startup_stm32f407xx.o
DMA1_Stream0_IRQHandler                           src\startup_stm32f407xx.o
DMA1_Stream1_IRQHandler                           src\startup_stm32f407xx.o
DMA1_Stream2_IRQHandler                           src\startup_stm32f407xx.o
DMA1_Stream3_IRQHandler                           src\startup_stm32f407xx.o
DMA1_Stream4_IRQHandler                           src\startup_stm32f407xx.o
DMA1_Stream5_IRQHandler                           src\startup_stm32f407xx.o
DMA1_Stream6_IRQHandler                           src\startup_stm32f407xx.o
DMA1_Stream7_IRQHandler                           src\startup_stm32f407xx.o
DMA2_Stream0_IRQHandler                           src\startup_stm32f407xx.o
DMA2_Stream1_IRQHandler                           src\startup_stm32f407xx.o
DMA2_Stream2_IRQHandler                           src\startup_stm32f407xx.o
DMA2_Stream3_IRQHandler                           src\startup_stm32f407xx.o
DMA2_Stream4_IRQHandler                           src\startup_stm32f407xx.o
DMA2_Stream5_IRQHandler                           src\startup_stm32f407xx.o
DMA2_Stream6_IRQHandler                           src\startup_stm32f407xx.o
DMA2_Stream7_IRQHandler                           src\startup_stm32f407xx.o
DSI_IO_WriteCmd                                   Libraries\BSP\Components\otm8009a\otm8009a.o
DebugMon_Handler                                  src\stm32f4xx_it.o
Default_Handler                                   src\startup_stm32f407xx.o
ETH_IRQHandler                                    src\startup_stm32f407xx.o
ETH_WKUP_IRQHandler                               src\startup_stm32f407xx.o
EXTI0_IRQHandler                                  src\startup_stm32f407xx.o
EXTI15_10_IRQHandler                              src\startup_stm32f407xx.o
EXTI1_IRQHandler                                  src\startup_stm32f407xx.o
EXTI2_IRQHandler                                  src\startup_stm32f407xx.o
EXTI3_IRQHandler                                  src\startup_stm32f407xx.o
EXTI4_IRQHandler                                  src\startup_stm32f407xx.o
EXTI9_5_IRQHandler                                src\startup_stm32f407xx.o
FLASH_Erase_Sector                                Libraries\STM32F4xx_HAL_Driver\Src\stm32f4xx_hal_flash_ex.o
                                                  Libraries\STM32F4xx_HAL_Driver\Src\stm32f4xx_hal_flash.o
FLASH_FlushCaches                                 Libraries\STM32F4xx_HAL_Driver\Src\stm32f4xx_hal_flash_ex.o
                                                  Libraries\STM32F4xx_HAL_Driver\Src\stm32f4xx_hal_flash.o
FLASH_IRQHandler                                  src\startup_stm32f407xx.o
FLASH_WaitForLastOperation                        Libraries\STM32F4xx_HAL_Driver\Src\stm32f4xx_hal_flash.o
                                                  Libraries\STM32F4xx_HAL_Driver\Src\stm32f4xx_hal_flash_ex.o
FPU_IRQHandler                                    src\startup_stm32f407xx.o
FSMC_IRQHandler                                   src\startup_stm32f407xx.o
FSMC_NAND_AttributeSpace_Timing_Init              Libraries\STM32F4xx_HAL_Driver\Src\stm32f4xx_ll_fsmc.o
                                                  Libraries\STM32F4xx_HAL_Driver\Src\stm32f4xx_hal_nand.o
FSMC_NAND_CommonSpace_Timing_Init                 Libraries\STM32F4xx_HAL_Driver\Src\stm32f4xx_ll_fsmc.o
                                                  Libraries\STM32F4xx_HAL_Driver\Src\stm32f4xx_hal_nand.o
FSMC_NAND_DeInit                                  Libraries\STM32F4xx_HAL_Driver\Src\stm32f4xx_ll_fsmc.o
                                                  Libraries\STM32F4xx_HAL_Driver\Src\stm32f4xx_hal_nand.o
FSMC_NAND_ECC_Disable                             Libraries\STM32F4xx_HAL_Driver\Src\stm32f4xx_ll_fsmc.o
                                                  Libraries\STM32F4xx_HAL_Driver\Src\stm32f4xx_hal_nand.o
FSMC_NAND_ECC_Enable                              Libraries\STM32F4xx_HAL_Driver\Src\stm32f4xx_ll_fsmc.o
                                                  Libraries\STM32F4xx_HAL_Driver\Src\stm32f4xx_hal_nand.o
FSMC_NAND_GetECC                                  Libraries\STM32F4xx_HAL_Driver\Src\stm32f4xx_ll_fsmc.o
                                                  Libraries\STM32F4xx_HAL_Driver\Src\stm32f4xx_hal_nand.o
FSMC_NAND_Init                                    Libraries\STM32F4xx_HAL_Driver\Src\stm32f4xx_ll_fsmc.o
                                                  Libraries\STM32F4xx_HAL_Driver\Src\stm32f4xx_hal_nand.o
FSMC_NORSRAM_DeInit                               Libraries\STM32F4xx_HAL_Driver\Src\stm32f4xx_ll_fsmc.o
                                                  Libraries\STM32F4xx_HAL_Driver\Src\stm32f4xx_hal_nor.o
                                                  Libraries\STM32F4xx_HAL_Driver\Src\stm32f4xx_hal_sram.o
FSMC_NORSRAM_Extended_Timing_Init                 Libraries\STM32F4xx_HAL_Driver\Src\stm32f4xx_ll_fsmc.o
                                                  Libraries\STM32F4xx_HAL_Driver\Src\stm32f4xx_hal_nor.o
                                                  Libraries\STM32F4xx_HAL_Driver\Src\stm32f4xx_hal_sram.o
FSMC_NORSRAM_Init                                 Libraries\STM32F4xx_HAL_Driver\Src\stm32f4xx_ll_fsmc.o
                                                  Libraries\STM32F4xx_HAL_Driver\Src\stm32f4xx_hal_nor.o
                                                  Libraries\STM32F4xx_HAL_Driver\Src\stm32f4xx_hal_sram.o
FSMC_NORSRAM_Timing_Init                          Libraries\STM32F4xx_HAL_Driver\Src\stm32f4xx_ll_fsmc.o
                                                  Libraries\STM32F4xx_HAL_Driver\Src\stm32f4xx_hal_nor.o
                                                  Libraries\STM32F4xx_HAL_Driver\Src\stm32f4xx_hal_sram.o
FSMC_NORSRAM_WriteOperation_Disable               Libraries\STM32F4xx_HAL_Driver\Src\stm32f4xx_ll_fsmc.o
                                                  Libraries\STM32F4xx_HAL_Driver\Src\stm32f4xx_hal_nor.o
                                                  Libraries\STM32F4xx_HAL_Driver\Src\stm32f4xx_hal_sram.o
FSMC_NORSRAM_WriteOperation_Enable                Libraries\STM32F4xx_HAL_Driver\Src\stm32f4xx_ll_fsmc.o
                                                  Libraries\STM32F4xx_HAL_Driver\Src\stm32f4xx_hal_nor.o
                                                  Libraries\STM32F4xx_HAL_Driver\Src\stm32f4xx_hal_sram.o
FSMC_PCCARD_AttributeSpace_Timing_Init            Libraries\STM32F4xx_HAL_Driver\Src\stm32f4xx_ll_fsmc.o
                                                  Libraries\STM32F4xx_HAL_Driver\Src\stm32f4xx_hal_pccard.o
FSMC_PCCARD_CommonSpace_Timing_Init               Libraries\STM32F4xx_HAL_Driver\Src\stm32f4xx_ll_fsmc.o
                                                  Libraries\STM32F4xx_HAL_Driver\Src\stm32f4xx_hal_pccard.o
FSMC_PCCARD_DeInit                                Libraries\STM32F4xx_HAL_Driver\Src\stm32f4xx_ll_fsmc.o
                                                  Libraries\STM32F4xx_HAL_Driver\Src\stm32f4xx_hal_pccard.o
FSMC_PCCARD_IOSpace_Timing_Init                   Libraries\STM32F4xx_HAL_Driver\Src\stm32f4xx_ll_fsmc.o
                                                  Libraries\STM32F4xx_HAL_Driver\Src\stm32f4xx_hal_pccard.o
FSMC_PCCARD_Init                                  Libraries\STM32F4xx_HAL_Driver\Src\stm32f4xx_ll_fsmc.o
                                                  Libraries\STM32F4xx_HAL_Driver\Src\stm32f4xx_hal_pccard.o
Filter                                            Libraries\BSP\STM32F4-Discovery\stm32f4_discovery_audio.o
GPIO_PIN                                          Libraries\BSP\STM32F4-Discovery\stm32f4_discovery.o
GPIO_PORT                                         Libraries\BSP\STM32F4-Discovery\stm32f4_discovery.o
GYRO_IO_Init                                      Libraries\BSP\Components\l3gd20\l3gd20.o
GYRO_IO_Read                                      Libraries\BSP\Components\l3gd20\l3gd20.o
GYRO_IO_Write                                     Libraries\BSP\Components\l3gd20\l3gd20.o
HAL_ADCEx_InjectedConfigChannel                   Libraries\STM32F4xx_HAL_Driver\Src\stm32f4xx_hal_adc_ex.o
HAL_ADCEx_InjectedConvCpltCallback                Libraries\STM32F4xx_HAL_Driver\Src\stm32f4xx_hal_adc_ex.o
                                                  Libraries\STM32F4xx_HAL_Driver\Src\stm32f4xx_hal_adc.o
HAL_ADCEx_InjectedGetValue                        Libraries\STM32F4xx_HAL_Driver\Src\stm32f4xx_hal_adc_ex.o
HAL_ADCEx_InjectedPollForConversion               Libraries\STM32F4xx_HAL_Driver\Src\stm32f4xx_hal_adc_ex.o
HAL_ADCEx_InjectedStart                           Libraries\STM32F4xx_HAL_Driver\Src\stm32f4xx_hal_adc_ex.o
HAL_ADCEx_InjectedStart_IT                        Libraries\STM32F4xx_HAL_Driver\Src\stm32f4xx_hal_adc_ex.o
HAL_ADCEx_InjectedStop                            Libraries\STM32F4xx_HAL_Driver\Src\stm32f4xx_hal_adc_ex.o
HAL_ADCEx_InjectedStop_IT                         Libraries\STM32F4xx_HAL_Driver\Src\stm32f4xx_hal_adc_ex.o
HAL_ADCEx_MultiModeConfigChannel                  Libraries\STM32F4xx_HAL_Driver\Src\stm32f4xx_hal_adc_ex.o
HAL_ADCEx_MultiModeGetValue                       Libraries\STM32F4xx_HAL_Driver\Src\stm32f4xx_hal_adc_ex.o
HAL_ADCEx_MultiModeStart_DMA                      Libraries\STM32F4xx_HAL_Driver\Src\stm32f4xx_hal_adc_ex.o
HAL_ADCEx_MultiModeStop_DMA                       Libraries\STM32F4xx_HAL_Driver\Src\stm32f4xx_hal_adc_ex.o
HAL_ADC_AnalogWDGConfig                           Libraries\STM32F4xx_HAL_Driver\Src\stm32f4xx_hal_adc.o
HAL_ADC_ConfigChannel                             Libraries\STM32F4xx_HAL_Driver\Src\stm32f4xx_hal_adc.o
HAL_ADC_ConvCpltCallback                          Libraries\STM32F4xx_HAL_Driver\Src\stm32f4xx_hal_adc.o
                                                  Libraries\STM32F4xx_HAL_Driver\Src\stm32f4xx_hal_adc_ex.o
HAL_ADC_ConvHalfCpltCallback                      Libraries\STM32F4xx_HAL_Driver\Src\stm32f4xx_hal_adc.o
                                                  Libraries\STM32F4xx_HAL_Driver\Src\stm32f4xx_hal_adc_ex.o
HAL_ADC_DeInit                                    Libraries\STM32F4xx_HAL_Driver\Src\stm32f4xx_hal_adc.o
HAL_ADC_ErrorCallback                             Libraries\STM32F4xx_HAL_Driver\Src\stm32f4xx_hal_adc.o
                                                  Libraries\STM32F4xx_HAL_Driver\Src\stm32f4xx_hal_adc_ex.o
HAL_ADC_GetError                                  Libraries\STM32F4xx_HAL_Driver\Src\stm32f4xx_hal_adc.o
HAL_ADC_GetState                                  Libraries\STM32F4xx_HAL_Driver\Src\stm32f4xx_hal_adc.o
HAL_ADC_GetValue                                  Libraries\STM32F4xx_HAL_Driver\Src\stm32f4xx_hal_adc.o
HAL_ADC_IRQHandler                                Libraries\STM32F4xx_HAL_Driver\Src\stm32f4xx_hal_adc.o
HAL_ADC_Init                                      Libraries\STM32F4xx_HAL_Driver\Src\stm32f4xx_hal_adc.o
HAL_ADC_LevelOutOfWindowCallback                  Libraries\STM32F4xx_HAL_Driver\Src\stm32f4xx_hal_adc.o
HAL_ADC_MspDeInit                                 Libraries\STM32F4xx_HAL_Driver\Src\stm32f4xx_hal_adc.o
HAL_ADC_MspInit                                   Libraries\STM32F4xx_HAL_Driver\Src\stm32f4xx_hal_adc.o
HAL_ADC_PollForConversion                         Libraries\STM32F4xx_HAL_Driver\Src\stm32f4xx_hal_adc.o
HAL_ADC_PollForEvent                              Libraries\STM32F4xx_HAL_Driver\Src\stm32f4xx_hal_adc.o
HAL_ADC_Start                                     Libraries\STM32F4xx_HAL_Driver\Src\stm32f4xx_hal_adc.o
HAL_ADC_Start_DMA                                 Libraries\STM32F4xx_HAL_Driver\Src\stm32f4xx_hal_adc.o
HAL_ADC_Start_IT                                  Libraries\STM32F4xx_HAL_Driver\Src\stm32f4xx_hal_adc.o
HAL_ADC_Stop                                      Libraries\STM32F4xx_HAL_Driver\Src\stm32f4xx_hal_adc.o
HAL_ADC_Stop_DMA                                  Libraries\STM32F4xx_HAL_Driver\Src\stm32f4xx_hal_adc.o
HAL_ADC_Stop_IT                                   Libraries\STM32F4xx_HAL_Driver\Src\stm32f4xx_hal_adc.o
HAL_CAN_ConfigFilter                              Libraries\STM32F4xx_HAL_Driver\Src\stm32f4xx_hal_can.o
HAL_CAN_DeInit                                    Libraries\STM32F4xx_HAL_Driver\Src\stm32f4xx_hal_can.o
HAL_CAN_ErrorCallback                             Libraries\STM32F4xx_HAL_Driver\Src\stm32f4xx_hal_can.o
HAL_CAN_GetError                                  Libraries\STM32F4xx_HAL_Driver\Src\stm32f4xx_hal_can.o
HAL_CAN_GetState                                  Libraries\STM32F4xx_HAL_Driver\Src\stm32f4xx_hal_can.o
HAL_CAN_IRQHandler                                Libraries\STM32F4xx_HAL_Driver\Src\stm32f4xx_hal_can.o
HAL_CAN_Init                                      Libraries\STM32F4xx_HAL_Driver\Src\stm32f4xx_hal_can.o
HAL_CAN_MspDeInit                                 Libraries\STM32F4xx_HAL_Driver\Src\stm32f4xx_hal_can.o
HAL_CAN_MspInit                                   Libraries\STM32F4xx_HAL_Driver\Src\stm32f4xx_hal_can.o
HAL_CAN_Receive                                   Libraries\STM32F4xx_HAL_Driver\Src\stm32f4xx_hal_can.o
HAL_CAN_Receive_IT                                Libraries\STM32F4xx_HAL_Driver\Src\stm32f4xx_hal_can.o
HAL_CAN_RxCpltCallback                            Libraries\STM32F4xx_HAL_Driver\Src\stm32f4xx_hal_can.o
HAL_CAN_Sleep                                     Libraries\STM32F4xx_HAL_Driver\Src\stm32f4xx_hal_can.o
HAL_CAN_Transmit                                  Libraries\STM32F4xx_HAL_Driver\Src\stm32f4xx_hal_can.o
HAL_CAN_Transmit_IT                               Libraries\STM32F4xx_HAL_Driver\Src\stm32f4xx_hal_can.o
HAL_CAN_TxCpltCallback                            Libraries\STM32F4xx_HAL_Driver\Src\stm32f4xx_hal_can.o
HAL_CAN_WakeUp                                    Libraries\STM32F4xx_HAL_Driver\Src\stm32f4xx_hal_can.o
HAL_CRC_Accumulate                                Libraries\STM32F4xx_HAL_Driver\Src\stm32f4xx_hal_crc.o
HAL_CRC_Calculate                                 Libraries\STM32F4xx_HAL_Driver\Src\stm32f4xx_hal_crc.o
HAL_CRC_DeInit                                    Libraries\STM32F4xx_HAL_Driver\Src\stm32f4xx_hal_crc.o
HAL_CRC_GetState                                  Libraries\STM32F4xx_HAL_Driver\Src\stm32f4xx_hal_crc.o
HAL_CRC_Init                                      Libraries\STM32F4xx_HAL_Driver\Src\stm32f4xx_hal_crc.o
HAL_CRC_MspDeInit                                 Libraries\STM32F4xx_HAL_Driver\Src\stm32f4xx_hal_crc.o
HAL_CRC_MspInit                                   Libraries\STM32F4xx_HAL_Driver\Src\stm32f4xx_hal_crc.o
HAL_DACEx_ConvCpltCallbackCh2                     Libraries\STM32F4xx_HAL_Driver\Src\stm32f4xx_hal_dac_ex.o
HAL_DACEx_ConvHalfCpltCallbackCh2                 Libraries\STM32F4xx_HAL_Driver\Src\stm32f4xx_hal_dac_ex.o
HAL_DACEx_DMAUnderrunCallbackCh2                  Libraries\STM32F4xx_HAL_Driver\Src\stm32f4xx_hal_dac_ex.o
                                                  Libraries\STM32F4xx_HAL_Driver\Src\stm32f4xx_hal_dac.o
HAL_DACEx_DualGetValue                            Libraries\STM32F4xx_HAL_Driver\Src\stm32f4xx_hal_dac_ex.o
HAL_DACEx_DualSetValue                            Libraries\STM32F4xx_HAL_Driver\Src\stm32f4xx_hal_dac_ex.o
HAL_DACEx_ErrorCallbackCh2                        Libraries\STM32F4xx_HAL_Driver\Src\stm32f4xx_hal_dac_ex.o
HAL_DACEx_NoiseWaveGenerate                       Libraries\STM32F4xx_HAL_Driver\Src\stm32f4xx_hal_dac_ex.o
HAL_DACEx_TriangleWaveGenerate                    Libraries\STM32F4xx_HAL_Driver\Src\stm32f4xx_hal_dac_ex.o
HAL_DAC_ConfigChannel                             Libraries\STM32F4xx_HAL_Driver\Src\stm32f4xx_hal_dac.o
HAL_DAC_ConvCpltCallbackCh1                       Libraries\STM32F4xx_HAL_Driver\Src\stm32f4xx_hal_dac.o
HAL_DAC_ConvHalfCpltCallbackCh1                   Libraries\STM32F4xx_HAL_Driver\Src\stm32f4xx_hal_dac.o
HAL_DAC_DMAUnderrunCallbackCh1                    Libraries\STM32F4xx_HAL_Driver\Src\stm32f4xx_hal_dac.o
HAL_DAC_DeInit                                    Libraries\STM32F4xx_HAL_Driver\Src\stm32f4xx_hal_dac.o
HAL_DAC_ErrorCallbackCh1                          Libraries\STM32F4xx_HAL_Driver\Src\stm32f4xx_hal_dac.o
HAL_DAC_GetError                                  Libraries\STM32F4xx_HAL_Driver\Src\stm32f4xx_hal_dac.o
HAL_DAC_GetState                                  Libraries\STM32F4xx_HAL_Driver\Src\stm32f4xx_hal_dac.o
HAL_DAC_GetValue                                  Libraries\STM32F4xx_HAL_Driver\Src\stm32f4xx_hal_dac.o
HAL_DAC_IRQHandler                                Libraries\STM32F4xx_HAL_Driver\Src\stm32f4xx_hal_dac.o
HAL_DAC_Init                                      Libraries\STM32F4xx_HAL_Driver\Src\stm32f4xx_hal_dac.o
HAL_DAC_MspDeInit                                 Libraries\STM32F4xx_HAL_Driver\Src\stm32f4xx_hal_dac.o
HAL_DAC_MspInit                                   Libraries\STM32F4xx_HAL_Driver\Src\stm32f4xx_hal_dac.o
HAL_DAC_SetValue                                  Libraries\STM32F4xx_HAL_Driver\Src\stm32f4xx_hal_dac.o
HAL_DAC_Start                                     Libraries\STM32F4xx_HAL_Driver\Src\stm32f4xx_hal_dac.o
HAL_DAC_Start_DMA                                 Libraries\STM32F4xx_HAL_Driver\Src\stm32f4xx_hal_dac.o
HAL_DAC_Stop                                      Libraries\STM32F4xx_HAL_Driver\Src\stm32f4xx_hal_dac.o
HAL_DAC_Stop_DMA                                  Libraries\STM32F4xx_HAL_Driver\Src\stm32f4xx_hal_dac.o
HAL_DBGMCU_DisableDBGSleepMode                    Libraries\STM32F4xx_HAL_Driver\Src\stm32f4xx_hal.o
HAL_DBGMCU_DisableDBGStandbyMode                  Libraries\STM32F4xx_HAL_Driver\Src\stm32f4xx_hal.o
HAL_DBGMCU_DisableDBGStopMode                     Libraries\STM32F4xx_HAL_Driver\Src\stm32f4xx_hal.o
HAL_DBGMCU_EnableDBGSleepMode                     Libraries\STM32F4xx_HAL_Driver\Src\stm32f4xx_hal.o
HAL_DBGMCU_EnableDBGStandbyMode                   Libraries\STM32F4xx_HAL_Driver\Src\stm32f4xx_hal.o
HAL_DBGMCU_EnableDBGStopMode                      Libraries\STM32F4xx_HAL_Driver\Src\stm32f4xx_hal.o
HAL_DCMI_ConfigCROP                               Libraries\STM32F4xx_HAL_Driver\Src\stm32f4xx_hal_dcmi.o
HAL_DCMI_DeInit                                   Libraries\STM32F4xx_HAL_Driver\Src\stm32f4xx_hal_dcmi.o
HAL_DCMI_DisableCROP                              Libraries\STM32F4xx_HAL_Driver\Src\stm32f4xx_hal_dcmi.o
HAL_DCMI_EnableCROP                               Libraries\STM32F4xx_HAL_Driver\Src\stm32f4xx_hal_dcmi.o
HAL_DCMI_ErrorCallback                            Libraries\STM32F4xx_HAL_Driver\Src\stm32f4xx_hal_dcmi.o
HAL_DCMI_FrameEventCallback                       Libraries\STM32F4xx_HAL_Driver\Src\stm32f4xx_hal_dcmi.o
HAL_DCMI_GetError                                 Libraries\STM32F4xx_HAL_Driver\Src\stm32f4xx_hal_dcmi.o
HAL_DCMI_GetState                                 Libraries\STM32F4xx_HAL_Driver\Src\stm32f4xx_hal_dcmi.o
HAL_DCMI_IRQHandler                               Libraries\STM32F4xx_HAL_Driver\Src\stm32f4xx_hal_dcmi.o
HAL_DCMI_Init                                     Libraries\STM32F4xx_HAL_Driver\Src\stm32f4xx_hal_dcmi_ex.o
HAL_DCMI_LineEventCallback                        Libraries\STM32F4xx_HAL_Driver\Src\stm32f4xx_hal_dcmi.o
HAL_DCMI_MspDeInit                                Libraries\STM32F4xx_HAL_Driver\Src\stm32f4xx_hal_dcmi.o
HAL_DCMI_MspInit                                  Libraries\STM32F4xx_HAL_Driver\Src\stm32f4xx_hal_dcmi.o
                                                  Libraries\STM32F4xx_HAL_Driver\Src\stm32f4xx_hal_dcmi_ex.o
HAL_DCMI_Start_DMA                                Libraries\STM32F4xx_HAL_Driver\Src\stm32f4xx_hal_dcmi.o
HAL_DCMI_Stop                                     Libraries\STM32F4xx_HAL_Driver\Src\stm32f4xx_hal_dcmi.o
HAL_DCMI_VsyncEventCallback                       Libraries\STM32F4xx_HAL_Driver\Src\stm32f4xx_hal_dcmi.o
HAL_DMAEx_ChangeMemory                            Libraries\STM32F4xx_HAL_Driver\Src\stm32f4xx_hal_dma_ex.o
                                                  Libraries\STM32F4xx_HAL_Driver\Src\stm32f4xx_hal_dcmi.o
HAL_DMAEx_MultiBufferStart                        Libraries\STM32F4xx_HAL_Driver\Src\stm32f4xx_hal_dma_ex.o
HAL_DMAEx_MultiBufferStart_IT                     Libraries\STM32F4xx_HAL_Driver\Src\stm32f4xx_hal_dma_ex.o
                                                  Libraries\STM32F4xx_HAL_Driver\Src\stm32f4xx_hal_dcmi.o
HAL_DMA_Abort                                     Libraries\STM32F4xx_HAL_Driver\Src\stm32f4xx_hal_dma.o
                                                  Libraries\STM32F4xx_HAL_Driver\Src\stm32f4xx_hal_adc.o
                                                  Libraries\STM32F4xx_HAL_Driver\Src\stm32f4xx_hal_adc_ex.o
                                                  Libraries\STM32F4xx_HAL_Driver\Src\stm32f4xx_hal_dac.o
                                                  Libraries\STM32F4xx_HAL_Driver\Src\stm32f4xx_hal_dcmi.o
                                                  Libraries\STM32F4xx_HAL_Driver\Src\stm32f4xx_hal_i2s.o
                                                  Libraries\STM32F4xx_HAL_Driver\Src\stm32f4xx_hal_i2s_ex.o
                                                  Libraries\STM32F4xx_HAL_Driver\Src\stm32f4xx_hal_irda.o
                                                  Libraries\STM32F4xx_HAL_Driver\Src\stm32f4xx_hal_sd.o
                                                  Libraries\STM32F4xx_HAL_Driver\Src\stm32f4xx_hal_spi.o
                                                  Libraries\STM32F4xx_HAL_Driver\Src\stm32f4xx_hal_tim.o
                                                  Libraries\STM32F4xx_HAL_Driver\Src\stm32f4xx_hal_uart.o
                                                  Libraries\STM32F4xx_HAL_Driver\Src\stm32f4xx_hal_usart.o
HAL_DMA_DeInit                                    Libraries\STM32F4xx_HAL_Driver\Src\stm32f4xx_hal_dma.o
                                                  Libraries\BSP\STM32F4-Discovery\stm32f4_discovery_audio.o
HAL_DMA_GetError                                  Libraries\STM32F4xx_HAL_Driver\Src\stm32f4xx_hal_dma.o
HAL_DMA_GetState                                  Libraries\STM32F4xx_HAL_Driver\Src\stm32f4xx_hal_dma.o
HAL_DMA_IRQHandler                                Libraries\STM32F4xx_HAL_Driver\Src\stm32f4xx_hal_dma.o
HAL_DMA_Init                                      Libraries\STM32F4xx_HAL_Driver\Src\stm32f4xx_hal_dma.o
                                                  Libraries\BSP\STM32F4-Discovery\stm32f4_discovery_audio.o
HAL_DMA_PollForTransfer                           Libraries\STM32F4xx_HAL_Driver\Src\stm32f4xx_hal_dma.o
HAL_DMA_Start                                     Libraries\STM32F4xx_HAL_Driver\Src\stm32f4xx_hal_dma.o
HAL_DMA_Start_IT                                  Libraries\STM32F4xx_HAL_Driver\Src\stm32f4xx_hal_dma.o
                                                  Libraries\STM32F4xx_HAL_Driver\Src\stm32f4xx_hal_adc.o
                                                  Libraries\STM32F4xx_HAL_Driver\Src\stm32f4xx_hal_adc_ex.o
                                                  Libraries\STM32F4xx_HAL_Driver\Src\stm32f4xx_hal_dac.o
                                                  Libraries\STM32F4xx_HAL_Driver\Src\stm32f4xx_hal_dcmi.o
                                                  Libraries\STM32F4xx_HAL_Driver\Src\stm32f4xx_hal_i2c.o
                                                  Libraries\STM32F4xx_HAL_Driver\Src\stm32f4xx_hal_i2s.o
                                                  Libraries\STM32F4xx_HAL_Driver\Src\stm32f4xx_hal_i2s_ex.o
                                                  Libraries\STM32F4xx_HAL_Driver\Src\stm32f4xx_hal_irda.o
                                                  Libraries\STM32F4xx_HAL_Driver\Src\stm32f4xx_hal_sd.o
                                                  Libraries\STM32F4xx_HAL_Driver\Src\stm32f4xx_hal_smartcard.o
                                                  Libraries\STM32F4xx_HAL_Driver\Src\stm32f4xx_hal_spi.o
                                                  Libraries\STM32F4xx_HAL_Driver\Src\stm32f4xx_hal_sram.o
                                                  Libraries\STM32F4xx_HAL_Driver\Src\stm32f4xx_hal_tim.o
                                                  Libraries\STM32F4xx_HAL_Driver\Src\stm32f4xx_hal_tim_ex.o
                                                  Libraries\STM32F4xx_HAL_Driver\Src\stm32f4xx_hal_uart.o
                                                  Libraries\STM32F4xx_HAL_Driver\Src\stm32f4xx_hal_usart.o
HAL_DeInit                                        Libraries\STM32F4xx_HAL_Driver\Src\stm32f4xx_hal.o
HAL_Delay                                         Libraries\STM32F4xx_HAL_Driver\Src\stm32f4xx_hal.o
                                                  Libraries\BSP\STM32F4-Discovery\stm32f4_discovery.o
                                                  Libraries\BSP\STM32F4-Discovery\stm32f4_discovery_audio.o
                                                  Libraries\STM32F4xx_HAL_Driver\Src\stm32f4xx_hal_eth.o
                                                  Libraries\STM32F4xx_HAL_Driver\Src\stm32f4xx_hal_sd.o
                                                  Libraries\STM32F4xx_HAL_Driver\Src\stm32f4xx_ll_usb.o
HAL_DisableCompensationCell                       Libraries\STM32F4xx_HAL_Driver\Src\stm32f4xx_hal.o
HAL_ETH_ConfigDMA                                 Libraries\STM32F4xx_HAL_Driver\Src\stm32f4xx_hal_eth.o
HAL_ETH_ConfigMAC                                 Libraries\STM32F4xx_HAL_Driver\Src\stm32f4xx_hal_eth.o
HAL_ETH_DMARxDescListInit                         Libraries\STM32F4xx_HAL_Driver\Src\stm32f4xx_hal_eth.o
HAL_ETH_DMATxDescListInit                         Libraries\STM32F4xx_HAL_Driver\Src\stm32f4xx_hal_eth.o
HAL_ETH_DeInit                                    Libraries\STM32F4xx_HAL_Driver\Src\stm32f4xx_hal_eth.o
HAL_ETH_ErrorCallback                             Libraries\STM32F4xx_HAL_Driver\Src\stm32f4xx_hal_eth.o
HAL_ETH_GetReceivedFrame                          Libraries\STM32F4xx_HAL_Driver\Src\stm32f4xx_hal_eth.o
HAL_ETH_GetReceivedFrame_IT                       Libraries\STM32F4xx_HAL_Driver\Src\stm32f4xx_hal_eth.o
HAL_ETH_GetState                                  Libraries\STM32F4xx_HAL_Driver\Src\stm32f4xx_hal_eth.o
HAL_ETH_IRQHandler                                Libraries\STM32F4xx_HAL_Driver\Src\stm32f4xx_hal_eth.o
HAL_ETH_Init                                      Libraries\STM32F4xx_HAL_Driver\Src\stm32f4xx_hal_eth.o
HAL_ETH_MspDeInit                                 Libraries\STM32F4xx_HAL_Driver\Src\stm32f4xx_hal_eth.o
HAL_ETH_MspInit                                   Libraries\STM32F4xx_HAL_Driver\Src\stm32f4xx_hal_eth.o
HAL_ETH_ReadPHYRegister                           Libraries\STM32F4xx_HAL_Driver\Src\stm32f4xx_hal_eth.o
HAL_ETH_RxCpltCallback                            Libraries\STM32F4xx_HAL_Driver\Src\stm32f4xx_hal_eth.o
HAL_ETH_Start                                     Libraries\STM32F4xx_HAL_Driver\Src\stm32f4xx_hal_eth.o
HAL_ETH_Stop                                      Libraries\STM32F4xx_HAL_Driver\Src\stm32f4xx_hal_eth.o
HAL_ETH_TransmitFrame                             Libraries\STM32F4xx_HAL_Driver\Src\stm32f4xx_hal_eth.o
HAL_ETH_TxCpltCallback                            Libraries\STM32F4xx_HAL_Driver\Src\stm32f4xx_hal_eth.o
HAL_ETH_WritePHYRegister                          Libraries\STM32F4xx_HAL_Driver\Src\stm32f4xx_hal_eth.o
HAL_EnableCompensationCell                        Libraries\STM32F4xx_HAL_Driver\Src\stm32f4xx_hal.o
HAL_FLASHEx_Erase                                 Libraries\STM32F4xx_HAL_Driver\Src\stm32f4xx_hal_flash_ex.o
HAL_FLASHEx_Erase_IT                              Libraries\STM32F4xx_HAL_Driver\Src\stm32f4xx_hal_flash_ex.o
HAL_FLASHEx_OBGetConfig                           Libraries\STM32F4xx_HAL_Driver\Src\stm32f4xx_hal_flash_ex.o
HAL_FLASHEx_OBProgram                             Libraries\STM32F4xx_HAL_Driver\Src\stm32f4xx_hal_flash_ex.o
HAL_FLASH_EndOfOperationCallback                  Libraries\STM32F4xx_HAL_Driver\Src\stm32f4xx_hal_flash.o
HAL_FLASH_GetError                                Libraries\STM32F4xx_HAL_Driver\Src\stm32f4xx_hal_flash.o
HAL_FLASH_IRQHandler                              Libraries\STM32F4xx_HAL_Driver\Src\stm32f4xx_hal_flash.o
HAL_FLASH_Lock                                    Libraries\STM32F4xx_HAL_Driver\Src\stm32f4xx_hal_flash.o
HAL_FLASH_OB_Launch                               Libraries\STM32F4xx_HAL_Driver\Src\stm32f4xx_hal_flash.o
HAL_FLASH_OB_Lock                                 Libraries\STM32F4xx_HAL_Driver\Src\stm32f4xx_hal_flash.o
HAL_FLASH_OB_Unlock                               Libraries\STM32F4xx_HAL_Driver\Src\stm32f4xx_hal_flash.o
HAL_FLASH_OperationErrorCallback                  Libraries\STM32F4xx_HAL_Driver\Src\stm32f4xx_hal_flash.o
HAL_FLASH_Program                                 Libraries\STM32F4xx_HAL_Driver\Src\stm32f4xx_hal_flash.o
HAL_FLASH_Program_IT                              Libraries\STM32F4xx_HAL_Driver\Src\stm32f4xx_hal_flash.o
HAL_FLASH_Unlock                                  Libraries\STM32F4xx_HAL_Driver\Src\stm32f4xx_hal_flash.o
HAL_GPIO_DeInit                                   Libraries\STM32F4xx_HAL_Driver\Src\stm32f4xx_hal_gpio.o
HAL_GPIO_EXTI_Callback                            Libraries\STM32F4xx_HAL_Driver\Src\stm32f4xx_hal_gpio.o
HAL_GPIO_EXTI_IRQHandler                          Libraries\STM32F4xx_HAL_Driver\Src\stm32f4xx_hal_gpio.o
HAL_GPIO_Init                                     Libraries\STM32F4xx_HAL_Driver\Src\stm32f4xx_hal_gpio.o
                                                  Libraries\BSP\STM32F4-Discovery\stm32f4_discovery.o
                                                  Libraries\BSP\STM32F4-Discovery\stm32f4_discovery_audio.o
                                                  Libraries\STM32F4xx_HAL_Driver\Src\stm32f4xx_hal_rcc.o
HAL_GPIO_LockPin                                  Libraries\STM32F4xx_HAL_Driver\Src\stm32f4xx_hal_gpio.o
HAL_GPIO_ReadPin                                  Libraries\STM32F4xx_HAL_Driver\Src\stm32f4xx_hal_gpio.o
                                                  Libraries\BSP\STM32F4-Discovery\stm32f4_discovery.o
HAL_GPIO_TogglePin                                Libraries\STM32F4xx_HAL_Driver\Src\stm32f4xx_hal_gpio.o
                                                  Libraries\BSP\STM32F4-Discovery\stm32f4_discovery.o
HAL_GPIO_WritePin                                 Libraries\STM32F4xx_HAL_Driver\Src\stm32f4xx_hal_gpio.o
                                                  Libraries\BSP\STM32F4-Discovery\stm32f4_discovery.o
                                                  Libraries\BSP\STM32F4-Discovery\stm32f4_discovery_audio.o
HAL_GetDEVID                                      Libraries\STM32F4xx_HAL_Driver\Src\stm32f4xx_hal.o
HAL_GetHalVersion                                 Libraries\STM32F4xx_HAL_Driver\Src\stm32f4xx_hal.o
HAL_GetREVID                                      Libraries\STM32F4xx_HAL_Driver\Src\stm32f4xx_hal.o
                                                  src\main.o
HAL_GetTick                                       Libraries\STM32F4xx_HAL_Driver\Src\stm32f4xx_hal.o
                                                  Libraries\STM32F4xx_HAL_Driver\Src\stm32f4xx_hal_adc.o
                                                  Libraries\STM32F4xx_HAL_Driver\Src\stm32f4xx_hal_adc_ex.o
                                                  Libraries\STM32F4xx_HAL_Driver\Src\stm32f4xx_hal_can.o
                                                  Libraries\STM32F4xx_HAL_Driver\Src\stm32f4xx_hal_dcmi.o
                                                  Libraries\STM32F4xx_HAL_Driver\Src\stm32f4xx_hal_dma.o
                                                  Libraries\STM32F4xx_HAL_Driver\Src\stm32f4xx_hal_eth.o
                                                  Libraries\STM32F4xx_HAL_Driver\Src\stm32f4xx_hal_flash.o
                                                  Libraries\STM32F4xx_HAL_Driver\Src\stm32f4xx_hal_i2c.o
                                                  Libraries\STM32F4xx_HAL_Driver\Src\stm32f4xx_hal_i2s.o
                                                  Libraries\STM32F4xx_HAL_Driver\Src\stm32f4xx_hal_i2s_ex.o
                                                  Libraries\STM32F4xx_HAL_Driver\Src\stm32f4xx_hal_irda.o
                                                  Libraries\STM32F4xx_HAL_Driver\Src\stm32f4xx_hal_iwdg.o
                                                  Libraries\STM32F4xx_HAL_Driver\Src\stm32f4xx_hal_nand.o
                                                  Libraries\STM32F4xx_HAL_Driver\Src\stm32f4xx_hal_nor.o
                                                  Libraries\STM32F4xx_HAL_Driver\Src\stm32f4xx_hal_pwr_ex.o
                                                  Libraries\STM32F4xx_HAL_Driver\Src\stm32f4xx_hal_rcc.o
                                                  Libraries\STM32F4xx_HAL_Driver\Src\stm32f4xx_hal_rcc_ex.o
                                                  Libraries\STM32F4xx_HAL_Driver\Src\stm32f4xx_hal_rng.o
                                                  Libraries\STM32F4xx_HAL_Driver\Src\stm32f4xx_hal_rtc.o
                                                  Libraries\STM32F4xx_HAL_Driver\Src\stm32f4xx_hal_rtc_ex.o
                                                  Libraries\STM32F4xx_HAL_Driver\Src\stm32f4xx_hal_smartcard.o
                                                  Libraries\STM32F4xx_HAL_Driver\Src\stm32f4xx_hal_spi.o
                                                  Libraries\STM32F4xx_HAL_Driver\Src\stm32f4xx_hal_uart.o
                                                  Libraries\STM32F4xx_HAL_Driver\Src\stm32f4xx_hal_usart.o
                                                  Libraries\STM32F4xx_HAL_Driver\Src\stm32f4xx_ll_fsmc.o
HAL_HCD_Connect_Callback                          Libraries\STM32F4xx_HAL_Driver\Src\stm32f4xx_hal_hcd.o
HAL_HCD_DeInit                                    Libraries\STM32F4xx_HAL_Driver\Src\stm32f4xx_hal_hcd.o
HAL_HCD_Disconnect_Callback                       Libraries\STM32F4xx_HAL_Driver\Src\stm32f4xx_hal_hcd.o
HAL_HCD_GetCurrentFrame                           Libraries\STM32F4xx_HAL_Driver\Src\stm32f4xx_hal_hcd.o
HAL_HCD_GetCurrentSpeed                           Libraries\STM32F4xx_HAL_Driver\Src\stm32f4xx_hal_hcd.o
HAL_HCD_GetState                                  Libraries\STM32F4xx_HAL_Driver\Src\stm32f4xx_hal_hcd.o
HAL_HCD_HC_GetState                               Libraries\STM32F4xx_HAL_Driver\Src\stm32f4xx_hal_hcd.o
HAL_HCD_HC_GetURBState                            Libraries\STM32F4xx_HAL_Driver\Src\stm32f4xx_hal_hcd.o
HAL_HCD_HC_GetXferCount                           Libraries\STM32F4xx_HAL_Driver\Src\stm32f4xx_hal_hcd.o
HAL_HCD_HC_Halt                                   Libraries\STM32F4xx_HAL_Driver\Src\stm32f4xx_hal_hcd.o
HAL_HCD_HC_Init                                   Libraries\STM32F4xx_HAL_Driver\Src\stm32f4xx_hal_hcd.o
HAL_HCD_HC_NotifyURBChange_Callback               Libraries\STM32F4xx_HAL_Driver\Src\stm32f4xx_hal_hcd.o
HAL_HCD_HC_SubmitRequest                          Libraries\STM32F4xx_HAL_Driver\Src\stm32f4xx_hal_hcd.o
HAL_HCD_IRQHandler                                Libraries\STM32F4xx_HAL_Driver\Src\stm32f4xx_hal_hcd.o
HAL_HCD_Init                                      Libraries\STM32F4xx_HAL_Driver\Src\stm32f4xx_hal_hcd.o
HAL_HCD_MspDeInit                                 Libraries\STM32F4xx_HAL_Driver\Src\stm32f4xx_hal_hcd.o
HAL_HCD_MspInit                                   Libraries\STM32F4xx_HAL_Driver\Src\stm32f4xx_hal_hcd.o
HAL_HCD_ResetPort                                 Libraries\STM32F4xx_HAL_Driver\Src\stm32f4xx_hal_hcd.o
HAL_HCD_SOF_Callback                              Libraries\STM32F4xx_HAL_Driver\Src\stm32f4xx_hal_hcd.o
HAL_HCD_Start                                     Libraries\STM32F4xx_HAL_Driver\Src\stm32f4xx_hal_hcd.o
HAL_HCD_Stop                                      Libraries\STM32F4xx_HAL_Driver\Src\stm32f4xx_hal_hcd.o
HAL_HalfDuplex_EnableReceiver                     Libraries\STM32F4xx_HAL_Driver\Src\stm32f4xx_hal_uart.o
HAL_HalfDuplex_EnableTransmitter                  Libraries\STM32F4xx_HAL_Driver\Src\stm32f4xx_hal_uart.o
HAL_HalfDuplex_Init                               Libraries\STM32F4xx_HAL_Driver\Src\stm32f4xx_hal_uart.o
HAL_I2C_AddrCallback                              Libraries\STM32F4xx_HAL_Driver\Src\stm32f4xx_hal_i2c.o
HAL_I2C_DeInit                                    Libraries\STM32F4xx_HAL_Driver\Src\stm32f4xx_hal_i2c.o
                                                  Libraries\BSP\STM32F4-Discovery\stm32f4_discovery.o
HAL_I2C_DisableListen_IT                          Libraries\STM32F4xx_HAL_Driver\Src\stm32f4xx_hal_i2c.o
HAL_I2C_ER_IRQHandler                             Libraries\STM32F4xx_HAL_Driver\Src\stm32f4xx_hal_i2c.o
HAL_I2C_EV_IRQHandler                             Libraries\STM32F4xx_HAL_Driver\Src\stm32f4xx_hal_i2c.o
HAL_I2C_EnableListen_IT                           Libraries\STM32F4xx_HAL_Driver\Src\stm32f4xx_hal_i2c.o
HAL_I2C_ErrorCallback                             Libraries\STM32F4xx_HAL_Driver\Src\stm32f4xx_hal_i2c.o
HAL_I2C_GetError                                  Libraries\STM32F4xx_HAL_Driver\Src\stm32f4xx_hal_i2c.o
HAL_I2C_GetMode                                   Libraries\STM32F4xx_HAL_Driver\Src\stm32f4xx_hal_i2c.o
HAL_I2C_GetState                                  Libraries\STM32F4xx_HAL_Driver\Src\stm32f4xx_hal_i2c.o
                                                  Libraries\BSP\STM32F4-Discovery\stm32f4_discovery.o
HAL_I2C_Init                                      Libraries\STM32F4xx_HAL_Driver\Src\stm32f4xx_hal_i2c.o
                                                  Libraries\BSP\STM32F4-Discovery\stm32f4_discovery.o
HAL_I2C_IsDeviceReady                             Libraries\STM32F4xx_HAL_Driver\Src\stm32f4xx_hal_i2c.o
HAL_I2C_ListenCpltCallback                        Libraries\STM32F4xx_HAL_Driver\Src\stm32f4xx_hal_i2c.o
HAL_I2C_MasterRxCpltCallback                      Libraries\STM32F4xx_HAL_Driver\Src\stm32f4xx_hal_i2c.o
HAL_I2C_MasterTxCpltCallback                      Libraries\STM32F4xx_HAL_Driver\Src\stm32f4xx_hal_i2c.o
HAL_I2C_Master_Abort_IT                           Libraries\STM32F4xx_HAL_Driver\Src\stm32f4xx_hal_i2c.o
HAL_I2C_Master_Receive                            Libraries\STM32F4xx_HAL_Driver\Src\stm32f4xx_hal_i2c.o
HAL_I2C_Master_Receive_DMA                        Libraries\STM32F4xx_HAL_Driver\Src\stm32f4xx_hal_i2c.o
HAL_I2C_Master_Receive_IT                         Libraries\STM32F4xx_HAL_Driver\Src\stm32f4xx_hal_i2c.o
HAL_I2C_Master_Sequential_Receive_IT              Libraries\STM32F4xx_HAL_Driver\Src\stm32f4xx_hal_i2c.o
HAL_I2C_Master_Sequential_Transmit_IT             Libraries\STM32F4xx_HAL_Driver\Src\stm32f4xx_hal_i2c.o
HAL_I2C_Master_Transmit                           Libraries\STM32F4xx_HAL_Driver\Src\stm32f4xx_hal_i2c.o
HAL_I2C_Master_Transmit_DMA                       Libraries\STM32F4xx_HAL_Driver\Src\stm32f4xx_hal_i2c.o
HAL_I2C_Master_Transmit_IT                        Libraries\STM32F4xx_HAL_Driver\Src\stm32f4xx_hal_i2c.o
HAL_I2C_MemRxCpltCallback                         Libraries\STM32F4xx_HAL_Driver\Src\stm32f4xx_hal_i2c.o
HAL_I2C_MemTxCpltCallback                         Libraries\STM32F4xx_HAL_Driver\Src\stm32f4xx_hal_i2c.o
HAL_I2C_Mem_Read                                  Libraries\STM32F4xx_HAL_Driver\Src\stm32f4xx_hal_i2c.o
                                                  Libraries\BSP\STM32F4-Discovery\stm32f4_discovery.o
HAL_I2C_Mem_Read_DMA                              Libraries\STM32F4xx_HAL_Driver\Src\stm32f4xx_hal_i2c.o
HAL_I2C_Mem_Read_IT                               Libraries\STM32F4xx_HAL_Driver\Src\stm32f4xx_hal_i2c.o
HAL_I2C_Mem_Write                                 Libraries\STM32F4xx_HAL_Driver\Src\stm32f4xx_hal_i2c.o
                                                  Libraries\BSP\STM32F4-Discovery\stm32f4_discovery.o
HAL_I2C_Mem_Write_DMA                             Libraries\STM32F4xx_HAL_Driver\Src\stm32f4xx_hal_i2c.o
HAL_I2C_Mem_Write_IT                              Libraries\STM32F4xx_HAL_Driver\Src\stm32f4xx_hal_i2c.o
HAL_I2C_MspDeInit                                 Libraries\STM32F4xx_HAL_Driver\Src\stm32f4xx_hal_i2c.o
HAL_I2C_MspInit                                   Libraries\STM32F4xx_HAL_Driver\Src\stm32f4xx_hal_i2c.o
HAL_I2C_SlaveRxCpltCallback                       Libraries\STM32F4xx_HAL_Driver\Src\stm32f4xx_hal_i2c.o
HAL_I2C_SlaveTxCpltCallback                       Libraries\STM32F4xx_HAL_Driver\Src\stm32f4xx_hal_i2c.o
HAL_I2C_Slave_Receive                             Libraries\STM32F4xx_HAL_Driver\Src\stm32f4xx_hal_i2c.o
HAL_I2C_Slave_Receive_DMA                         Libraries\STM32F4xx_HAL_Driver\Src\stm32f4xx_hal_i2c.o
HAL_I2C_Slave_Receive_IT                          Libraries\STM32F4xx_HAL_Driver\Src\stm32f4xx_hal_i2c.o
HAL_I2C_Slave_Sequential_Receive_IT               Libraries\STM32F4xx_HAL_Driver\Src\stm32f4xx_hal_i2c.o
HAL_I2C_Slave_Sequential_Transmit_IT              Libraries\STM32F4xx_HAL_Driver\Src\stm32f4xx_hal_i2c.o
HAL_I2C_Slave_Transmit                            Libraries\STM32F4xx_HAL_Driver\Src\stm32f4xx_hal_i2c.o
HAL_I2C_Slave_Transmit_DMA                        Libraries\STM32F4xx_HAL_Driver\Src\stm32f4xx_hal_i2c.o
HAL_I2C_Slave_Transmit_IT                         Libraries\STM32F4xx_HAL_Driver\Src\stm32f4xx_hal_i2c.o
HAL_I2SEx_TransmitReceive                         Libraries\STM32F4xx_HAL_Driver\Src\stm32f4xx_hal_i2s_ex.o
HAL_I2SEx_TransmitReceive_DMA                     Libraries\STM32F4xx_HAL_Driver\Src\stm32f4xx_hal_i2s_ex.o
HAL_I2SEx_TransmitReceive_IT                      Libraries\STM32F4xx_HAL_Driver\Src\stm32f4xx_hal_i2s_ex.o
HAL_I2S_DMAPause                                  Libraries\STM32F4xx_HAL_Driver\Src\stm32f4xx_hal_i2s_ex.o
                                                  Libraries\BSP\STM32F4-Discovery\stm32f4_discovery_audio.o
HAL_I2S_DMAResume                                 Libraries\STM32F4xx_HAL_Driver\Src\stm32f4xx_hal_i2s_ex.o
                                                  Libraries\BSP\STM32F4-Discovery\stm32f4_discovery_audio.o
HAL_I2S_DMAStop                                   Libraries\STM32F4xx_HAL_Driver\Src\stm32f4xx_hal_i2s_ex.o
                                                  Libraries\BSP\STM32F4-Discovery\stm32f4_discovery_audio.o
HAL_I2S_DeInit                                    Libraries\STM32F4xx_HAL_Driver\Src\stm32f4xx_hal_i2s.o
HAL_I2S_ErrorCallback                             Libraries\BSP\STM32F4-Discovery\stm32f4_discovery_audio.o
                                                  Libraries\STM32F4xx_HAL_Driver\Src\stm32f4xx_hal_i2s.o
                                                  Libraries\STM32F4xx_HAL_Driver\Src\stm32f4xx_hal_i2s_ex.o
HAL_I2S_GetError                                  Libraries\STM32F4xx_HAL_Driver\Src\stm32f4xx_hal_i2s.o
HAL_I2S_GetState                                  Libraries\STM32F4xx_HAL_Driver\Src\stm32f4xx_hal_i2s.o
                                                  Libraries\BSP\STM32F4-Discovery\stm32f4_discovery_audio.o
HAL_I2S_IRQHandler                                Libraries\STM32F4xx_HAL_Driver\Src\stm32f4xx_hal_i2s_ex.o
HAL_I2S_Init                                      Libraries\STM32F4xx_HAL_Driver\Src\stm32f4xx_hal_i2s_ex.o
                                                  Libraries\BSP\STM32F4-Discovery\stm32f4_discovery_audio.o
HAL_I2S_MspDeInit                                 Libraries\STM32F4xx_HAL_Driver\Src\stm32f4xx_hal_i2s.o
HAL_I2S_MspInit                                   Libraries\STM32F4xx_HAL_Driver\Src\stm32f4xx_hal_i2s.o
                                                  Libraries\STM32F4xx_HAL_Driver\Src\stm32f4xx_hal_i2s_ex.o
HAL_I2S_Receive                                   Libraries\STM32F4xx_HAL_Driver\Src\stm32f4xx_hal_i2s.o
HAL_I2S_Receive_DMA                               Libraries\STM32F4xx_HAL_Driver\Src\stm32f4xx_hal_i2s.o
                                                  Libraries\BSP\STM32F4-Discovery\stm32f4_discovery_audio.o
HAL_I2S_Receive_IT                                Libraries\STM32F4xx_HAL_Driver\Src\stm32f4xx_hal_i2s.o
HAL_I2S_RxCpltCallback                            Libraries\BSP\STM32F4-Discovery\stm32f4_discovery_audio.o
                                                  Libraries\STM32F4xx_HAL_Driver\Src\stm32f4xx_hal_i2s.o
                                                  Libraries\STM32F4xx_HAL_Driver\Src\stm32f4xx_hal_i2s_ex.o
HAL_I2S_RxHalfCpltCallback                        Libraries\BSP\STM32F4-Discovery\stm32f4_discovery_audio.o
                                                  Libraries\STM32F4xx_HAL_Driver\Src\stm32f4xx_hal_i2s.o
HAL_I2S_Transmit                                  Libraries\STM32F4xx_HAL_Driver\Src\stm32f4xx_hal_i2s.o
HAL_I2S_Transmit_DMA                              Libraries\STM32F4xx_HAL_Driver\Src\stm32f4xx_hal_i2s.o
                                                  Libraries\BSP\STM32F4-Discovery\stm32f4_discovery_audio.o
HAL_I2S_Transmit_IT                               Libraries\STM32F4xx_HAL_Driver\Src\stm32f4xx_hal_i2s.o
HAL_I2S_TxCpltCallback                            Libraries\BSP\STM32F4-Discovery\stm32f4_discovery_audio.o
                                                  Libraries\STM32F4xx_HAL_Driver\Src\stm32f4xx_hal_i2s.o
                                                  Libraries\STM32F4xx_HAL_Driver\Src\stm32f4xx_hal_i2s_ex.o
HAL_I2S_TxHalfCpltCallback                        Libraries\BSP\STM32F4-Discovery\stm32f4_discovery_audio.o
                                                  Libraries\STM32F4xx_HAL_Driver\Src\stm32f4xx_hal_i2s.o
HAL_IRDA_DMAPause                                 Libraries\STM32F4xx_HAL_Driver\Src\stm32f4xx_hal_irda.o
HAL_IRDA_DMAResume                                Libraries\STM32F4xx_HAL_Driver\Src\stm32f4xx_hal_irda.o
HAL_IRDA_DMAStop                                  Libraries\STM32F4xx_HAL_Driver\Src\stm32f4xx_hal_irda.o
HAL_IRDA_DeInit                                   Libraries\STM32F4xx_HAL_Driver\Src\stm32f4xx_hal_irda.o